Archive member included because of file (symbol)

/usr/bin/../lib/gcc/arm-none-eabi/4.9.3/armv6-m/libgcc.a(_divsi3.o)
                              src/slave/main.o (__aeabi_idivmod)
/usr/bin/../lib/gcc/arm-none-eabi/4.9.3/armv6-m/libgcc.a(_dvmd_tls.o)
                              /usr/bin/../lib/gcc/arm-none-eabi/4.9.3/armv6-m/libgcc.a(_divsi3.o) (__aeabi_idiv0)
/usr/bin/../lib/gcc/arm-none-eabi/4.9.3/armv6-m/libgcc.a(divsf3.o)
                              src/pm.o (__aeabi_fdiv)
/usr/bin/../lib/gcc/arm-none-eabi/4.9.3/armv6-m/libgcc.a(mulsf3.o)
                              src/pm.o (__aeabi_fmul)
/usr/bin/../lib/gcc/arm-none-eabi/4.9.3/armv6-m/libgcc.a(floatsisf.o)
                              src/pm.o (__aeabi_i2f)
/usr/bin/../lib/gcc/arm-none-eabi/4.9.3/armv6-m/libgcc.a(_clzsi2.o)
                              /usr/bin/../lib/gcc/arm-none-eabi/4.9.3/armv6-m/libgcc.a(divsf3.o) (__clzsi2)
/usr/bin/../lib/gcc/arm-none-eabi/4.9.3/../../../../arm-none-eabi/lib/armv6-m/libc_nano.a(lib_a-bzero.o)
                              src/slave/main.o (bzero)
/usr/bin/../lib/gcc/arm-none-eabi/4.9.3/../../../../arm-none-eabi/lib/armv6-m/libc_nano.a(lib_a-errno.o)
                              src/ow.o (__errno)
/usr/bin/../lib/gcc/arm-none-eabi/4.9.3/../../../../arm-none-eabi/lib/armv6-m/libc_nano.a(lib_a-exit.o)
                              /usr/bin/../lib/gcc/arm-none-eabi/4.9.3/../../../../arm-none-eabi/lib/armv6-m/crt0.o (exit)
/usr/bin/../lib/gcc/arm-none-eabi/4.9.3/../../../../arm-none-eabi/lib/armv6-m/libc_nano.a(lib_a-impure.o)
                              /usr/bin/../lib/gcc/arm-none-eabi/4.9.3/../../../../arm-none-eabi/lib/armv6-m/libc_nano.a(lib_a-exit.o) (_global_impure_ptr)
/usr/bin/../lib/gcc/arm-none-eabi/4.9.3/../../../../arm-none-eabi/lib/armv6-m/libc_nano.a(lib_a-init.o)
                              /usr/bin/../lib/gcc/arm-none-eabi/4.9.3/../../../../arm-none-eabi/lib/armv6-m/crt0.o (__libc_init_array)
/usr/bin/../lib/gcc/arm-none-eabi/4.9.3/../../../../arm-none-eabi/lib/armv6-m/libc_nano.a(lib_a-memcmp.o)
                              src/ds2431.o (memcmp)
/usr/bin/../lib/gcc/arm-none-eabi/4.9.3/../../../../arm-none-eabi/lib/armv6-m/libc_nano.a(lib_a-memcpy.o)
                              src/ble/ble.o (memcpy)
/usr/bin/../lib/gcc/arm-none-eabi/4.9.3/../../../../arm-none-eabi/lib/armv6-m/libc_nano.a(lib_a-memset.o)
                              /usr/bin/../lib/gcc/arm-none-eabi/4.9.3/../../../../arm-none-eabi/lib/armv6-m/crt0.o (memset)
/usr/bin/../lib/gcc/arm-none-eabi/4.9.3/../../../../arm-none-eabi/lib/armv6-m/libc_nano.a(lib_a-printf.o)
                              src/ds28e05.o (printf)
/usr/bin/../lib/gcc/arm-none-eabi/4.9.3/../../../../arm-none-eabi/lib/armv6-m/libc_nano.a(lib_a-rand.o)
                              src/slave/main.o (rand)
/usr/bin/../lib/gcc/arm-none-eabi/4.9.3/../../../../arm-none-eabi/lib/armv6-m/libc_nano.a(lib_a-strlen.o)
                              nrf51_sdk/nrf51822/Source/ble/ble_services/ble_srv_common.o (strlen)
/usr/bin/../lib/gcc/arm-none-eabi/4.9.3/../../../../arm-none-eabi/lib/armv6-m/libc_nano.a(lib_a-findfp.o)
                              /usr/bin/../lib/gcc/arm-none-eabi/4.9.3/../../../../arm-none-eabi/lib/armv6-m/libc_nano.a(lib_a-printf.o) (__sinit)
/usr/bin/../lib/gcc/arm-none-eabi/4.9.3/../../../../arm-none-eabi/lib/armv6-m/libc_nano.a(lib_a-fwalk.o)
                              /usr/bin/../lib/gcc/arm-none-eabi/4.9.3/../../../../arm-none-eabi/lib/armv6-m/libc_nano.a(lib_a-findfp.o) (_fwalk)
/usr/bin/../lib/gcc/arm-none-eabi/4.9.3/../../../../arm-none-eabi/lib/armv6-m/libc_nano.a(lib_a-malloc.o)
                              /usr/bin/../lib/gcc/arm-none-eabi/4.9.3/../../../../arm-none-eabi/lib/armv6-m/libc_nano.a(lib_a-rand.o) (malloc)
/usr/bin/../lib/gcc/arm-none-eabi/4.9.3/../../../../arm-none-eabi/lib/armv6-m/libc_nano.a(lib_a-nano-freer.o)
                              /usr/bin/../lib/gcc/arm-none-eabi/4.9.3/../../../../arm-none-eabi/lib/armv6-m/libc_nano.a(lib_a-malloc.o) (_free_r)
/usr/bin/../lib/gcc/arm-none-eabi/4.9.3/../../../../arm-none-eabi/lib/armv6-m/libc_nano.a(lib_a-nano-mallocr.o)
                              /usr/bin/../lib/gcc/arm-none-eabi/4.9.3/../../../../arm-none-eabi/lib/armv6-m/libc_nano.a(lib_a-findfp.o) (_malloc_r)
/usr/bin/../lib/gcc/arm-none-eabi/4.9.3/../../../../arm-none-eabi/lib/armv6-m/libc_nano.a(lib_a-nano-vfprintf.o)
                              /usr/bin/../lib/gcc/arm-none-eabi/4.9.3/../../../../arm-none-eabi/lib/armv6-m/libc_nano.a(lib_a-printf.o) (_vfprintf_r)
/usr/bin/../lib/gcc/arm-none-eabi/4.9.3/../../../../arm-none-eabi/lib/armv6-m/libc_nano.a(lib_a-nano-vfprintf_i.o)
                              /usr/bin/../lib/gcc/arm-none-eabi/4.9.3/../../../../arm-none-eabi/lib/armv6-m/libc_nano.a(lib_a-nano-vfprintf.o) (_printf_i)
/usr/bin/../lib/gcc/arm-none-eabi/4.9.3/../../../../arm-none-eabi/lib/armv6-m/libc_nano.a(lib_a-sbrkr.o)
[...]
Memory Configuration

Name             Origin             Length             Attributes
FLASH            0x00016000         0x0002a000         xr
RAM              0x20002000         0x00002000         xrw
*default*        0x00000000         0xffffffff

Linker script and memory map

LOAD /usr/bin/../lib/gcc/arm-none-eabi/4.9.3/armv6-m/crti.o
LOAD /usr/bin/../lib/gcc/arm-none-eabi/4.9.3/armv6-m/crtbegin.o
LOAD /usr/bin/../lib/gcc/arm-none-eabi/4.9.3/../../../../arm-none-eabi/lib/armv6-m/crt0.o
LOAD src/ble/ble.o
LOAD src/ble/ble_crazyflies.o
LOAD src/ble/timeslot.o
LOAD nrf51_sdk/nrf51822/Source/ble/ble_advdata.o
LOAD nrf51_sdk/nrf51822/Source/ble/ble_conn_params.o
LOAD nrf51_sdk/nrf51822/Source/ble/ble_services/ble_srv_common.o
LOAD nrf51_sdk/nrf51822/Source/ble/ble_services/ble_dis.o
LOAD nrf51_sdk/nrf51822/Source/sd_common/softdevice_handler.o
LOAD nrf51_sdk/nrf51822/Source/app_common/app_timer.o
LOAD src/slave/main.o
LOAD src/slave/esb.o
LOAD gcc_startup_nrf51.o
LOAD system_nrf51.o
LOAD src/uart.o
LOAD src/syslink.o
LOAD src/pm.o
LOAD src/systick.o
LOAD src/button.o
LOAD src/swd.o
LOAD src/ow.o
LOAD src/ow/owlnk.o
LOAD src/ow/ownet.o
LOAD src/ow/owtran.o
LOAD src/ow/crcutil.o
LOAD src/ds2431.o
LOAD src/ds28e05.o
LOAD src/memory.o
START GROUP
LOAD /usr/bin/../lib/gcc/arm-none-eabi/4.9.3/armv6-m/libgcc.a
LOAD /usr/bin/../lib/gcc/arm-none-eabi/4.9.3/../../../../arm-none-eabi/lib/armv6-m/libc_nano.a
END GROUP
START GROUP
LOAD /usr/bin/../lib/gcc/arm-none-eabi/4.9.3/armv6-m/libgcc.a
LOAD /usr/bin/../lib/gcc/arm-none-eabi/4.9.3/../../../../arm-none-eabi/lib/armv6-m/libc_nano.a
END GROUP
LOAD /usr/bin/../lib/gcc/arm-none-eabi/4.9.3/armv6-m/crtend.o
LOAD /usr/bin/../lib/gcc/arm-none-eabi/4.9.3/armv6-m/crtn.o
START GROUP
LOAD /usr/bin/../lib/gcc/arm-none-eabi/4.9.3/armv6-m/libgcc.a
LOAD /usr/bin/../lib/gcc/arm-none-eabi/4.9.3/../../../../arm-none-eabi/lib/armv6-m/libc.a
LOAD /usr/bin/../lib/gcc/arm-none-eabi/4.9.3/../../../../arm-none-eabi/lib/armv6-m/libnosys.a
END GROUP

.text           0x00016000     0xb654
 *(.Vectors)
 .Vectors       0x00016000       0xc0 gcc_startup_nrf51.o
                0x00016000                __Vectors
 *(.text*)
 .text          0x000160c0        0x0 /usr/bin/../lib/gcc/arm-none-eabi/4.9.3/armv6-m/crti.o
 .text          0x000160c0       0x60 /usr/bin/../lib/gcc/arm-none-eabi/4.9.3/armv6-m/crtbegin.o
 .text          0x00016120       0x78 /usr/bin/../lib/gcc/arm-none-eabi/4.9.3/../../../../arm-none-eabi/lib/armv6-m/crt0.o
                0x00016120                _mainCRTStartup
                0x00016120                _start
 .text          0x00016198      0x9bc src/ble/ble.o
                0x0001651c                app_error_handler
                0x00016530                assert_nrf_callback
                0x000169ac                advertising_start
                0x000169ec                ble_advertising_stop
                0x00016aec                ble_init
 .text          0x00016b54      0x7a0 src/ble/ble_crazyflies.o
                0x00016d04                ble_crazyflies_on_ble_evt
                0x00016ea8                ble_crazyflies_init
                0x000170ec                bleCrazyfliesIsPacketReceived
                0x00017100                bleCrazyfliesGetRxPacket
                0x00017110                bleCrazyfliesReleaseRxPacket
                0x00017128                bleCrazyfliesSendPacket
 .text          0x000172f4      0x2d4 src/ble/timeslot.o
                0x00017580                timeslot_sd_evt_signal
                0x000175a8                timeslot_start
 .text          0x000175c8      0xca8 nrf51_sdk/nrf51822/Source/ble/ble_advdata.o
                0x000181a4                ble_advdata_set
 .text          0x00018270      0x6b0 nrf51_sdk/nrf51822/Source/ble/ble_conn_params.o
                0x00018570                ble_conn_params_init
                0x0001861c                ble_conn_params_stop
                0x00018828                ble_conn_params_on_ble_evt
                0x00018878                ble_conn_params_change_conn_params
 .text          0x00018920      0x158 nrf51_sdk/nrf51822/Source/ble/ble_services/ble_srv_common.o
                0x000189c8                ble_srv_report_ref_encode
                0x00018a50                ble_srv_ascii_to_utf8
 .text          0x00018a78      0x7f8 nrf51_sdk/nrf51822/Source/ble/ble_services/ble_dis.o
                0x00019004                ble_dis_init
 .text          0x00019270      0x610 nrf51_sdk/nrf51822/Source/sd_common/softdevice_handler.o
                0x000195f4                softdevice_assertion_handler
                0x0001961c                intern_softdevice_events_execute
                0x00019730                softdevice_handler_init
                0x000197bc                softdevice_handler_sd_disable
                0x000197e4                softdevice_ble_evt_handler_set
                0x0001980c                softdevice_sys_evt_handler_set
                0x00019834                SWI2_IRQHandler
 .text          0x00019880     0x13e0 nrf51_sdk/nrf51822/Source/app_common/app_timer.o
                0x0001a844                RTC1_IRQHandler
                0x0001a890                SWI0_IRQHandler
                0x0001a89c                app_timer_init
                0x0001aa18                app_timer_create
                0x0001ab08                app_timer_start
                0x0001ab94                app_timer_stop
                0x0001abf4                app_timer_stop_all
                0x0001ac1c                app_timer_cnt_get
                0x0001ac38                app_timer_cnt_diff_compute
 .text          0x0001ac60      0xa98 src/slave/main.o
                0x0001afa8                main
 .text          0x0001b6f8      0xb84 src/slave/esb.o
                0x0001bcbc                RADIO_IRQHandler
                0x0001bcc8                esbInterruptHandler
                0x0001be30                esbInit
                0x0001c028                esbReset
                0x0001c064                esbDeinit
                0x0001c098                esbIsRxPacket
                0x0001c0bc                esbGetRxPacket
                0x0001c0f4                esbReleaseRxPacket
                0x0001c120                esbCanTxPacket
                0x0001c15c                esbGetTxPacket
                0x0001c194                esbSendTxPacket
                0x0001c1c0                esbSetDatarate
                0x0001c1e4                esbSetContwave
                0x0001c218                esbSetChannel
                0x0001c23c                esbSetTxPower
                0x0001c258                esbSetAddress
 .text          0x0001c27c       0x48 gcc_startup_nrf51.o
                0x0001c27c                Reset_Handler
                0x0001c2b8                NMI_Handler
                0x0001c2ba                HardFault_Handler
                0x0001c2bc                SVC_Handler
                0x0001c2be                PendSV_Handler
                0x0001c2c0                SysTick_Handler
                0x0001c2c2                SPI0_TWI0_IRQHandler
                0x0001c2c2                RTC0_IRQHandler
                0x0001c2c2                GPIOTE_IRQHandler
                0x0001c2c2                POWER_CLOCK_IRQHandler
                0x0001c2c2                LPCOMP_IRQHandler
                0x0001c2c2                SWI4_IRQHandler
                0x0001c2c2                TEMP_IRQHandler
                0x0001c2c2                QDEC_IRQHandler
                0x0001c2c2                SWI5_IRQHandler
                0x0001c2c2                TIMER0_IRQHandler
                0x0001c2c2                ECB_IRQHandler
                0x0001c2c2                Default_Handler
                0x0001c2c2                ADC_IRQHandler
                0x0001c2c2                SWI3_IRQHandler
                0x0001c2c2                CCM_AAR_IRQHandler
                0x0001c2c2                WDT_IRQHandler
                0x0001c2c2                RNG_IRQHandler
                0x0001c2c2                SPI1_TWI1_IRQHandler
                0x0001c2c2                SWI1_IRQHandler
 .text          0x0001c2c4      0x124 system_nrf51.o
                0x0001c2c4                SystemCoreClockUpdate
                0x0001c2dc                SystemInit
 .text          0x0001c3e8      0x478 src/uart.o
                0x0001c514                UART0_IRQHandler
                0x0001c5a0                uartInit
                0x0001c6b8                uartDeinit
                0x0001c6f4                uartPuts
                0x0001c730                uartSend
                0x0001c770                uartPutc
                0x0001c7c0                uartIsDataReceived
                0x0001c7f8                uartGetc
 .text          0x0001c860      0x2d4 src/syslink.o
                0x0001c860                syslinkReceive
                0x0001ca3c                syslinkSend
 .text          0x0001cb34      0x6a4 src/pm.o
                0x0001cd80                pmInit
                0x0001cdbc                pmUSBPower
                0x0001cdd4                pmIsCharging
                0x0001cfd4                pmSetState
                0x0001cff4                pmGetState
                0x0001d008                pmGetVBAT
                0x0001d01c                pmGetISET
                0x0001d030                pmSysBootloader
                0x0001d050                pmProcess
 .text          0x0001d1d8      0x18c src/systick.o
                0x0001d2d8                TIMER2_IRQHandler
                0x0001d2fc                systickInit
                0x0001d350                systickGetTick
 .text          0x0001d364      0x134 src/button.o
                0x0001d390                buttonInit
                0x0001d3d0                buttonProcess
                0x0001d474                buttonGetState
 .text          0x0001d498      0x31c src/swd.o
                0x0001d4e4                swdInit
                0x0001d554                swdTest
 .text          0x0001d7b4      0x1a4 src/ow.o
                0x0001d8d4                owInit
                0x0001d940                owRaiseError
 .text          0x0001d958      0x2ac src/ow/owlnk.o
                0x0001d958                TIMER1_IRQHandler
                0x0001da00                owTouchReset
                0x0001da7c                owTouchBit
                0x0001daec                owTouchByte
                0x0001db40                owWriteByte
                0x0001db6c                owReadByte
                0x0001db88                owSpeed
                0x0001db9c                owLevel
                0x0001dbb0                owProgramPulse
                0x0001dbc4                msDelay
                0x0001dbec                msGettick
 .text          0x0001dc04      0x9a0 src/ow/ownet.o
                0x0001dc04                owFirst
                0x0001dc54                owNext
                0x0001df88                owSerialNum
                0x0001e024                owFamilySearchSetup
                0x0001e094                owSkipFamily
                0x0001e0e0                owAccess
                0x0001e1d0                owVerify
                0x0001e3d0                owOverdriveAccess
                0x0001e4fc                bitacc
 .text          0x0001e5a4      0x290 src/ow/owtran.o
                0x0001e5a4                owBlock
                0x0001e634                owProgramByte
 .text          0x0001e834      0x1ac src/ow/crcutil.o
                0x0001e834                setcrc16
                0x0001e860                setcrc8
                0x0001e888                docrc16
                0x0001e994                docrc8
 .text          0x0001e9e0      0x384 src/ds2431.o
                0x0001e9e0                ds2431ReadScratchpad
                0x0001eabc                ds2431WriteScratchpad
                0x0001eb2c                ds2431ReadMemory
                0x0001eba8                ds2431CopyScratchpad
                0x0001ec34                ds2431WriteMemory
 .text          0x0001ed64      0x468 src/ds28e05.o
                0x0001ed64                ds28e05ReadMemory
                0x0001edec                ds28e05WriteMemory
 .text          0x0001f1cc      0x234 src/memory.o
                0x0001f220                owScan
                0x0001f288                memoryInit
                0x0001f2b4                memorySyslink
 .text          0x0001f400      0x1e0 /usr/bin/../lib/gcc/arm-none-eabi/4.9.3/armv6-m/libgcc.a(_divsi3.o)
                0x0001f400                __aeabi_idiv
                0x0001f400                __divsi3
                0x0001f5cc                __aeabi_idivmod
 .text          0x0001f5e0        0x4 /usr/bin/../lib/gcc/arm-none-eabi/4.9.3/armv6-m/libgcc.a(_dvmd_tls.o)
                0x0001f5e0                __aeabi_ldiv0
                0x0001f5e0                __aeabi_idiv0
 .text          0x0001f5e4      0x270 /usr/bin/../lib/gcc/arm-none-eabi/4.9.3/armv6-m/libgcc.a(divsf3.o)
                0x0001f5e4                __aeabi_fdiv
 .text          0x0001f854      0x264 /usr/bin/../lib/gcc/arm-none-eabi/4.9.3/armv6-m/libgcc.a(mulsf3.o)
                0x0001f854                __aeabi_fmul
 .text          0x0001fab8       0x90 /usr/bin/../lib/gcc/arm-none-eabi/4.9.3/armv6-m/libgcc.a(floatsisf.o)
                0x0001fab8                __aeabi_i2f
 .text          0x0001fb48       0x3c /usr/bin/../lib/gcc/arm-none-eabi/4.9.3/armv6-m/libgcc.a(_clzsi2.o)
                0x0001fb48                __clzsi2
 .text          0x0001fb84        0x0 /usr/bin/../lib/gcc/arm-none-eabi/4.9.3/../../../../arm-none-eabi/lib/armv6-m/libc_nano.a(lib_a-bzero.o)
 .text.bzero    0x0001fb84       0x10 /usr/bin/../lib/gcc/arm-none-eabi/4.9.3/../../../../arm-none-eabi/lib/armv6-m/libc_nano.a(lib_a-bzero.o)
                0x0001fb84                bzero
 .text          0x0001fb94        0x0 /usr/bin/../lib/gcc/arm-none-eabi/4.9.3/../../../../arm-none-eabi/lib/armv6-m/libc_nano.a(lib_a-errno.o)
 .text.__errno  0x0001fb94        0xc /usr/bin/../lib/gcc/arm-none-eabi/4.9.3/../../../../arm-none-eabi/lib/armv6-m/libc_nano.a(lib_a-errno.o)
                0x0001fb94                __errno
 .text          0x0001fba0        0x0 /usr/bin/../lib/gcc/arm-none-eabi/4.9.3/../../../../arm-none-eabi/lib/armv6-m/libc_nano.a(lib_a-exit.o)
 .text.exit     0x0001fba0       0x2c /usr/bin/../lib/gcc/arm-none-eabi/4.9.3/../../../../arm-none-eabi/lib/armv6-m/libc_nano.a(lib_a-exit.o)
                0x0001fba0                exit
 .text          0x0001fbcc        0x0 /usr/bin/../lib/gcc/arm-none-eabi/4.9.3/../../../../arm-none-eabi/lib/armv6-m/libc_nano.a(lib_a-impure.o)
 .text          0x0001fbcc        0x0 /usr/bin/../lib/gcc/arm-none-eabi/4.9.3/../../../../arm-none-eabi/lib/armv6-m/libc_nano.a(lib_a-init.o)
 .text.__libc_init_array
                0x0001fbcc       0x4c /usr/bin/../lib/gcc/arm-none-eabi/4.9.3/../../../../arm-none-eabi/lib/armv6-m/libc_nano.a(lib_a-init.o)
                0x0001fbcc                __libc_init_array
 .text          0x0001fc18        0x0 /usr/bin/../lib/gcc/arm-none-eabi/4.9.3/../../../../arm-none-eabi/lib/armv6-m/libc_nano.a(lib_a-memcmp.o)
 .text.memcmp   0x0001fc18       0x1e /usr/bin/../lib/gcc/arm-none-eabi/4.9.3/../../../../arm-none-eabi/lib/armv6-m/libc_nano.a(lib_a-memcmp.o)
                0x0001fc18                memcmp
 .text          0x0001fc36        0x0 /usr/bin/../lib/gcc/arm-none-eabi/4.9.3/../../../../arm-none-eabi/lib/armv6-m/libc_nano.a(lib_a-memcpy.o)
 .text.memcpy   0x0001fc36       0x12 /usr/bin/../lib/gcc/arm-none-eabi/4.9.3/../../../../arm-none-eabi/lib/armv6-m/libc_nano.a(lib_a-memcpy.o)
                0x0001fc36                memcpy
 .text          0x0001fc48        0x0 /usr/bin/../lib/gcc/arm-none-eabi/4.9.3/../../../../arm-none-eabi/lib/armv6-m/libc_nano.a(lib_a-memset.o)
 .text.memset   0x0001fc48       0x10 /usr/bin/../lib/gcc/arm-none-eabi/4.9.3/../../../../arm-none-eabi/lib/armv6-m/libc_nano.a(lib_a-memset.o)
                0x0001fc48                memset
 .text          0x0001fc58        0x0 /usr/bin/../lib/gcc/arm-none-eabi/4.9.3/../../../../arm-none-eabi/lib/armv6-m/libc_nano.a(lib_a-printf.o)
 .text._printf_r
                0x0001fc58       0x28 /usr/bin/../lib/gcc/arm-none-eabi/4.9.3/../../../../arm-none-eabi/lib/armv6-m/libc_nano.a(lib_a-printf.o)
                0x0001fc58                _printf_r
                0x0001fc58                _iprintf_r
 .text.printf   0x0001fc80       0x34 /usr/bin/../lib/gcc/arm-none-eabi/4.9.3/../../../../arm-none-eabi/lib/armv6-m/libc_nano.a(lib_a-printf.o)
                0x0001fc80                printf
                0x0001fc80                iprintf
 .text          0x0001fcb4        0x0 /usr/bin/../lib/gcc/arm-none-eabi/4.9.3/../../../../arm-none-eabi/lib/armv6-m/libc_nano.a(lib_a-rand.o)
 .text.srand    0x0001fcb4       0x5c /usr/bin/../lib/gcc/arm-none-eabi/4.9.3/../../../../arm-none-eabi/lib/armv6-m/libc_nano.a(lib_a-rand.o)
                0x0001fcb4                srand
 .text.rand     0x0001fd10       0x78 /usr/bin/../lib/gcc/arm-none-eabi/4.9.3/../../../../arm-none-eabi/lib/armv6-m/libc_nano.a(lib_a-rand.o)
                0x0001fd10                rand
 .text          0x0001fd88        0x0 /usr/bin/../lib/gcc/arm-none-eabi/4.9.3/../../../../arm-none-eabi/lib/armv6-m/libc_nano.a(lib_a-strlen.o)
 .text.strlen   0x0001fd88        0xe /usr/bin/../lib/gcc/arm-none-eabi/4.9.3/../../../../arm-none-eabi/lib/armv6-m/libc_nano.a(lib_a-strlen.o)
                0x0001fd88                strlen
 .text          0x0001fd96        0x0 /usr/bin/../lib/gcc/arm-none-eabi/4.9.3/../../../../arm-none-eabi/lib/armv6-m/libc_nano.a(lib_a-findfp.o)
 .text.__fp_lock
                0x0001fd96        0x4 /usr/bin/../lib/gcc/arm-none-eabi/4.9.3/../../../../arm-none-eabi/lib/armv6-m/libc_nano.a(lib_a-findfp.o)
 .text.__fp_unlock
                0x0001fd9a        0x4 /usr/bin/../lib/gcc/arm-none-eabi/4.9.3/../../../../arm-none-eabi/lib/armv6-m/libc_nano.a(lib_a-findfp.o)
 *fill*         0x0001fd9e        0x2 
 .text._cleanup_r
                0x0001fda0       0x10 /usr/bin/../lib/gcc/arm-none-eabi/4.9.3/../../../../arm-none-eabi/lib/armv6-m/libc_nano.a(lib_a-findfp.o)
                0x0001fda0                _cleanup_r
 .text.std.isra.0
                0x0001fdb0       0x48 /usr/bin/../lib/gcc/arm-none-eabi/4.9.3/../../../../arm-none-eabi/lib/armv6-m/libc_nano.a(lib_a-findfp.o)
 .text.__sfmoreglue
                0x0001fdf8       0x2c /usr/bin/../lib/gcc/arm-none-eabi/4.9.3/../../../../arm-none-eabi/lib/armv6-m/libc_nano.a(lib_a-findfp.o)
                0x0001fdf8                __sfmoreglue
 .text._cleanup
                0x0001fe24       0x10 /usr/bin/../lib/gcc/arm-none-eabi/4.9.3/../../../../arm-none-eabi/lib/armv6-m/libc_nano.a(lib_a-findfp.o)
                0x0001fe24                _cleanup
 .text.__sinit  0x0001fe34       0x64 /usr/bin/../lib/gcc/arm-none-eabi/4.9.3/../../../../arm-none-eabi/lib/armv6-m/libc_nano.a(lib_a-findfp.o)
                0x0001fe34                __sinit
 .text.__sfp    0x0001fe98       0x7c /usr/bin/../lib/gcc/arm-none-eabi/4.9.3/../../../../arm-none-eabi/lib/armv6-m/libc_nano.a(lib_a-findfp.o)
                0x0001fe98                __sfp
 .text.__sfp_lock_acquire
                0x0001ff14        0x2 /usr/bin/../lib/gcc/arm-none-eabi/4.9.3/../../../../arm-none-eabi/lib/armv6-m/libc_nano.a(lib_a-findfp.o)
                0x0001ff14                __sfp_lock_acquire
 .text.__sfp_lock_release
                0x0001ff16        0x2 /usr/bin/../lib/gcc/arm-none-eabi/4.9.3/../../../../arm-none-eabi/lib/armv6-m/libc_nano.a(lib_a-findfp.o)
                0x0001ff16                __sfp_lock_release
 .text.__sinit_lock_acquire
                0x0001ff18        0x2 /usr/bin/../lib/gcc/arm-none-eabi/4.9.3/../../../../arm-none-eabi/lib/armv6-m/libc_nano.a(lib_a-findfp.o)
                0x0001ff18                __sinit_lock_acquire
 .text.__sinit_lock_release
                0x0001ff1a        0x2 /usr/bin/../lib/gcc/arm-none-eabi/4.9.3/../../../../arm-none-eabi/lib/armv6-m/libc_nano.a(lib_a-findfp.o)
                0x0001ff1a                __sinit_lock_release
 .text.__fp_lock_all
                0x0001ff1c       0x18 /usr/bin/../lib/gcc/arm-none-eabi/4.9.3/../../../../arm-none-eabi/lib/armv6-m/libc_nano.a(lib_a-findfp.o)
                0x0001ff1c                __fp_lock_all
 .text.__fp_unlock_all
                0x0001ff34       0x18 /usr/bin/../lib/gcc/arm-none-eabi/4.9.3/../../../../arm-none-eabi/lib/armv6-m/libc_nano.a(lib_a-findfp.o)
                0x0001ff34                __fp_unlock_all
 .text          0x0001ff4c        0x0 /usr/bin/../lib/gcc/arm-none-eabi/4.9.3/../../../../arm-none-eabi/lib/armv6-m/libc_nano.a(lib_a-fwalk.o)
 .text._fwalk   0x0001ff4c       0x38 /usr/bin/../lib/gcc/arm-none-eabi/4.9.3/../../../../arm-none-eabi/lib/armv6-m/libc_nano.a(lib_a-fwalk.o)
                0x0001ff4c                _fwalk
 .text._fwalk_reent
                0x0001ff84       0x42 /usr/bin/../lib/gcc/arm-none-eabi/4.9.3/../../../../arm-none-eabi/lib/armv6-m/libc_nano.a(lib_a-fwalk.o)
                0x0001ff84                _fwalk_reent
 .text          0x0001ffc6        0x0 /usr/bin/../lib/gcc/arm-none-eabi/4.9.3/../../../../arm-none-eabi/lib/armv6-m/libc_nano.a(lib_a-malloc.o)
 *fill*         0x0001ffc6        0x2 
 .text.malloc   0x0001ffc8       0x14 /usr/bin/../lib/gcc/arm-none-eabi/4.9.3/../../../../arm-none-eabi/lib/armv6-m/libc_nano.a(lib_a-malloc.o)
                0x0001ffc8                malloc
 .text.free     0x0001ffdc       0x14 /usr/bin/../lib/gcc/arm-none-eabi/4.9.3/../../../../arm-none-eabi/lib/armv6-m/libc_nano.a(lib_a-malloc.o)
                0x0001ffdc                free
 .text          0x0001fff0        0x0 /usr/bin/../lib/gcc/arm-none-eabi/4.9.3/../../../../arm-none-eabi/lib/armv6-m/libc_nano.a(lib_a-nano-freer.o)
 .text._free_r  0x0001fff0       0x8c /usr/bin/../lib/gcc/arm-none-eabi/4.9.3/../../../../arm-none-eabi/lib/armv6-m/libc_nano.a(lib_a-nano-freer.o)
                0x0001fff0                _free_r
 .text          0x0002007c        0x0 /usr/bin/../lib/gcc/arm-none-eabi/4.9.3/../../../../arm-none-eabi/lib/armv6-m/libc_nano.a(lib_a-nano-mallocr.o)
 .text._malloc_r
                0x0002007c       0xb0 /usr/bin/../lib/gcc/arm-none-eabi/4.9.3/../../../../arm-none-eabi/lib/armv6-m/libc_nano.a(lib_a-nano-mallocr.o)
                0x0002007c                _malloc_r
 .text          0x0002012c        0x0 /usr/bin/../lib/gcc/arm-none-eabi/4.9.3/../../../../arm-none-eabi/lib/armv6-m/libc_nano.a(lib_a-nano-vfprintf.o)
 .text.__sfputc_r
                0x0002012c       0x2a /usr/bin/../lib/gcc/arm-none-eabi/4.9.3/../../../../arm-none-eabi/lib/armv6-m/libc_nano.a(lib_a-nano-vfprintf.o)
 .text.__sfputs_r
                0x00020156       0x24 /usr/bin/../lib/gcc/arm-none-eabi/4.9.3/../../../../arm-none-eabi/lib/armv6-m/libc_nano.a(lib_a-nano-vfprintf.o)
                0x00020156                __sfputs_r
 .text.__sprint_r
                0x0002017a       0x1c /usr/bin/../lib/gcc/arm-none-eabi/4.9.3/../../../../arm-none-eabi/lib/armv6-m/libc_nano.a(lib_a-nano-vfprintf.o)
                0x0002017a                __sprint_r
 *fill*         0x00020196        0x2 
 .text._vfprintf_r
                0x00020198      0x220 /usr/bin/../lib/gcc/arm-none-eabi/4.9.3/../../../../arm-none-eabi/lib/armv6-m/libc_nano.a(lib_a-nano-vfprintf.o)
                0x00020198                _vfiprintf_r
                0x00020198                _vfprintf_r
 .text.vfprintf
                0x000203b8       0x1c /usr/bin/../lib/gcc/arm-none-eabi/4.9.3/../../../../arm-none-eabi/lib/armv6-m/libc_nano.a(lib_a-nano-vfprintf.o)
                0x000203b8                vfiprintf
                0x000203b8                vfprintf
 .text          0x000203d4        0x0 /usr/bin/../lib/gcc/arm-none-eabi/4.9.3/../../../../arm-none-eabi/lib/armv6-m/libc_nano.a(lib_a-nano-vfprintf_i.o)
 .text._printf_common
                0x000203d4       0xdc /usr/bin/../lib/gcc/arm-none-eabi/4.9.3/../../../../arm-none-eabi/lib/armv6-m/libc_nano.a(lib_a-nano-vfprintf_i.o)
                0x000203d4                _printf_common
 .text._printf_i
                0x000204b0      0x230 /usr/bin/../lib/gcc/arm-none-eabi/4.9.3/../../../../arm-none-eabi/lib/armv6-m/libc_nano.a(lib_a-nano-vfprintf_i.o)
                0x000204b0                _printf_i
 .text          0x000206e0        0x0 /usr/bin/../lib/gcc/arm-none-eabi/4.9.3/../../../../arm-none-eabi/lib/armv6-m/libc_nano.a(lib_a-sbrkr.o)
 .text._sbrk_r  0x000206e0       0x24 /usr/bin/../lib/gcc/arm-none-eabi/4.9.3/../../../../arm-none-eabi/lib/armv6-m/libc_nano.a(lib_a-sbrkr.o)
                0x000206e0                _sbrk_r
 .text          0x00020704        0x0 /usr/bin/../lib/gcc/arm-none-eabi/4.9.3/../../../../arm-none-eabi/lib/armv6-m/libc_nano.a(lib_a-stdio.o)
 .text.__sread  0x00020704       0x28 /usr/bin/../lib/gcc/arm-none-eabi/4.9.3/../../../../arm-none-eabi/lib/armv6-m/libc_nano.a(lib_a-stdio.o)
                0x00020704                __sread
 .text.__seofread
                0x0002072c        0x4 /usr/bin/../lib/gcc/arm-none-eabi/4.9.3/../../../../arm-none-eabi/lib/armv6-m/libc_nano.a(lib_a-stdio.o)
                0x0002072c                __seofread
 .text.__swrite
                0x00020730       0x38 /usr/bin/../lib/gcc/arm-none-eabi/4.9.3/../../../../arm-none-eabi/lib/armv6-m/libc_nano.a(lib_a-stdio.o)
                0x00020730                __swrite
 .text.__sseek  0x00020768       0x2c /usr/bin/../lib/gcc/arm-none-eabi/4.9.3/../../../../arm-none-eabi/lib/armv6-m/libc_nano.a(lib_a-stdio.o)
                0x00020768                __sseek
 .text.__sclose
                0x00020794        0xc /usr/bin/../lib/gcc/arm-none-eabi/4.9.3/../../../../arm-none-eabi/lib/armv6-m/libc_nano.a(lib_a-stdio.o)
                0x00020794                __sclose
 .text          0x000207a0        0x0 /usr/bin/../lib/gcc/arm-none-eabi/4.9.3/../../../../arm-none-eabi/lib/armv6-m/libc_nano.a(lib_a-wbuf.o)
 .text.__swbuf_r
                0x000207a0       0xb0 /usr/bin/../lib/gcc/arm-none-eabi/4.9.3/../../../../arm-none-eabi/lib/armv6-m/libc_nano.a(lib_a-wbuf.o)
                0x000207a0                __swbuf_r
 .text.__swbuf  0x00020850       0x18 /usr/bin/../lib/gcc/arm-none-eabi/4.9.3/../../../../arm-none-eabi/lib/armv6-m/libc_nano.a(lib_a-wbuf.o)
                0x00020850                __swbuf
 .text          0x00020868        0x0 /usr/bin/../lib/gcc/arm-none-eabi/4.9.3/../../../../arm-none-eabi/lib/armv6-m/libc_nano.a(lib_a-writer.o)
 .text._write_r
                0x00020868       0x28 /usr/bin/../lib/gcc/arm-none-eabi/4.9.3/../../../../arm-none-eabi/lib/armv6-m/libc_nano.a(lib_a-writer.o)
                0x00020868                _write_r
 .text          0x00020890        0x0 /usr/bin/../lib/gcc/arm-none-eabi/4.9.3/../../../../arm-none-eabi/lib/armv6-m/libc_nano.a(lib_a-wsetup.o)
 .text.__swsetup_r
                0x00020890       0xe8 /usr/bin/../lib/gcc/arm-none-eabi/4.9.3/../../../../arm-none-eabi/lib/armv6-m/libc_nano.a(lib_a-wsetup.o)
                0x00020890                __swsetup_r
 .text          0x00020978        0x0 /usr/bin/../lib/gcc/arm-none-eabi/4.9.3/../../../../arm-none-eabi/lib/armv6-m/libc_nano.a(lib_a-closer.o)
 .text._close_r
                0x00020978       0x24 /usr/bin/../lib/gcc/arm-none-eabi/4.9.3/../../../../arm-none-eabi/lib/armv6-m/libc_nano.a(lib_a-closer.o)
                0x00020978                _close_r
 .text          0x0002099c        0x0 /usr/bin/../lib/gcc/arm-none-eabi/4.9.3/../../../../arm-none-eabi/lib/armv6-m/libc_nano.a(lib_a-fflush.o)
 .text.__sflush_r
                0x0002099c      0x112 /usr/bin/../lib/gcc/arm-none-eabi/4.9.3/../../../../arm-none-eabi/lib/armv6-m/libc_nano.a(lib_a-fflush.o)
                0x0002099c                __sflush_r
 *fill*         0x00020aae        0x2 
 .text._fflush_r
                0x00020ab0       0x58 /usr/bin/../lib/gcc/arm-none-eabi/4.9.3/../../../../arm-none-eabi/lib/armv6-m/libc_nano.a(lib_a-fflush.o)
                0x00020ab0                _fflush_r
 .text.fflush   0x00020b08       0x28 /usr/bin/../lib/gcc/arm-none-eabi/4.9.3/../../../../arm-none-eabi/lib/armv6-m/libc_nano.a(lib_a-fflush.o)
                0x00020b08                fflush
 .text          0x00020b30        0x0 /usr/bin/../lib/gcc/arm-none-eabi/4.9.3/../../../../arm-none-eabi/lib/armv6-m/libc_nano.a(lib_a-fvwrite.o)
 .text.__sfvwrite_r
                0x00020b30      0x2b0 /usr/bin/../lib/gcc/arm-none-eabi/4.9.3/../../../../arm-none-eabi/lib/armv6-m/libc_nano.a(lib_a-fvwrite.o)
                0x00020b30                __sfvwrite_r
 .text          0x00020de0        0x0 /usr/bin/../lib/gcc/arm-none-eabi/4.9.3/../../../../arm-none-eabi/lib/armv6-m/libc_nano.a(lib_a-lseekr.o)
 .text._lseek_r
                0x00020de0       0x28 /usr/bin/../lib/gcc/arm-none-eabi/4.9.3/../../../../arm-none-eabi/lib/armv6-m/libc_nano.a(lib_a-lseekr.o)
                0x00020de0                _lseek_r
 .text          0x00020e08        0x0 /usr/bin/../lib/gcc/arm-none-eabi/4.9.3/../../../../arm-none-eabi/lib/armv6-m/libc_nano.a(lib_a-makebuf.o)
 .text.__smakebuf_r
                0x00020e08       0xb0 /usr/bin/../lib/gcc/arm-none-eabi/4.9.3/../../../../arm-none-eabi/lib/armv6-m/libc_nano.a(lib_a-makebuf.o)
                0x00020e08                __smakebuf_r
 .text          0x00020eb8        0x0 /usr/bin/../lib/gcc/arm-none-eabi/4.9.3/../../../../arm-none-eabi/lib/armv6-m/libc_nano.a(lib_a-memchr.o)
 .text.memchr   0x00020eb8       0x16 /usr/bin/../lib/gcc/arm-none-eabi/4.9.3/../../../../arm-none-eabi/lib/armv6-m/libc_nano.a(lib_a-memchr.o)
                0x00020eb8                memchr
 .text          0x00020ece        0x0 /usr/bin/../lib/gcc/arm-none-eabi/4.9.3/../../../../arm-none-eabi/lib/armv6-m/libc_nano.a(lib_a-memmove.o)
 .text.memmove  0x00020ece       0x28 /usr/bin/../lib/gcc/arm-none-eabi/4.9.3/../../../../arm-none-eabi/lib/armv6-m/libc_nano.a(lib_a-memmove.o)
                0x00020ece                memmove
 .text          0x00020ef6        0x0 /usr/bin/../lib/gcc/arm-none-eabi/4.9.3/../../../../arm-none-eabi/lib/armv6-m/libc_nano.a(lib_a-nano-reallocr.o)
 .text._realloc_r
                0x00020ef6       0x4c /usr/bin/../lib/gcc/arm-none-eabi/4.9.3/../../../../arm-none-eabi/lib/armv6-m/libc_nano.a(lib_a-nano-reallocr.o)
                0x00020ef6                _realloc_r
 .text          0x00020f42        0x0 /usr/bin/../lib/gcc/arm-none-eabi/4.9.3/../../../../arm-none-eabi/lib/armv6-m/libc_nano.a(lib_a-readr.o)
 *fill*         0x00020f42        0x2 
 .text._read_r  0x00020f44       0x28 /usr/bin/../lib/gcc/arm-none-eabi/4.9.3/../../../../arm-none-eabi/lib/armv6-m/libc_nano.a(lib_a-readr.o)
                0x00020f44                _read_r
 .text          0x00020f6c        0x0 /usr/bin/../lib/gcc/arm-none-eabi/4.9.3/../../../../arm-none-eabi/lib/armv6-m/libc_nano.a(lib_a-reent.o)
 .text.cleanup_glue
                0x00020f6c       0x1a /usr/bin/../lib/gcc/arm-none-eabi/4.9.3/../../../../arm-none-eabi/lib/armv6-m/libc_nano.a(lib_a-reent.o)
                0x00020f6c                cleanup_glue
 *fill*         0x00020f86        0x2 
 .text._reclaim_reent
                0x00020f88       0xcc /usr/bin/../lib/gcc/arm-none-eabi/4.9.3/../../../../arm-none-eabi/lib/armv6-m/libc_nano.a(lib_a-reent.o)
                0x00020f88                _reclaim_reent
 .text          0x00021054        0x0 /usr/bin/../lib/gcc/arm-none-eabi/4.9.3/../../../../arm-none-eabi/lib/armv6-m/libc_nano.a(lib_a-fstatr.o)
 .text._fstat_r
                0x00021054       0x24 /usr/bin/../lib/gcc/arm-none-eabi/4.9.3/../../../../arm-none-eabi/lib/armv6-m/libc_nano.a(lib_a-fstatr.o)
                0x00021054                _fstat_r
 .text          0x00021078        0x0 /usr/bin/../lib/gcc/arm-none-eabi/4.9.3/../../../../arm-none-eabi/lib/armv6-m/libc_nano.a(lib_a-isattyr.o)
 .text._isatty_r
                0x00021078       0x24 /usr/bin/../lib/gcc/arm-none-eabi/4.9.3/../../../../arm-none-eabi/lib/armv6-m/libc_nano.a(lib_a-isattyr.o)
                0x00021078                _isatty_r
 .text          0x0002109c        0x0 /usr/bin/../lib/gcc/arm-none-eabi/4.9.3/../../../../arm-none-eabi/lib/armv6-m/libc_nano.a(lib_a-nano-msizer.o)
 .text._malloc_usable_size_r
                0x0002109c       0x16 /usr/bin/../lib/gcc/arm-none-eabi/4.9.3/../../../../arm-none-eabi/lib/armv6-m/libc_nano.a(lib_a-nano-msizer.o)
                0x0002109c                _malloc_usable_size_r
 *fill*         0x000210b2        0x2 
 .text          0x000210b4      0x120 /usr/bin/../lib/gcc/arm-none-eabi/4.9.3/armv6-m/libgcc.a(_udivsi3.o)
                0x000210b4                __udivsi3
                0x000210b4                __aeabi_uidiv
                0x000211c0                __aeabi_uidivmod
 .text          0x000211d4       0x54 /usr/bin/../lib/gcc/arm-none-eabi/4.9.3/armv6-m/libgcc.a(_muldi3.o)
                0x000211d4                __aeabi_lmul
                0x000211d4                __muldi3
 .text          0x00021228        0x0 /usr/bin/../lib/gcc/arm-none-eabi/4.9.3/armv6-m/crtend.o
 .text          0x00021228        0x0 /usr/bin/../lib/gcc/arm-none-eabi/4.9.3/armv6-m/crtn.o
 .text          0x00021228        0x0 /usr/bin/../lib/gcc/arm-none-eabi/4.9.3/../../../../arm-none-eabi/lib/armv6-m/libnosys.a(close.o)
 .text._close   0x00021228       0x10 /usr/bin/../lib/gcc/arm-none-eabi/4.9.3/../../../../arm-none-eabi/lib/armv6-m/libnosys.a(close.o)
                0x00021228                _close
 .text          0x00021238        0x0 /usr/bin/../lib/gcc/arm-none-eabi/4.9.3/../../../../arm-none-eabi/lib/armv6-m/libnosys.a(fstat.o)
 .text._fstat   0x00021238       0x10 /usr/bin/../lib/gcc/arm-none-eabi/4.9.3/../../../../arm-none-eabi/lib/armv6-m/libnosys.a(fstat.o)
                0x00021238                _fstat
 .text          0x00021248        0x0 /usr/bin/../lib/gcc/arm-none-eabi/4.9.3/../../../../arm-none-eabi/lib/armv6-m/libnosys.a(isatty.o)
 .text._isatty  0x00021248       0x10 /usr/bin/../lib/gcc/arm-none-eabi/4.9.3/../../../../arm-none-eabi/lib/armv6-m/libnosys.a(isatty.o)
                0x00021248                _isatty
 .text          0x00021258        0x0 /usr/bin/../lib/gcc/arm-none-eabi/4.9.3/../../../../arm-none-eabi/lib/armv6-m/libnosys.a(lseek.o)
 .text._lseek   0x00021258       0x10 /usr/bin/../lib/gcc/arm-none-eabi/4.9.3/../../../../arm-none-eabi/lib/armv6-m/libnosys.a(lseek.o)
                0x00021258                _lseek
 .text          0x00021268        0x0 /usr/bin/../lib/gcc/arm-none-eabi/4.9.3/../../../../arm-none-eabi/lib/armv6-m/libnosys.a(read.o)
 .text._read    0x00021268       0x10 /usr/bin/../lib/gcc/arm-none-eabi/4.9.3/../../../../arm-none-eabi/lib/armv6-m/libnosys.a(read.o)
                0x00021268                _read
 .text          0x00021278        0x0 /usr/bin/../lib/gcc/arm-none-eabi/4.9.3/../../../../arm-none-eabi/lib/armv6-m/libnosys.a(sbrk.o)
 .text._sbrk    0x00021278       0x1c /usr/bin/../lib/gcc/arm-none-eabi/4.9.3/../../../../arm-none-eabi/lib/armv6-m/libnosys.a(sbrk.o)
                0x00021278                _sbrk
 .text          0x00021294        0x0 /usr/bin/../lib/gcc/arm-none-eabi/4.9.3/../../../../arm-none-eabi/lib/armv6-m/libnosys.a(write.o)
 .text._write   0x00021294       0x10 /usr/bin/../lib/gcc/arm-none-eabi/4.9.3/../../../../arm-none-eabi/lib/armv6-m/libnosys.a(write.o)
                0x00021294                _write
 .text          0x000212a4        0x0 /usr/bin/../lib/gcc/arm-none-eabi/4.9.3/../../../../arm-none-eabi/lib/armv6-m/libnosys.a(_exit.o)
 .text._exit    0x000212a4        0x4 /usr/bin/../lib/gcc/arm-none-eabi/4.9.3/../../../../arm-none-eabi/lib/armv6-m/libnosys.a(_exit.o)
                0x000212a4                _exit
 *(.init)
 .init          0x000212a8        0x4 /usr/bin/../lib/gcc/arm-none-eabi/4.9.3/armv6-m/crti.o
                0x000212a8                _init
 .init          0x000212ac        0x8 /usr/bin/../lib/gcc/arm-none-eabi/4.9.3/armv6-m/crtn.o
 *(.fini)
 .fini          0x000212b4        0x4 /usr/bin/../lib/gcc/arm-none-eabi/4.9.3/armv6-m/crti.o
                0x000212b4                _fini
 .fini          0x000212b8        0x8 /usr/bin/../lib/gcc/arm-none-eabi/4.9.3/armv6-m/crtn.o
 *crtbegin.o(.ctors)
 *crtbegin?.o(.ctors)
 *(EXCLUDE_FILE(*crtend.o *crtend?.o) .ctors)
 *(SORT(.ctors.*))
 *(.ctors)
 *crtbegin.o(.dtors)
 *crtbegin?.o(.dtors)
 *(EXCLUDE_FILE(*crtend.o *crtend?.o) .dtors)
 *(SORT(.dtors.*))
 *(.dtors)
 *(.rodata*)
 .rodata        0x000212c0       0x3c src/ble/ble.o
 .rodata        0x000212fc       0x14 src/ble/timeslot.o
 .rodata        0x00021310       0x3c nrf51_sdk/nrf51822/Source/ble/ble_services/ble_srv_common.o
 .rodata        0x0002134c       0x35 nrf51_sdk/nrf51822/Source/ble/ble_services/ble_dis.o
 *fill*         0x00021381        0x3 
 .rodata        0x00021384       0x39 nrf51_sdk/nrf51822/Source/sd_common/softdevice_handler.o
 *fill*         0x000213bd        0x3 
 .rodata        0x000213c0       0x31 nrf51_sdk/nrf51822/Source/app_common/app_timer.o
 *fill*         0x000213f1        0x3 
 .rodata        0x000213f4       0x90 src/slave/main.o
 .rodata        0x00021484       0x23 src/syslink.o
 *fill*         0x000214a7        0x1 
 .rodata        0x000214a8       0x14 src/pm.o
                0x000214a8                statesFunctions
 .rodata        0x000214bc       0x35 src/ds28e05.o
 *fill*         0x000214f1        0x3 
 .rodata        0x000214f4       0x80 /usr/bin/../lib/gcc/arm-none-eabi/4.9.3/armv6-m/libgcc.a(divsf3.o)
 .rodata        0x00021574       0x40 /usr/bin/../lib/gcc/arm-none-eabi/4.9.3/armv6-m/libgcc.a(mulsf3.o)
 .rodata.str1.1
                0x000215b4        0x2 /usr/bin/../lib/gcc/arm-none-eabi/4.9.3/../../../../arm-none-eabi/lib/armv6-m/libc_nano.a(lib_a-impure.o)
 *fill*         0x000215b6        0x2 
 .rodata._global_impure_ptr
                0x000215b8        0x4 /usr/bin/../lib/gcc/arm-none-eabi/4.9.3/../../../../arm-none-eabi/lib/armv6-m/libc_nano.a(lib_a-impure.o)
                0x000215b8                _global_impure_ptr
 .rodata.__sf_fake_stdin
                0x000215bc       0x20 /usr/bin/../lib/gcc/arm-none-eabi/4.9.3/../../../../arm-none-eabi/lib/armv6-m/libc_nano.a(lib_a-findfp.o)
                0x000215bc                __sf_fake_stdin
 .rodata.__sf_fake_stdout
                0x000215dc       0x20 /usr/bin/../lib/gcc/arm-none-eabi/4.9.3/../../../../arm-none-eabi/lib/armv6-m/libc_nano.a(lib_a-findfp.o)
                0x000215dc                __sf_fake_stdout
 .rodata.__sf_fake_stderr
                0x000215fc       0x20 /usr/bin/../lib/gcc/arm-none-eabi/4.9.3/../../../../arm-none-eabi/lib/armv6-m/libc_nano.a(lib_a-findfp.o)
                0x000215fc                __sf_fake_stderr
 .rodata.str1.1
                0x0002161c       0x11 /usr/bin/../lib/gcc/arm-none-eabi/4.9.3/../../../../arm-none-eabi/lib/armv6-m/libc_nano.a(lib_a-nano-vfprintf.o)
 .rodata.str1.1
                0x0002162d       0x22 /usr/bin/../lib/gcc/arm-none-eabi/4.9.3/../../../../arm-none-eabi/lib/armv6-m/libc_nano.a(lib_a-nano-vfprintf_i.o)
 *(.eh_frame*)
 *fill*         0x0002164f        0x1 
 .eh_frame      0x00021650        0x0 /usr/bin/../lib/gcc/arm-none-eabi/4.9.3/armv6-m/crtbegin.o
 .eh_frame      0x00021650        0x4 /usr/bin/../lib/gcc/arm-none-eabi/4.9.3/armv6-m/crtend.o

.glue_7         0x00021654        0x0
 .glue_7        0x00000000        0x0 linker stubs

.glue_7t        0x00021654        0x0
 .glue_7t       0x00000000        0x0 linker stubs

.vfp11_veneer   0x00021654        0x0
 .vfp11_veneer  0x00000000        0x0 linker stubs

.v4_bx          0x00021654        0x0
 .v4_bx         0x00000000        0x0 linker stubs

.iplt           0x00021654        0x0
 .iplt          0x00000000        0x0 /usr/bin/../lib/gcc/arm-none-eabi/4.9.3/armv6-m/crtbegin.o

.ARM.extab      0x00021654        0x0
 *(.ARM.extab* .gnu.linkonce.armextab.*)
 .ARM.extab     0x00021654        0x0 /usr/bin/../lib/gcc/arm-none-eabi/4.9.3/../../../../arm-none-eabi/lib/armv6-m/crt0.o
 .ARM.extab     0x00021654        0x0 gcc_startup_nrf51.o
                0x00021654                __exidx_start = .

.ARM.exidx      0x00021654        0x8
 *(.ARM.exidx* .gnu.linkonce.armexidx.*)
 .ARM.exidx     0x00021654        0x8 /usr/bin/../lib/gcc/arm-none-eabi/4.9.3/../../../../arm-none-eabi/lib/armv6-m/crt0.o
 .ARM.exidx     0x0002165c        0x0 gcc_startup_nrf51.o
                                  0x8 (size before relaxing)
                0x0002165c                __exidx_end = .
                0x0002165c                __etext = .

.rel.dyn        0x0002165c        0x0
 .rel.iplt      0x00000000        0x0 /usr/bin/../lib/gcc/arm-none-eabi/4.9.3/armv6-m/crtbegin.o

.data           0x20002000      0x25c load address 0x0002165c
                0x20002000                __data_start__ = .
 *(vtable)
 *(.data*)
 .data          0x20002000        0x0 /usr/bin/../lib/gcc/arm-none-eabi/4.9.3/armv6-m/crti.o
 .data          0x20002000        0x4 /usr/bin/../lib/gcc/arm-none-eabi/4.9.3/armv6-m/crtbegin.o
                0x20002000                __dso_handle
 .data          0x20002004        0x0 /usr/bin/../lib/gcc/arm-none-eabi/4.9.3/../../../../arm-none-eabi/lib/armv6-m/crt0.o
 .data          0x20002004        0x2 src/ble/ble.o
 *fill*         0x20002006        0x2 
 .data          0x20002008       0x89 src/ble/ble_crazyflies.o
 *fill*         0x20002091        0x3 
 .data          0x20002094       0x10 src/ble/timeslot.o
 .data          0x200020a4        0x0 nrf51_sdk/nrf51822/Source/ble/ble_advdata.o
 .data          0x200020a4        0x0 nrf51_sdk/nrf51822/Source/ble/ble_conn_params.o
 .data          0x200020a4        0x0 nrf51_sdk/nrf51822/Source/ble/ble_services/ble_srv_common.o
 .data          0x200020a4        0x0 nrf51_sdk/nrf51822/Source/ble/ble_services/ble_dis.o
 .data          0x200020a4        0x0 nrf51_sdk/nrf51822/Source/sd_common/softdevice_handler.o
 .data          0x200020a4        0x0 nrf51_sdk/nrf51822/Source/app_common/app_timer.o
 .data          0x200020a4        0x0 src/slave/main.o
 *fill*         0x200020a4        0x4 
 .data          0x200020a8       0x20 src/slave/esb.o
 .data          0x200020c8        0x0 gcc_startup_nrf51.o
 .data          0x200020c8        0x4 system_nrf51.o
                0x200020c8                SystemCoreClock
 .data          0x200020cc        0x0 src/uart.o
 .data          0x200020cc        0x0 src/syslink.o
 .data          0x200020cc        0x0 src/pm.o
 .data          0x200020cc        0x0 src/systick.o
 .data          0x200020cc        0x0 src/button.o
 .data          0x200020cc        0x0 src/swd.o
 .data          0x200020cc        0x0 src/ow.o
 .data          0x200020cc        0x0 src/ow/owlnk.o
 .data          0x200020cc        0x0 src/ow/ownet.o
 .data          0x200020cc        0x0 src/ow/owtran.o
 .data          0x200020cc      0x120 src/ow/crcutil.o
 .data          0x200021ec        0x0 src/ds2431.o
 .data          0x200021ec        0x0 src/ds28e05.o
 .data          0x200021ec        0x0 src/memory.o
 .data          0x200021ec        0x0 /usr/bin/../lib/gcc/arm-none-eabi/4.9.3/armv6-m/libgcc.a(_divsi3.o)
 .data          0x200021ec        0x0 /usr/bin/../lib/gcc/arm-none-eabi/4.9.3/armv6-m/libgcc.a(_dvmd_tls.o)
 .data          0x200021ec        0x0 /usr/bin/../lib/gcc/arm-none-eabi/4.9.3/armv6-m/libgcc.a(divsf3.o)
 .data          0x200021ec        0x0 /usr/bin/../lib/gcc/arm-none-eabi/4.9.3/armv6-m/libgcc.a(mulsf3.o)
 .data          0x200021ec        0x0 /usr/bin/../lib/gcc/arm-none-eabi/4.9.3/armv6-m/libgcc.a(floatsisf.o)
 .data          0x200021ec        0x0 /usr/bin/../lib/gcc/arm-none-eabi/4.9.3/armv6-m/libgcc.a(_clzsi2.o)
 .data          0x200021ec        0x0 /usr/bin/../lib/gcc/arm-none-eabi/4.9.3/../../../../arm-none-eabi/lib/armv6-m/libc_nano.a(lib_a-bzero.o)
 .data          0x200021ec        0x0 /usr/bin/../lib/gcc/arm-none-eabi/4.9.3/../../../../arm-none-eabi/lib/armv6-m/libc_nano.a(lib_a-errno.o)
 .data          0x200021ec        0x0 /usr/bin/../lib/gcc/arm-none-eabi/4.9.3/../../../../arm-none-eabi/lib/armv6-m/libc_nano.a(lib_a-exit.o)
 .data          0x200021ec        0x0 /usr/bin/../lib/gcc/arm-none-eabi/4.9.3/../../../../arm-none-eabi/lib/armv6-m/libc_nano.a(lib_a-impure.o)
 .data.impure_data
                0x200021ec       0x60 /usr/bin/../lib/gcc/arm-none-eabi/4.9.3/../../../../arm-none-eabi/lib/armv6-m/libc_nano.a(lib_a-impure.o)
 .data._impure_ptr
                0x2000224c        0x4 /usr/bin/../lib/gcc/arm-none-eabi/4.9.3/../../../../arm-none-eabi/lib/armv6-m/libc_nano.a(lib_a-impure.o)
                0x2000224c                _impure_ptr
 .data          0x20002250        0x0 /usr/bin/../lib/gcc/arm-none-eabi/4.9.3/../../../../arm-none-eabi/lib/armv6-m/libc_nano.a(lib_a-init.o)
 .data          0x20002250        0x0 /usr/bin/../lib/gcc/arm-none-eabi/4.9.3/../../../../arm-none-eabi/lib/armv6-m/libc_nano.a(lib_a-memcmp.o)
 .data          0x20002250        0x0 /usr/bin/../lib/gcc/arm-none-eabi/4.9.3/../../../../arm-none-eabi/lib/armv6-m/libc_nano.a(lib_a-memcpy.o)
 .data          0x20002250        0x0 /usr/bin/../lib/gcc/arm-none-eabi/4.9.3/../../../../arm-none-eabi/lib/armv6-m/libc_nano.a(lib_a-memset.o)
 .data          0x20002250        0x0 /usr/bin/../lib/gcc/arm-none-eabi/4.9.3/../../../../arm-none-eabi/lib/armv6-m/libc_nano.a(lib_a-printf.o)
 .data          0x20002250        0x0 /usr/bin/../lib/gcc/arm-none-eabi/4.9.3/../../../../arm-none-eabi/lib/armv6-m/libc_nano.a(lib_a-rand.o)
 .data          0x20002250        0x0 /usr/bin/../lib/gcc/arm-none-eabi/4.9.3/../../../../arm-none-eabi/lib/armv6-m/libc_nano.a(lib_a-strlen.o)
 .data          0x20002250        0x0 /usr/bin/../lib/gcc/arm-none-eabi/4.9.3/../../../../arm-none-eabi/lib/armv6-m/libc_nano.a(lib_a-findfp.o)
 .data          0x20002250        0x0 /usr/bin/../lib/gcc/arm-none-eabi/4.9.3/../../../../arm-none-eabi/lib/armv6-m/libc_nano.a(lib_a-fwalk.o)
 .data          0x20002250        0x0 /usr/bin/../lib/gcc/arm-none-eabi/4.9.3/../../../../arm-none-eabi/lib/armv6-m/libc_nano.a(lib_a-malloc.o)
 .data          0x20002250        0x0 /usr/bin/../lib/gcc/arm-none-eabi/4.9.3/../../../../arm-none-eabi/lib/armv6-m/libc_nano.a(lib_a-nano-freer.o)
 .data          0x20002250        0x0 /usr/bin/../lib/gcc/arm-none-eabi/4.9.3/../../../../arm-none-eabi/lib/armv6-m/libc_nano.a(lib_a-nano-mallocr.o)
 .data          0x20002250        0x0 /usr/bin/../lib/gcc/arm-none-eabi/4.9.3/../../../../arm-none-eabi/lib/armv6-m/libc_nano.a(lib_a-nano-vfprintf.o)
 .data          0x20002250        0x0 /usr/bin/../lib/gcc/arm-none-eabi/4.9.3/../../../../arm-none-eabi/lib/armv6-m/libc_nano.a(lib_a-nano-vfprintf_i.o)
 .data          0x20002250        0x0 /usr/bin/../lib/gcc/arm-none-eabi/4.9.3/../../../../arm-none-eabi/lib/armv6-m/libc_nano.a(lib_a-sbrkr.o)
 .data          0x20002250        0x0 /usr/bin/../lib/gcc/arm-none-eabi/4.9.3/../../../../arm-none-eabi/lib/armv6-m/libc_nano.a(lib_a-stdio.o)
 .data          0x20002250        0x0 /usr/bin/../lib/gcc/arm-none-eabi/4.9.3/../../../../arm-none-eabi/lib/armv6-m/libc_nano.a(lib_a-wbuf.o)
 .data          0x20002250        0x0 /usr/bin/../lib/gcc/arm-none-eabi/4.9.3/../../../../arm-none-eabi/lib/armv6-m/libc_nano.a(lib_a-writer.o)
 .data          0x20002250        0x0 /usr/bin/../lib/gcc/arm-none-eabi/4.9.3/../../../../arm-none-eabi/lib/armv6-m/libc_nano.a(lib_a-wsetup.o)
 .data          0x20002250        0x0 /usr/bin/../lib/gcc/arm-none-eabi/4.9.3/../../../../arm-none-eabi/lib/armv6-m/libc_nano.a(lib_a-closer.o)
 .data          0x20002250        0x0 /usr/bin/../lib/gcc/arm-none-eabi/4.9.3/../../../../arm-none-eabi/lib/armv6-m/libc_nano.a(lib_a-fflush.o)
 .data          0x20002250        0x0 /usr/bin/../lib/gcc/arm-none-eabi/4.9.3/../../../../arm-none-eabi/lib/armv6-m/libc_nano.a(lib_a-fvwrite.o)
 .data          0x20002250        0x0 /usr/bin/../lib/gcc/arm-none-eabi/4.9.3/../../../../arm-none-eabi/lib/armv6-m/libc_nano.a(lib_a-lseekr.o)
 .data          0x20002250        0x0 /usr/bin/../lib/gcc/arm-none-eabi/4.9.3/../../../../arm-none-eabi/lib/armv6-m/libc_nano.a(lib_a-makebuf.o)
 .data          0x20002250        0x0 /usr/bin/../lib/gcc/arm-none-eabi/4.9.3/../../../../arm-none-eabi/lib/armv6-m/libc_nano.a(lib_a-memchr.o)
 .data          0x20002250        0x0 /usr/bin/../lib/gcc/arm-none-eabi/4.9.3/../../../../arm-none-eabi/lib/armv6-m/libc_nano.a(lib_a-memmove.o)
 .data          0x20002250        0x0 /usr/bin/../lib/gcc/arm-none-eabi/4.9.3/../../../../arm-none-eabi/lib/armv6-m/libc_nano.a(lib_a-nano-reallocr.o)
 .data          0x20002250        0x0 /usr/bin/../lib/gcc/arm-none-eabi/4.9.3/../../../../arm-none-eabi/lib/armv6-m/libc_nano.a(lib_a-readr.o)
 .data          0x20002250        0x0 /usr/bin/../lib/gcc/arm-none-eabi/4.9.3/../../../../arm-none-eabi/lib/armv6-m/libc_nano.a(lib_a-reent.o)
 .data          0x20002250        0x0 /usr/bin/../lib/gcc/arm-none-eabi/4.9.3/../../../../arm-none-eabi/lib/armv6-m/libc_nano.a(lib_a-fstatr.o)
 .data          0x20002250        0x0 /usr/bin/../lib/gcc/arm-none-eabi/4.9.3/../../../../arm-none-eabi/lib/armv6-m/libc_nano.a(lib_a-isattyr.o)
 .data          0x20002250        0x0 /usr/bin/../lib/gcc/arm-none-eabi/4.9.3/../../../../arm-none-eabi/lib/armv6-m/libc_nano.a(lib_a-nano-msizer.o)
 .data          0x20002250        0x0 /usr/bin/../lib/gcc/arm-none-eabi/4.9.3/armv6-m/libgcc.a(_udivsi3.o)
 .data          0x20002250        0x0 /usr/bin/../lib/gcc/arm-none-eabi/4.9.3/armv6-m/libgcc.a(_muldi3.o)
 .data          0x20002250        0x0 /usr/bin/../lib/gcc/arm-none-eabi/4.9.3/armv6-m/crtend.o
 .data          0x20002250        0x0 /usr/bin/../lib/gcc/arm-none-eabi/4.9.3/armv6-m/crtn.o
 .data          0x20002250        0x0 /usr/bin/../lib/gcc/arm-none-eabi/4.9.3/../../../../arm-none-eabi/lib/armv6-m/libnosys.a(close.o)
 .data          0x20002250        0x0 /usr/bin/../lib/gcc/arm-none-eabi/4.9.3/../../../../arm-none-eabi/lib/armv6-m/libnosys.a(fstat.o)
 .data          0x20002250        0x0 /usr/bin/../lib/gcc/arm-none-eabi/4.9.3/../../../../arm-none-eabi/lib/armv6-m/libnosys.a(isatty.o)
 .data          0x20002250        0x0 /usr/bin/../lib/gcc/arm-none-eabi/4.9.3/../../../../arm-none-eabi/lib/armv6-m/libnosys.a(lseek.o)
 .data          0x20002250        0x0 /usr/bin/../lib/gcc/arm-none-eabi/4.9.3/../../../../arm-none-eabi/lib/armv6-m/libnosys.a(read.o)
 .data          0x20002250        0x0 /usr/bin/../lib/gcc/arm-none-eabi/4.9.3/../../../../arm-none-eabi/lib/armv6-m/libnosys.a(sbrk.o)
 .data          0x20002250        0x0 /usr/bin/../lib/gcc/arm-none-eabi/4.9.3/../../../../arm-none-eabi/lib/armv6-m/libnosys.a(write.o)
 .data          0x20002250        0x0 /usr/bin/../lib/gcc/arm-none-eabi/4.9.3/../../../../arm-none-eabi/lib/armv6-m/libnosys.a(_exit.o)
                0x20002250                . = ALIGN (0x4)
                0x20002250                PROVIDE (__preinit_array_start, .)
 *(.preinit_array)
                0x20002250                PROVIDE (__preinit_array_end, .)
                0x20002250                . = ALIGN (0x4)
                0x20002250                PROVIDE (__init_array_start, .)
 *(SORT(.init_array.*))
 *(.init_array)
 .init_array    0x20002250        0x4 /usr/bin/../lib/gcc/arm-none-eabi/4.9.3/armv6-m/crtbegin.o
                0x20002254                PROVIDE (__init_array_end, .)
                0x20002254                . = ALIGN (0x4)
                0x20002254                PROVIDE (__fini_array_start, .)
 *(SORT(.fini_array.*))
 *(.fini_array)
 .fini_array    0x20002254        0x4 /usr/bin/../lib/gcc/arm-none-eabi/4.9.3/armv6-m/crtbegin.o
                0x20002258                PROVIDE (__fini_array_end, .)
 *(.jcr)
 .jcr           0x20002258        0x0 /usr/bin/../lib/gcc/arm-none-eabi/4.9.3/armv6-m/crtbegin.o
 .jcr           0x20002258        0x4 /usr/bin/../lib/gcc/arm-none-eabi/4.9.3/armv6-m/crtend.o
                0x2000225c                . = ALIGN (0x4)
                0x2000225c                __data_end__ = .

.igot.plt       0x2000225c        0x0 load address 0x000218b8
 .igot.plt      0x00000000        0x0 /usr/bin/../lib/gcc/arm-none-eabi/4.9.3/armv6-m/crtbegin.o

.bss            0x2000225c      0xdfc load address 0x000218b8
                0x2000225c                . = ALIGN (0x4)
                0x2000225c                __bss_start__ = .
 *(.bss*)
 .bss           0x2000225c        0x0 /usr/bin/../lib/gcc/arm-none-eabi/4.9.3/armv6-m/crti.o
 .bss           0x2000225c       0x1c /usr/bin/../lib/gcc/arm-none-eabi/4.9.3/armv6-m/crtbegin.o
 .bss           0x20002278        0x0 /usr/bin/../lib/gcc/arm-none-eabi/4.9.3/../../../../arm-none-eabi/lib/armv6-m/crt0.o
 .bss           0x20002278      0x31c src/ble/ble.o
 .bss           0x20002594       0x80 src/ble/ble_crazyflies.o
 .bss           0x20002614        0x8 src/ble/timeslot.o
 .bss           0x2000261c        0x0 nrf51_sdk/nrf51822/Source/ble/ble_advdata.o
 .bss           0x2000261c       0x35 nrf51_sdk/nrf51822/Source/ble/ble_conn_params.o
 .bss           0x20002651        0x0 nrf51_sdk/nrf51822/Source/ble/ble_services/ble_srv_common.o
 *fill*         0x20002651        0x3 
 .bss           0x20002654       0x4c nrf51_sdk/nrf51822/Source/ble/ble_services/ble_dis.o
 .bss           0x200026a0       0x14 nrf51_sdk/nrf51822/Source/sd_common/softdevice_handler.o
 .bss           0x200026b4       0x29 nrf51_sdk/nrf51822/Source/app_common/app_timer.o
 *fill*         0x200026dd        0x3 
 .bss           0x200026e0       0xd4 src/slave/main.o
 .bss           0x200027b4      0x578 src/slave/esb.o
 .bss           0x20002d2c        0x0 gcc_startup_nrf51.o
 .bss           0x20002d2c        0x0 system_nrf51.o
 .bss           0x20002d2c       0x98 src/uart.o
                0x20002dc0                error
 .bss           0x20002dc4       0x10 src/syslink.o
 .bss           0x20002dd4       0x14 src/pm.o
 .bss           0x20002de8        0x4 src/systick.o
 .bss           0x20002dec       0x10 src/button.o
 .bss           0x20002dfc        0x0 src/swd.o
 .bss           0x20002dfc        0x0 src/ow.o
 .bss           0x20002dfc        0x8 src/ow/owlnk.o
 .bss           0x20002e04       0xc0 src/ow/ownet.o
 .bss           0x20002ec4        0x0 src/ow/owtran.o
 .bss           0x20002ec4        0x0 src/ow/crcutil.o
 .bss           0x20002ec4        0x0 src/ds2431.o
 .bss           0x20002ec4        0x0 src/ds28e05.o
 .bss           0x20002ec4       0x8a src/memory.o
 .bss           0x20002f4e        0x0 /usr/bin/../lib/gcc/arm-none-eabi/4.9.3/armv6-m/libgcc.a(_divsi3.o)
 .bss           0x20002f4e        0x0 /usr/bin/../lib/gcc/arm-none-eabi/4.9.3/armv6-m/libgcc.a(_dvmd_tls.o)
 .bss           0x20002f4e        0x0 /usr/bin/../lib/gcc/arm-none-eabi/4.9.3/armv6-m/libgcc.a(divsf3.o)
 .bss           0x20002f4e        0x0 /usr/bin/../lib/gcc/arm-none-eabi/4.9.3/armv6-m/libgcc.a(mulsf3.o)
 .bss           0x20002f4e        0x0 /usr/bin/../lib/gcc/arm-none-eabi/4.9.3/armv6-m/libgcc.a(floatsisf.o)
 .bss           0x20002f4e        0x0 /usr/bin/../lib/gcc/arm-none-eabi/4.9.3/armv6-m/libgcc.a(_clzsi2.o)
 .bss           0x20002f4e        0x0 /usr/bin/../lib/gcc/arm-none-eabi/4.9.3/../../../../arm-none-eabi/lib/armv6-m/libc_nano.a(lib_a-bzero.o)
 .bss           0x20002f4e        0x0 /usr/bin/../lib/gcc/arm-none-eabi/4.9.3/../../../../arm-none-eabi/lib/armv6-m/libc_nano.a(lib_a-errno.o)
 .bss           0x20002f4e        0x0 /usr/bin/../lib/gcc/arm-none-eabi/4.9.3/../../../../arm-none-eabi/lib/armv6-m/libc_nano.a(lib_a-exit.o)
 .bss           0x20002f4e        0x0 /usr/bin/../lib/gcc/arm-none-eabi/4.9.3/../../../../arm-none-eabi/lib/armv6-m/libc_nano.a(lib_a-impure.o)
 .bss           0x20002f4e        0x0 /usr/bin/../lib/gcc/arm-none-eabi/4.9.3/../../../../arm-none-eabi/lib/armv6-m/libc_nano.a(lib_a-init.o)
 .bss           0x20002f4e        0x0 /usr/bin/../lib/gcc/arm-none-eabi/4.9.3/../../../../arm-none-eabi/lib/armv6-m/libc_nano.a(lib_a-memcmp.o)
 .bss           0x20002f4e        0x0 /usr/bin/../lib/gcc/arm-none-eabi/4.9.3/../../../../arm-none-eabi/lib/armv6-m/libc_nano.a(lib_a-memcpy.o)
 .bss           0x20002f4e        0x0 /usr/bin/../lib/gcc/arm-none-eabi/4.9.3/../../../../arm-none-eabi/lib/armv6-m/libc_nano.a(lib_a-memset.o)
 .bss           0x20002f4e        0x0 /usr/bin/../lib/gcc/arm-none-eabi/4.9.3/../../../../arm-none-eabi/lib/armv6-m/libc_nano.a(lib_a-printf.o)
 .bss           0x20002f4e        0x0 /usr/bin/../lib/gcc/arm-none-eabi/4.9.3/../../../../arm-none-eabi/lib/armv6-m/libc_nano.a(lib_a-rand.o)
 .bss           0x20002f4e        0x0 /usr/bin/../lib/gcc/arm-none-eabi/4.9.3/../../../../arm-none-eabi/lib/armv6-m/libc_nano.a(lib_a-strlen.o)
 .bss           0x20002f4e        0x0 /usr/bin/../lib/gcc/arm-none-eabi/4.9.3/../../../../arm-none-eabi/lib/armv6-m/libc_nano.a(lib_a-findfp.o)
 .bss           0x20002f4e        0x0 /usr/bin/../lib/gcc/arm-none-eabi/4.9.3/../../../../arm-none-eabi/lib/armv6-m/libc_nano.a(lib_a-fwalk.o)
 .bss           0x20002f4e        0x0 /usr/bin/../lib/gcc/arm-none-eabi/4.9.3/../../../../arm-none-eabi/lib/armv6-m/libc_nano.a(lib_a-malloc.o)
 .bss           0x20002f4e        0x0 /usr/bin/../lib/gcc/arm-none-eabi/4.9.3/../../../../arm-none-eabi/lib/armv6-m/libc_nano.a(lib_a-nano-freer.o)
 .bss           0x20002f4e        0x0 /usr/bin/../lib/gcc/arm-none-eabi/4.9.3/../../../../arm-none-eabi/lib/armv6-m/libc_nano.a(lib_a-nano-mallocr.o)
 *fill*         0x20002f4e        0x2 
 .bss.__malloc_sbrk_start
                0x20002f50        0x4 /usr/bin/../lib/gcc/arm-none-eabi/4.9.3/../../../../arm-none-eabi/lib/armv6-m/libc_nano.a(lib_a-nano-mallocr.o)
                0x20002f50                __malloc_sbrk_start
 .bss.__malloc_free_list
                0x20002f54        0x4 /usr/bin/../lib/gcc/arm-none-eabi/4.9.3/../../../../arm-none-eabi/lib/armv6-m/libc_nano.a(lib_a-nano-mallocr.o)
                0x20002f54                __malloc_free_list
 .bss           0x20002f58        0x0 /usr/bin/../lib/gcc/arm-none-eabi/4.9.3/../../../../arm-none-eabi/lib/armv6-m/libc_nano.a(lib_a-nano-vfprintf.o)
 .bss           0x20002f58        0x0 /usr/bin/../lib/gcc/arm-none-eabi/4.9.3/../../../../arm-none-eabi/lib/armv6-m/libc_nano.a(lib_a-nano-vfprintf_i.o)
 .bss           0x20002f58        0x0 /usr/bin/../lib/gcc/arm-none-eabi/4.9.3/../../../../arm-none-eabi/lib/armv6-m/libc_nano.a(lib_a-sbrkr.o)
 .bss           0x20002f58        0x0 /usr/bin/../lib/gcc/arm-none-eabi/4.9.3/../../../../arm-none-eabi/lib/armv6-m/libc_nano.a(lib_a-stdio.o)
 .bss           0x20002f58        0x0 /usr/bin/../lib/gcc/arm-none-eabi/4.9.3/../../../../arm-none-eabi/lib/armv6-m/libc_nano.a(lib_a-wbuf.o)
 .bss           0x20002f58        0x0 /usr/bin/../lib/gcc/arm-none-eabi/4.9.3/../../../../arm-none-eabi/lib/armv6-m/libc_nano.a(lib_a-writer.o)
 .bss           0x20002f58        0x0 /usr/bin/../lib/gcc/arm-none-eabi/4.9.3/../../../../arm-none-eabi/lib/armv6-m/libc_nano.a(lib_a-wsetup.o)
 .bss           0x20002f58        0x0 /usr/bin/../lib/gcc/arm-none-eabi/4.9.3/../../../../arm-none-eabi/lib/armv6-m/libc_nano.a(lib_a-closer.o)
 .bss           0x20002f58        0x0 /usr/bin/../lib/gcc/arm-none-eabi/4.9.3/../../../../arm-none-eabi/lib/armv6-m/libc_nano.a(lib_a-fflush.o)
 .bss           0x20002f58        0x0 /usr/bin/../lib/gcc/arm-none-eabi/4.9.3/../../../../arm-none-eabi/lib/armv6-m/libc_nano.a(lib_a-fvwrite.o)
 .bss           0x20002f58        0x0 /usr/bin/../lib/gcc/arm-none-eabi/4.9.3/../../../../arm-none-eabi/lib/armv6-m/libc_nano.a(lib_a-lseekr.o)
 .bss           0x20002f58        0x0 /usr/bin/../lib/gcc/arm-none-eabi/4.9.3/../../../../arm-none-eabi/lib/armv6-m/libc_nano.a(lib_a-makebuf.o)
 .bss           0x20002f58        0x0 /usr/bin/../lib/gcc/arm-none-eabi/4.9.3/../../../../arm-none-eabi/lib/armv6-m/libc_nano.a(lib_a-memchr.o)
 .bss           0x20002f58        0x0 /usr/bin/../lib/gcc/arm-none-eabi/4.9.3/../../../../arm-none-eabi/lib/armv6-m/libc_nano.a(lib_a-memmove.o)
 .bss           0x20002f58        0x0 /usr/bin/../lib/gcc/arm-none-eabi/4.9.3/../../../../arm-none-eabi/lib/armv6-m/libc_nano.a(lib_a-nano-reallocr.o)
 .bss           0x20002f58        0x0 /usr/bin/../lib/gcc/arm-none-eabi/4.9.3/../../../../arm-none-eabi/lib/armv6-m/libc_nano.a(lib_a-readr.o)
 .bss           0x20002f58        0x0 /usr/bin/../lib/gcc/arm-none-eabi/4.9.3/../../../../arm-none-eabi/lib/armv6-m/libc_nano.a(lib_a-reent.o)
 .bss           0x20002f58        0x0 /usr/bin/../lib/gcc/arm-none-eabi/4.9.3/../../../../arm-none-eabi/lib/armv6-m/libc_nano.a(lib_a-fstatr.o)
 .bss           0x20002f58        0x0 /usr/bin/../lib/gcc/arm-none-eabi/4.9.3/../../../../arm-none-eabi/lib/armv6-m/libc_nano.a(lib_a-isattyr.o)
 .bss           0x20002f58        0x0 /usr/bin/../lib/gcc/arm-none-eabi/4.9.3/../../../../arm-none-eabi/lib/armv6-m/libc_nano.a(lib_a-nano-msizer.o)
 .bss           0x20002f58        0x0 /usr/bin/../lib/gcc/arm-none-eabi/4.9.3/armv6-m/libgcc.a(_udivsi3.o)
 .bss           0x20002f58        0x0 /usr/bin/../lib/gcc/arm-none-eabi/4.9.3/armv6-m/libgcc.a(_muldi3.o)
 .bss           0x20002f58        0x0 /usr/bin/../lib/gcc/arm-none-eabi/4.9.3/armv6-m/crtend.o
 .bss           0x20002f58        0x0 /usr/bin/../lib/gcc/arm-none-eabi/4.9.3/armv6-m/crtn.o
 .bss           0x20002f58        0x0 /usr/bin/../lib/gcc/arm-none-eabi/4.9.3/../../../../arm-none-eabi/lib/armv6-m/libnosys.a(close.o)
 .bss           0x20002f58        0x0 /usr/bin/../lib/gcc/arm-none-eabi/4.9.3/../../../../arm-none-eabi/lib/armv6-m/libnosys.a(fstat.o)
 .bss           0x20002f58        0x0 /usr/bin/../lib/gcc/arm-none-eabi/4.9.3/../../../../arm-none-eabi/lib/armv6-m/libnosys.a(isatty.o)
 .bss           0x20002f58        0x0 /usr/bin/../lib/gcc/arm-none-eabi/4.9.3/../../../../arm-none-eabi/lib/armv6-m/libnosys.a(lseek.o)
 .bss           0x20002f58        0x0 /usr/bin/../lib/gcc/arm-none-eabi/4.9.3/../../../../arm-none-eabi/lib/armv6-m/libnosys.a(read.o)
 .bss           0x20002f58        0x0 /usr/bin/../lib/gcc/arm-none-eabi/4.9.3/../../../../arm-none-eabi/lib/armv6-m/libnosys.a(sbrk.o)
 .bss.heap_end.4079
                0x20002f58        0x4 /usr/bin/../lib/gcc/arm-none-eabi/4.9.3/../../../../arm-none-eabi/lib/armv6-m/libnosys.a(sbrk.o)
 .bss           0x20002f5c        0x0 /usr/bin/../lib/gcc/arm-none-eabi/4.9.3/../../../../arm-none-eabi/lib/armv6-m/libnosys.a(write.o)
 .bss           0x20002f5c        0x0 /usr/bin/../lib/gcc/arm-none-eabi/4.9.3/../../../../arm-none-eabi/lib/armv6-m/libnosys.a(_exit.o)
 *(COMMON)
 COMMON         0x20002f5c       0x47 src/swd.o
                0x20002f5c                rx_data
                0x20002f80                tx_data
 *fill*         0x20002fa3        0x1 
 COMMON         0x20002fa4       0x80 src/ow/ownet.o
                0x20002fa4                SerialNum
 COMMON         0x20003024       0x30 src/ow/crcutil.o
                0x20003024                utilcrc8
                0x20003034                utilcrc16
 COMMON         0x20003054        0x4 /usr/bin/../lib/gcc/arm-none-eabi/4.9.3/../../../../arm-none-eabi/lib/armv6-m/libc_nano.a(lib_a-reent.o)
                0x20003054                errno
                0x20003058                . = ALIGN (0x4)
                0x20003058                __bss_end__ = .

.heap           0x20003058       0x80
                0x20003058                __end__ = .
                0x20003058                end = __end__
 *(.heap*)
 .heap          0x20003058       0x80 gcc_startup_nrf51.o
                0x20003058                __HeapBase
                0x200030d8                __HeapLimit = .

.stack_dummy    0x20003058      0x800
 *(.stack*)
 .stack         0x20003058      0x800 gcc_startup_nrf51.o
                0x20004000                __StackTop = (ORIGIN (RAM) + 0x2000)
                0x20003800                __StackLimit = (__StackTop - SIZEOF (.stack_dummy))
                0x20004000                PROVIDE (__stack, __StackTop)
                0x00000001                ASSERT ((__StackLimit >= __HeapLimit), region RAM overflowed with stack)
OUTPUT(cf2_nrf.elf elf32-littlearm)

.ARM.attributes
                0x00000000       0x28
 .ARM.attributes
                0x00000000       0x1e /usr/bin/../lib/gcc/arm-none-eabi/4.9.3/armv6-m/crti.o
 .ARM.attributes
                0x0000001e       0x2c /usr/bin/../lib/gcc/arm-none-eabi/4.9.3/armv6-m/crtbegin.o
 .ARM.attributes
                0x0000004a       0x1b /usr/bin/../lib/gcc/arm-none-eabi/4.9.3/../../../../arm-none-eabi/lib/armv6-m/crt0.o
 .ARM.attributes
                0x00000065       0x2d src/ble/ble.o
 .ARM.attributes
                0x00000092       0x2d src/ble/ble_crazyflies.o
 .ARM.attributes
                0x000000bf       0x2d src/ble/timeslot.o
 .ARM.attributes
                0x000000ec       0x2d nrf51_sdk/nrf51822/Source/ble/ble_advdata.o
 .ARM.attributes
                0x00000119       0x2d nrf51_sdk/nrf51822/Source/ble/ble_conn_params.o
 .ARM.attributes
                0x00000146       0x2d nrf51_sdk/nrf51822/Source/ble/ble_services/ble_srv_common.o
 .ARM.attributes
                0x00000173       0x2d nrf51_sdk/nrf51822/Source/ble/ble_services/ble_dis.o
 .ARM.attributes
                0x000001a0       0x2d nrf51_sdk/nrf51822/Source/sd_common/softdevice_handler.o
 .ARM.attributes
                0x000001cd       0x2d nrf51_sdk/nrf51822/Source/app_common/app_timer.o
 .ARM.attributes
                0x000001fa       0x2d src/slave/main.o
 .ARM.attributes
                0x00000227       0x2d src/slave/esb.o
 .ARM.attributes
                0x00000254       0x1b gcc_startup_nrf51.o
 .ARM.attributes
                0x0000026f       0x2d system_nrf51.o
 .ARM.attributes
                0x0000029c       0x2d src/uart.o
 .ARM.attributes
                0x000002c9       0x2d src/syslink.o
 .ARM.attributes
                0x000002f6       0x2d src/pm.o
 .ARM.attributes
                0x00000323       0x2d src/systick.o
 .ARM.attributes
                0x00000350       0x2d src/button.o
 .ARM.attributes
                0x0000037d       0x2d src/swd.o
 .ARM.attributes
                0x000003aa       0x2d src/ow.o
 .ARM.attributes
                0x000003d7       0x2d src/ow/owlnk.o
 .ARM.attributes
                0x00000404       0x2d src/ow/ownet.o
 .ARM.attributes
                0x00000431       0x2d src/ow/owtran.o
 .ARM.attributes
                0x0000045e       0x2d src/ow/crcutil.o
 .ARM.attributes
                0x0000048b       0x2d src/ds2431.o
 .ARM.attributes
                0x000004b8       0x2d src/ds28e05.o
 .ARM.attributes
                0x000004e5       0x2d src/memory.o
 .ARM.attributes
                0x00000512       0x1e /usr/bin/../lib/gcc/arm-none-eabi/4.9.3/armv6-m/libgcc.a(_divsi3.o)
 .ARM.attributes
                0x00000530       0x1e /usr/bin/../lib/gcc/arm-none-eabi/4.9.3/armv6-m/libgcc.a(_dvmd_tls.o)
 .ARM.attributes
                0x0000054e       0x2c /usr/bin/../lib/gcc/arm-none-eabi/4.9.3/armv6-m/libgcc.a(divsf3.o)
 .ARM.attributes
                0x0000057a       0x2c /usr/bin/../lib/gcc/arm-none-eabi/4.9.3/armv6-m/libgcc.a(mulsf3.o)
 .ARM.attributes
                0x000005a6       0x2c /usr/bin/../lib/gcc/arm-none-eabi/4.9.3/armv6-m/libgcc.a(floatsisf.o)
 .ARM.attributes
                0x000005d2       0x1e /usr/bin/../lib/gcc/arm-none-eabi/4.9.3/armv6-m/libgcc.a(_clzsi2.o)
 .ARM.attributes
                0x000005f0       0x2c /usr/bin/../lib/gcc/arm-none-eabi/4.9.3/../../../../arm-none-eabi/lib/armv6-m/libc_nano.a(lib_a-bzero.o)
 .ARM.attributes
                0x0000061c       0x2c /usr/bin/../lib/gcc/arm-none-eabi/4.9.3/../../../../arm-none-eabi/lib/armv6-m/libc_nano.a(lib_a-errno.o)
 .ARM.attributes
                0x00000648       0x2c /usr/bin/../lib/gcc/arm-none-eabi/4.9.3/../../../../arm-none-eabi/lib/armv6-m/libc_nano.a(lib_a-exit.o)
 .ARM.attributes
                0x00000674       0x2c /usr/bin/../lib/gcc/arm-none-eabi/4.9.3/../../../../arm-none-eabi/lib/armv6-m/libc_nano.a(lib_a-impure.o)
 .ARM.attributes
                0x000006a0       0x2c /usr/bin/../lib/gcc/arm-none-eabi/4.9.3/../../../../arm-none-eabi/lib/armv6-m/libc_nano.a(lib_a-init.o)
 .ARM.attributes
                0x000006cc       0x2c /usr/bin/../lib/gcc/arm-none-eabi/4.9.3/../../../../arm-none-eabi/lib/armv6-m/libc_nano.a(lib_a-memcmp.o)
 .ARM.attributes
                0x000006f8       0x2c /usr/bin/../lib/gcc/arm-none-eabi/4.9.3/../../../../arm-none-eabi/lib/armv6-m/libc_nano.a(lib_a-memcpy.o)
 .ARM.attributes
                0x00000724       0x2c /usr/bin/../lib/gcc/arm-none-eabi/4.9.3/../../../../arm-none-eabi/lib/armv6-m/libc_nano.a(lib_a-memset.o)
 .ARM.attributes
                0x00000750       0x2c /usr/bin/../lib/gcc/arm-none-eabi/4.9.3/../../../../arm-none-eabi/lib/armv6-m/libc_nano.a(lib_a-printf.o)
 .ARM.attributes
                0x0000077c       0x2c /usr/bin/../lib/gcc/arm-none-eabi/4.9.3/../../../../arm-none-eabi/lib/armv6-m/libc_nano.a(lib_a-rand.o)
 .ARM.attributes
                0x000007a8       0x2c /usr/bin/../lib/gcc/arm-none-eabi/4.9.3/../../../../arm-none-eabi/lib/armv6-m/libc_nano.a(lib_a-strlen.o)
 .ARM.attributes
                0x000007d4       0x2c /usr/bin/../lib/gcc/arm-none-eabi/4.9.3/../../../../arm-none-eabi/lib/armv6-m/libc_nano.a(lib_a-findfp.o)
 .ARM.attributes
                0x00000800       0x2c /usr/bin/../lib/gcc/arm-none-eabi/4.9.3/../../../../arm-none-eabi/lib/armv6-m/libc_nano.a(lib_a-fwalk.o)
 .ARM.attributes
                0x0000082c       0x2c /usr/bin/../lib/gcc/arm-none-eabi/4.9.3/../../../../arm-none-eabi/lib/armv6-m/libc_nano.a(lib_a-malloc.o)
 .ARM.attributes
                0x00000858       0x2c /usr/bin/../lib/gcc/arm-none-eabi/4.9.3/../../../../arm-none-eabi/lib/armv6-m/libc_nano.a(lib_a-nano-freer.o)
 .ARM.attributes
                0x00000884       0x2c /usr/bin/../lib/gcc/arm-none-eabi/4.9.3/../../../../arm-none-eabi/lib/armv6-m/libc_nano.a(lib_a-nano-mallocr.o)
 .ARM.attributes
                0x000008b0       0x2c /usr/bin/../lib/gcc/arm-none-eabi/4.9.3/../../../../arm-none-eabi/lib/armv6-m/libc_nano.a(lib_a-nano-vfprintf.o)
 .ARM.attributes
                0x000008dc       0x2c /usr/bin/../lib/gcc/arm-none-eabi/4.9.3/../../../../arm-none-eabi/lib/armv6-m/libc_nano.a(lib_a-nano-vfprintf_i.o)
 .ARM.attributes
                0x00000908       0x2c /usr/bin/../lib/gcc/arm-none-eabi/4.9.3/../../../../arm-none-eabi/lib/armv6-m/libc_nano.a(lib_a-sbrkr.o)
 .ARM.attributes
                0x00000934       0x2c /usr/bin/../lib/gcc/arm-none-eabi/4.9.3/../../../../arm-none-eabi/lib/armv6-m/libc_nano.a(lib_a-stdio.o)
 .ARM.attributes
                0x00000960       0x2c /usr/bin/../lib/gcc/arm-none-eabi/4.9.3/../../../../arm-none-eabi/lib/armv6-m/libc_nano.a(lib_a-wbuf.o)
 .ARM.attributes
                0x0000098c       0x2c /usr/bin/../lib/gcc/arm-none-eabi/4.9.3/../../../../arm-none-eabi/lib/armv6-m/libc_nano.a(lib_a-writer.o)
 .ARM.attributes
                0x000009b8       0x2c /usr/bin/../lib/gcc/arm-none-eabi/4.9.3/../../../../arm-none-eabi/lib/armv6-m/libc_nano.a(lib_a-wsetup.o)
 .ARM.attributes
                0x000009e4       0x2c /usr/bin/../lib/gcc/arm-none-eabi/4.9.3/../../../../arm-none-eabi/lib/armv6-m/libc_nano.a(lib_a-closer.o)
 .ARM.attributes
                0x00000a10       0x2c /usr/bin/../lib/gcc/arm-none-eabi/4.9.3/../../../../arm-none-eabi/lib/armv6-m/libc_nano.a(lib_a-fflush.o)
 .ARM.attributes
                0x00000a3c       0x2c /usr/bin/../lib/gcc/arm-none-eabi/4.9.3/../../../../arm-none-eabi/lib/armv6-m/libc_nano.a(lib_a-fvwrite.o)
 .ARM.attributes
                0x00000a68       0x2c /usr/bin/../lib/gcc/arm-none-eabi/4.9.3/../../../../arm-none-eabi/lib/armv6-m/libc_nano.a(lib_a-lseekr.o)
 .ARM.attributes
                0x00000a94       0x2c /usr/bin/../lib/gcc/arm-none-eabi/4.9.3/../../../../arm-none-eabi/lib/armv6-m/libc_nano.a(lib_a-makebuf.o)
 .ARM.attributes
                0x00000ac0       0x2c /usr/bin/../lib/gcc/arm-none-eabi/4.9.3/../../../../arm-none-eabi/lib/armv6-m/libc_nano.a(lib_a-memchr.o)
 .ARM.attributes
                0x00000aec       0x2c /usr/bin/../lib/gcc/arm-none-eabi/4.9.3/../../../../arm-none-eabi/lib/armv6-m/libc_nano.a(lib_a-memmove.o)
 .ARM.attributes
                0x00000b18       0x2c /usr/bin/../lib/gcc/arm-none-eabi/4.9.3/../../../../arm-none-eabi/lib/armv6-m/libc_nano.a(lib_a-nano-reallocr.o)
 .ARM.attributes
                0x00000b44       0x2c /usr/bin/../lib/gcc/arm-none-eabi/4.9.3/../../../../arm-none-eabi/lib/armv6-m/libc_nano.a(lib_a-readr.o)
 .ARM.attributes
                0x00000b70       0x2c /usr/bin/../lib/gcc/arm-none-eabi/4.9.3/../../../../arm-none-eabi/lib/armv6-m/libc_nano.a(lib_a-reent.o)
 .ARM.attributes
                0x00000b9c       0x2c /usr/bin/../lib/gcc/arm-none-eabi/4.9.3/../../../../arm-none-eabi/lib/armv6-m/libc_nano.a(lib_a-fstatr.o)
 .ARM.attributes
                0x00000bc8       0x2c /usr/bin/../lib/gcc/arm-none-eabi/4.9.3/../../../../arm-none-eabi/lib/armv6-m/libc_nano.a(lib_a-isattyr.o)
 .ARM.attributes
                0x00000bf4       0x2c /usr/bin/../lib/gcc/arm-none-eabi/4.9.3/../../../../arm-none-eabi/lib/armv6-m/libc_nano.a(lib_a-nano-msizer.o)
 .ARM.attributes
                0x00000c20       0x1e /usr/bin/../lib/gcc/arm-none-eabi/4.9.3/armv6-m/libgcc.a(_udivsi3.o)
 .ARM.attributes
                0x00000c3e       0x2c /usr/bin/../lib/gcc/arm-none-eabi/4.9.3/armv6-m/libgcc.a(_muldi3.o)
 .ARM.attributes
                0x00000c6a       0x2c /usr/bin/../lib/gcc/arm-none-eabi/4.9.3/armv6-m/crtend.o
 .ARM.attributes
                0x00000c96       0x1e /usr/bin/../lib/gcc/arm-none-eabi/4.9.3/armv6-m/crtn.o
 .ARM.attributes
                0x00000cb4       0x2c /usr/bin/../lib/gcc/arm-none-eabi/4.9.3/../../../../arm-none-eabi/lib/armv6-m/libnosys.a(close.o)
 .ARM.attributes
                0x00000ce0       0x2c /usr/bin/../lib/gcc/arm-none-eabi/4.9.3/../../../../arm-none-eabi/lib/armv6-m/libnosys.a(fstat.o)
 .ARM.attributes
                0x00000d0c       0x2c /usr/bin/../lib/gcc/arm-none-eabi/4.9.3/../../../../arm-none-eabi/lib/armv6-m/libnosys.a(isatty.o)
 .ARM.attributes
                0x00000d38       0x2c /usr/bin/../lib/gcc/arm-none-eabi/4.9.3/../../../../arm-none-eabi/lib/armv6-m/libnosys.a(lseek.o)
 .ARM.attributes
                0x00000d64       0x2c /usr/bin/../lib/gcc/arm-none-eabi/4.9.3/../../../../arm-none-eabi/lib/armv6-m/libnosys.a(read.o)
 .ARM.attributes
                0x00000d90       0x2c /usr/bin/../lib/gcc/arm-none-eabi/4.9.3/../../../../arm-none-eabi/lib/armv6-m/libnosys.a(sbrk.o)
 .ARM.attributes
                0x00000dbc       0x2c /usr/bin/../lib/gcc/arm-none-eabi/4.9.3/../../../../arm-none-eabi/lib/armv6-m/libnosys.a(write.o)
 .ARM.attributes
                0x00000de8       0x2c /usr/bin/../lib/gcc/arm-none-eabi/4.9.3/../../../../arm-none-eabi/lib/armv6-m/libnosys.a(_exit.o)

.comment        0x00000000       0x70
 .comment       0x00000000       0x70 src/ble/ble.o
                                 0x71 (size before relaxing)
 .comment       0x00000000       0x71 src/ble/ble_crazyflies.o
 .comment       0x00000000       0x71 src/ble/timeslot.o
 .comment       0x00000000       0x71 nrf51_sdk/nrf51822/Source/ble/ble_advdata.o
 .comment       0x00000000       0x71 nrf51_sdk/nrf51822/Source/ble/ble_conn_params.o
 .comment       0x00000000       0x71 nrf51_sdk/nrf51822/Source/ble/ble_services/ble_srv_common.o
 .comment       0x00000000       0x71 nrf51_sdk/nrf51822/Source/ble/ble_services/ble_dis.o
 .comment       0x00000000       0x71 nrf51_sdk/nrf51822/Source/sd_common/softdevice_handler.o
 .comment       0x00000000       0x71 nrf51_sdk/nrf51822/Source/app_common/app_timer.o
 .comment       0x00000000       0x71 src/slave/main.o
 .comment       0x00000000       0x71 src/slave/esb.o
 .comment       0x00000000       0x71 system_nrf51.o
 .comment       0x00000000       0x71 src/uart.o
 .comment       0x00000000       0x71 src/syslink.o
 .comment       0x00000000       0x71 src/pm.o
 .comment       0x00000000       0x71 src/systick.o
 .comment       0x00000000       0x71 src/button.o
 .comment       0x00000000       0x71 src/swd.o
 .comment       0x00000000       0x71 src/ow.o
 .comment       0x00000000       0x71 src/ow/owlnk.o
 .comment       0x00000000       0x71 src/ow/ownet.o
 .comment       0x00000000       0x71 src/ow/owtran.o
 .comment       0x00000000       0x71 src/ow/crcutil.o
 .comment       0x00000000       0x71 src/ds2431.o
 .comment       0x00000000       0x71 src/ds28e05.o
 .comment       0x00000000       0x71 src/memory.o

.debug_info     0x00000000    0x1dc82
 .debug_info    0x00000000     0x3eb9 src/ble/ble.o
 .debug_info    0x00003eb9     0x2942 src/ble/ble_crazyflies.o
 .debug_info    0x000067fb     0x1257 src/ble/timeslot.o
 .debug_info    0x00007a52     0x20d3 nrf51_sdk/nrf51822/Source/ble/ble_advdata.o
 .debug_info    0x00009b25     0x2a67 nrf51_sdk/nrf51822/Source/ble/ble_conn_params.o
 .debug_info    0x0000c58c      0xa44 nrf51_sdk/nrf51822/Source/ble/ble_services/ble_srv_common.o
 .debug_info    0x0000cfd0     0x16d5 nrf51_sdk/nrf51822/Source/ble/ble_services/ble_dis.o
 .debug_info    0x0000e6a5     0x3624 nrf51_sdk/nrf51822/Source/sd_common/softdevice_handler.o
 .debug_info    0x00011cc9     0x1f4e nrf51_sdk/nrf51822/Source/app_common/app_timer.o
 .debug_info    0x00013c17     0x318e src/slave/main.o
 .debug_info    0x00016da5     0x2172 src/slave/esb.o
 .debug_info    0x00018f17      0x1e7 system_nrf51.o
 .debug_info    0x000190fe      0x93d src/uart.o
 .debug_info    0x00019a3b      0x1f0 src/syslink.o
 .debug_info    0x00019c2b     0x16ca src/pm.o
 .debug_info    0x0001b2f5      0x5ab src/systick.o
 .debug_info    0x0001b8a0      0x2ad src/button.o
 .debug_info    0x0001bb4d      0x485 src/swd.o
 .debug_info    0x0001bfd2      0x6aa src/ow.o
 .debug_info    0x0001c67c      0x5c4 src/ow/owlnk.o
 .debug_info    0x0001cc40      0x48a src/ow/ownet.o
 .debug_info    0x0001d0ca      0x17e src/ow/owtran.o
 .debug_info    0x0001d248      0x1e6 src/ow/crcutil.o
 .debug_info    0x0001d42e      0x303 src/ds2431.o
 .debug_info    0x0001d731      0x250 src/ds28e05.o
 .debug_info    0x0001d981      0x301 src/memory.o

.debug_abbrev   0x00000000     0x31fc
 .debug_abbrev  0x00000000      0x354 src/ble/ble.o
 .debug_abbrev  0x00000354      0x305 src/ble/ble_crazyflies.o
 .debug_abbrev  0x00000659      0x1f7 src/ble/timeslot.o
 .debug_abbrev  0x00000850      0x288 nrf51_sdk/nrf51822/Source/ble/ble_advdata.o
 .debug_abbrev  0x00000ad8      0x33d nrf51_sdk/nrf51822/Source/ble/ble_conn_params.o
 .debug_abbrev  0x00000e15      0x1ae nrf51_sdk/nrf51822/Source/ble/ble_services/ble_srv_common.o
 .debug_abbrev  0x00000fc3      0x247 nrf51_sdk/nrf51822/Source/ble/ble_services/ble_dis.o
 .debug_abbrev  0x0000120a      0x311 nrf51_sdk/nrf51822/Source/sd_common/softdevice_handler.o
 .debug_abbrev  0x0000151b      0x367 nrf51_sdk/nrf51822/Source/app_common/app_timer.o
 .debug_abbrev  0x00001882      0x326 src/slave/main.o
 .debug_abbrev  0x00001ba8      0x3cc src/slave/esb.o
 .debug_abbrev  0x00001f74       0xf4 system_nrf51.o
 .debug_abbrev  0x00002068      0x205 src/uart.o
 .debug_abbrev  0x0000226d       0xec src/syslink.o
 .debug_abbrev  0x00002359      0x2c1 src/pm.o
 .debug_abbrev  0x0000261a      0x156 src/systick.o
 .debug_abbrev  0x00002770      0x142 src/button.o
 .debug_abbrev  0x000028b2      0x14a src/swd.o
 .debug_abbrev  0x000029fc      0x15a src/ow.o
 .debug_abbrev  0x00002b56      0x179 src/ow/owlnk.o
 .debug_abbrev  0x00002ccf      0x12e src/ow/ownet.o
 .debug_abbrev  0x00002dfd       0xa6 src/ow/owtran.o
 .debug_abbrev  0x00002ea3       0xc0 src/ow/crcutil.o
 .debug_abbrev  0x00002f63       0xb8 src/ds2431.o
 .debug_abbrev  0x0000301b       0xb8 src/ds28e05.o
 .debug_abbrev  0x000030d3      0x129 src/memory.o

.debug_aranges  0x00000000      0x340
 .debug_aranges
                0x00000000       0x20 src/ble/ble.o
 .debug_aranges
                0x00000020       0x20 src/ble/ble_crazyflies.o
 .debug_aranges
                0x00000040       0x20 src/ble/timeslot.o
 .debug_aranges
                0x00000060       0x20 nrf51_sdk/nrf51822/Source/ble/ble_advdata.o
 .debug_aranges
                0x00000080       0x20 nrf51_sdk/nrf51822/Source/ble/ble_conn_params.o
 .debug_aranges
                0x000000a0       0x20 nrf51_sdk/nrf51822/Source/ble/ble_services/ble_srv_common.o
 .debug_aranges
                0x000000c0       0x20 nrf51_sdk/nrf51822/Source/ble/ble_services/ble_dis.o
 .debug_aranges
                0x000000e0       0x20 nrf51_sdk/nrf51822/Source/sd_common/softdevice_handler.o
 .debug_aranges
                0x00000100       0x20 nrf51_sdk/nrf51822/Source/app_common/app_timer.o
 .debug_aranges
                0x00000120       0x20 src/slave/main.o
 .debug_aranges
                0x00000140       0x20 src/slave/esb.o
 .debug_aranges
                0x00000160       0x20 system_nrf51.o
 .debug_aranges
                0x00000180       0x20 src/uart.o
 .debug_aranges
                0x000001a0       0x20 src/syslink.o
 .debug_aranges
                0x000001c0       0x20 src/pm.o
 .debug_aranges
                0x000001e0       0x20 src/systick.o
 .debug_aranges
                0x00000200       0x20 src/button.o
 .debug_aranges
                0x00000220       0x20 src/swd.o
 .debug_aranges
                0x00000240       0x20 src/ow.o
 .debug_aranges
                0x00000260       0x20 src/ow/owlnk.o
 .debug_aranges
                0x00000280       0x20 src/ow/ownet.o
 .debug_aranges
                0x000002a0       0x20 src/ow/owtran.o
 .debug_aranges
                0x000002c0       0x20 src/ow/crcutil.o
 .debug_aranges
                0x000002e0       0x20 src/ds2431.o
 .debug_aranges
                0x00000300       0x20 src/ds28e05.o
 .debug_aranges
                0x00000320       0x20 src/memory.o

.debug_macro    0x00000000     0xfad1
 .debug_macro   0x00000000      0x427 src/ble/ble.o
 .debug_macro   0x00000427      0x84a src/ble/ble.o
 .debug_macro   0x00000c71       0x22 src/ble/ble.o
 .debug_macro   0x00000c93       0x44 src/ble/ble.o
 .debug_macro   0x00000cd7       0xe3 src/ble/ble.o
 .debug_macro   0x00000dba       0x22 src/ble/ble.o
 .debug_macro   0x00000ddc      0x1df src/ble/ble.o
 .debug_macro   0x00000fbb       0x58 src/ble/ble.o
 .debug_macro   0x00001013       0x35 src/ble/ble.o
 .debug_macro   0x00001048       0x9c src/ble/ble.o
 .debug_macro   0x000010e4      0x166 src/ble/ble.o
 .debug_macro   0x0000124a       0x52 src/ble/ble.o
 .debug_macro   0x0000129c       0x16 src/ble/ble.o
 .debug_macro   0x000012b2       0x43 src/ble/ble.o
 .debug_macro   0x000012f5      0x180 src/ble/ble.o
 .debug_macro   0x00001475      0x29d src/ble/ble.o
 .debug_macro   0x00001712       0x10 src/ble/ble.o
 .debug_macro   0x00001722       0x35 src/ble/ble.o
 .debug_macro   0x00001757       0xf4 src/ble/ble.o
 .debug_macro   0x0000184b       0x22 src/ble/ble.o
 .debug_macro   0x0000186d       0x3a src/ble/ble.o
 .debug_macro   0x000018a7       0x1f src/ble/ble.o
 .debug_macro   0x000018c6      0x242 src/ble/ble.o
 .debug_macro   0x00001b08      0x1d2 src/ble/ble.o
 .debug_macro   0x00001cda     0x74a3 src/ble/ble.o
 .debug_macro   0x0000917d      0x963 src/ble/ble.o
 .debug_macro   0x00009ae0       0x10 src/ble/ble.o
 .debug_macro   0x00009af0       0x22 src/ble/ble.o
 .debug_macro   0x00009b12       0x8e src/ble/ble.o
 .debug_macro   0x00009ba0       0x16 src/ble/ble.o
 .debug_macro   0x00009bb6       0x1c src/ble/ble.o
 .debug_macro   0x00009bd2       0x10 src/ble/ble.o
 .debug_macro   0x00009be2       0x10 src/ble/ble.o
 .debug_macro   0x00009bf2       0x22 src/ble/ble.o
 .debug_macro   0x00009c14       0xbe src/ble/ble.o
 .debug_macro   0x00009cd2       0x16 src/ble/ble.o
 .debug_macro   0x00009ce8      0x197 src/ble/ble.o
 .debug_macro   0x00009e7f       0x22 src/ble/ble.o
 .debug_macro   0x00009ea1       0x1c src/ble/ble.o
 .debug_macro   0x00009ebd       0x41 src/ble/ble.o
 .debug_macro   0x00009efe       0xd6 src/ble/ble.o
 .debug_macro   0x00009fd4      0x1e1 src/ble/ble.o
 .debug_macro   0x0000a1b5       0x10 src/ble/ble.o
 .debug_macro   0x0000a1c5      0x308 src/ble/ble.o
 .debug_macro   0x0000a4cd       0x34 src/ble/ble.o
 .debug_macro   0x0000a501       0x22 src/ble/ble.o
 .debug_macro   0x0000a523      0x1d5 src/ble/ble.o
 .debug_macro   0x0000a6f8       0x16 src/ble/ble.o
 .debug_macro   0x0000a70e       0xb8 src/ble/ble.o
 .debug_macro   0x0000a7c6       0x1c src/ble/ble.o
 .debug_macro   0x0000a7e2      0x245 src/ble/ble.o
 .debug_macro   0x0000aa27       0x3a src/ble/ble.o
 .debug_macro   0x0000aa61       0x16 src/ble/ble.o
 .debug_macro   0x0000aa77       0x16 src/ble/ble.o
 .debug_macro   0x0000aa8d       0x16 src/ble/ble.o
 .debug_macro   0x0000aaa3       0x29 src/ble/ble.o
 .debug_macro   0x0000aacc       0x46 src/ble/ble.o
 .debug_macro   0x0000ab12       0x64 src/ble/ble.o
 .debug_macro   0x0000ab76       0x1c src/ble/ble.o
 .debug_macro   0x0000ab92       0x16 src/ble/ble.o
 .debug_macro   0x0000aba8       0x10 src/ble/ble.o
 .debug_macro   0x0000abb8       0x16 src/ble/ble.o
 .debug_macro   0x0000abce       0x2e src/ble/ble.o
 .debug_macro   0x0000abfc       0x1c src/ble/ble.o
 .debug_macro   0x0000ac18      0x1d4 src/ble/ble_crazyflies.o
 .debug_macro   0x0000adec      0x10e src/ble/ble_crazyflies.o
 .debug_macro   0x0000aefa       0x7f src/ble/ble_crazyflies.o
 .debug_macro   0x0000af79       0x4a src/ble/ble_crazyflies.o
 .debug_macro   0x0000afc3       0x16 src/ble/ble_crazyflies.o
 .debug_macro   0x0000afd9      0x1db src/ble/ble_crazyflies.o
 .debug_macro   0x0000b1b4      0x1d0 src/ble/timeslot.o
 .debug_macro   0x0000b384       0x40 src/ble/timeslot.o
 .debug_macro   0x0000b3c4      0x1d6 nrf51_sdk/nrf51822/Source/ble/ble_advdata.o
 .debug_macro   0x0000b59a       0x1c nrf51_sdk/nrf51822/Source/ble/ble_advdata.o
 .debug_macro   0x0000b5b6      0x265 nrf51_sdk/nrf51822/Source/ble/ble_conn_params.o
 .debug_macro   0x0000b81b       0xa6 nrf51_sdk/nrf51822/Source/ble/ble_conn_params.o
 .debug_macro   0x0000b8c1      0x184 nrf51_sdk/nrf51822/Source/ble/ble_services/ble_srv_common.o
 .debug_macro   0x0000ba45      0x20a nrf51_sdk/nrf51822/Source/ble/ble_services/ble_dis.o
 .debug_macro   0x0000bc4f       0x10 nrf51_sdk/nrf51822/Source/ble/ble_services/ble_dis.o
 .debug_macro   0x0000bc5f       0xb2 nrf51_sdk/nrf51822/Source/ble/ble_services/ble_dis.o
 .debug_macro   0x0000bd11      0x284 nrf51_sdk/nrf51822/Source/sd_common/softdevice_handler.o
 .debug_macro   0x0000bf95       0x16 nrf51_sdk/nrf51822/Source/sd_common/softdevice_handler.o
 .debug_macro   0x0000bfab      0x30e nrf51_sdk/nrf51822/Source/sd_common/softdevice_handler.o
 .debug_macro   0x0000c2b9       0x3a nrf51_sdk/nrf51822/Source/sd_common/softdevice_handler.o
 .debug_macro   0x0000c2f3       0x10 nrf51_sdk/nrf51822/Source/sd_common/softdevice_handler.o
 .debug_macro   0x0000c303       0x10 nrf51_sdk/nrf51822/Source/sd_common/softdevice_handler.o
 .debug_macro   0x0000c313      0x2a8 nrf51_sdk/nrf51822/Source/app_common/app_timer.o
 .debug_macro   0x0000c5bb       0x16 nrf51_sdk/nrf51822/Source/app_common/app_timer.o
 .debug_macro   0x0000c5d1       0x97 nrf51_sdk/nrf51822/Source/app_common/app_timer.o
 .debug_macro   0x0000c668       0xef nrf51_sdk/nrf51822/Source/app_common/app_timer.o
 .debug_macro   0x0000c757      0x976 nrf51_sdk/nrf51822/Source/app_common/app_timer.o
 .debug_macro   0x0000d0cd       0x28 nrf51_sdk/nrf51822/Source/app_common/app_timer.o
 .debug_macro   0x0000d0f5      0x33b src/slave/main.o
 .debug_macro   0x0000d430      0x84a src/slave/main.o
 .debug_macro   0x0000dc7a       0x76 src/slave/main.o
 .debug_macro   0x0000dcf0       0xbe src/slave/main.o
 .debug_macro   0x0000ddae       0x1c src/slave/main.o
 .debug_macro   0x0000ddca       0x28 src/slave/main.o
 .debug_macro   0x0000ddf2       0x16 src/slave/main.o
 .debug_macro   0x0000de08      0x425 src/slave/main.o
 .debug_macro   0x0000e22d      0x234 src/slave/esb.o
 .debug_macro   0x0000e461       0x16 src/slave/esb.o
 .debug_macro   0x0000e477       0xd0 system_nrf51.o
 .debug_macro   0x0000e547       0xe9 src/uart.o
 .debug_macro   0x0000e630       0xfa src/syslink.o
 .debug_macro   0x0000e72a       0x70 src/syslink.o
 .debug_macro   0x0000e79a      0x146 src/pm.o
 .debug_macro   0x0000e8e0       0x22 src/pm.o
 .debug_macro   0x0000e902       0x22 src/pm.o
 .debug_macro   0x0000e924       0xbd src/systick.o
 .debug_macro   0x0000e9e1       0xf6 src/button.o
 .debug_macro   0x0000ead7       0xf3 src/swd.o
 .debug_macro   0x0000ebca      0x179 src/ow.o
 .debug_macro   0x0000ed43       0x10 src/ow.o
 .debug_macro   0x0000ed53      0x23b src/ow.o
 .debug_macro   0x0000ef8e      0x207 src/ow/owlnk.o
 .debug_macro   0x0000f195      0x150 src/ow/ownet.o
 .debug_macro   0x0000f2e5      0x14a src/ow/owtran.o
 .debug_macro   0x0000f42f      0x14a src/ow/crcutil.o
 .debug_macro   0x0000f579      0x1a7 src/ds2431.o
 .debug_macro   0x0000f720      0x1cf src/ds28e05.o
 .debug_macro   0x0000f8ef      0x1d2 src/memory.o
 .debug_macro   0x0000fac1       0x10 src/memory.o

.debug_line     0x00000000     0x662d
 .debug_line    0x00000000      0x8b4 src/ble/ble.o
 .debug_line    0x000008b4      0x494 src/ble/ble_crazyflies.o
 .debug_line    0x00000d48      0x3cd src/ble/timeslot.o
 .debug_line    0x00001115      0x5cc nrf51_sdk/nrf51822/Source/ble/ble_advdata.o
 .debug_line    0x000016e1      0x59f nrf51_sdk/nrf51822/Source/ble/ble_conn_params.o
 .debug_line    0x00001c80      0x393 nrf51_sdk/nrf51822/Source/ble/ble_services/ble_srv_common.o
 .debug_line    0x00002013      0x4c1 nrf51_sdk/nrf51822/Source/ble/ble_services/ble_dis.o
 .debug_line    0x000024d4      0x67e nrf51_sdk/nrf51822/Source/sd_common/softdevice_handler.o
 .debug_line    0x00002b52      0x771 nrf51_sdk/nrf51822/Source/app_common/app_timer.o
 .debug_line    0x000032c3      0x717 src/slave/main.o
 .debug_line    0x000039da      0x537 src/slave/esb.o
 .debug_line    0x00003f11      0x21a system_nrf51.o
 .debug_line    0x0000412b      0x289 src/uart.o
 .debug_line    0x000043b4      0x285 src/syslink.o
 .debug_line    0x00004639      0x3d2 src/pm.o
 .debug_line    0x00004a0b      0x1ee src/systick.o
 .debug_line    0x00004bf9      0x23f src/button.o
 .debug_line    0x00004e38      0x259 src/swd.o
 .debug_line    0x00005091      0x2b6 src/ow.o
 .debug_line    0x00005347      0x385 src/ow/owlnk.o
 .debug_line    0x000056cc      0x352 src/ow/ownet.o
 .debug_line    0x00005a1e      0x227 src/ow/owtran.o
 .debug_line    0x00005c45      0x1f8 src/ow/crcutil.o
 .debug_line    0x00005e3d      0x298 src/ds2431.o
 .debug_line    0x000060d5      0x2b6 src/ds28e05.o
 .debug_line    0x0000638b      0x2a2 src/memory.o

.debug_str      0x00000000    0x40834
 .debug_str     0x00000000    0x3b424 src/ble/ble.o
                              0x3b8b0 (size before relaxing)
 .debug_str     0x0003b424      0x28d src/ble/ble_crazyflies.o
                               0xb212 (size before relaxing)
 .debug_str     0x0003b6b1      0x54a src/ble/timeslot.o
                              0x32fdf (size before relaxing)
 .debug_str     0x0003bbfb      0x29e nrf51_sdk/nrf51822/Source/ble/ble_advdata.o
                               0xbb9c (size before relaxing)
 .debug_str     0x0003be99      0x6ab nrf51_sdk/nrf51822/Source/ble/ble_conn_params.o
                               0xdc92 (size before relaxing)
 .debug_str     0x0003c544       0xd8 nrf51_sdk/nrf51822/Source/ble/ble_services/ble_srv_common.o
                               0xa56b (size before relaxing)
 .debug_str     0x0003c61c      0x17a nrf51_sdk/nrf51822/Source/ble/ble_services/ble_dis.o
                               0xb62c (size before relaxing)
 .debug_str     0x0003c796      0x216 nrf51_sdk/nrf51822/Source/sd_common/softdevice_handler.o
                              0x358e5 (size before relaxing)
 .debug_str     0x0003c9ac      0xbfd nrf51_sdk/nrf51822/Source/app_common/app_timer.o
                              0x34c68 (size before relaxing)
 .debug_str     0x0003d5a9     0x1cc2 src/slave/main.o
                              0x39ded (size before relaxing)
 .debug_str     0x0003f26b      0x4c0 src/slave/esb.o
                              0x35b22 (size before relaxing)
 .debug_str     0x0003f72b       0xf0 system_nrf51.o
                              0x2ed0d (size before relaxing)
 .debug_str     0x0003f81b      0x1e2 src/uart.o
                              0x2f323 (size before relaxing)
 .debug_str     0x0003f9fd       0xde src/syslink.o
                              0x2f12f (size before relaxing)
 .debug_str     0x0003fadb      0x19e src/pm.o
                              0x30d51 (size before relaxing)
 .debug_str     0x0003fc79       0x3b src/systick.o
                              0x2eedd (size before relaxing)
 .debug_str     0x0003fcb4       0x63 src/button.o
                              0x2f0ef (size before relaxing)
 .debug_str     0x0003fd17       0x9f src/swd.o
                              0x2f06c (size before relaxing)
 .debug_str     0x0003fdb6      0x48e src/ow.o
                              0x30bb2 (size before relaxing)
 .debug_str     0x00040244       0xdd src/ow/owlnk.o
                              0x33343 (size before relaxing)
 .debug_str     0x00040321      0x17c src/ow/ownet.o
                               0x6a75 (size before relaxing)
 .debug_str     0x0004049d       0x71 src/ow/owtran.o
                               0x6977 (size before relaxing)
 .debug_str     0x0004050e       0x60 src/ow/crcutil.o
                               0x695c (size before relaxing)
 .debug_str     0x0004056e       0xfe src/ds2431.o
                               0x73fb (size before relaxing)
 .debug_str     0x0004066c      0x139 src/ds28e05.o
                               0x7438 (size before relaxing)
 .debug_str     0x000407a5       0x8f src/memory.o
                               0x761e (size before relaxing)

.debug_frame    0x00000000     0x589c
 .debug_frame   0x00000000      0x8f8 src/ble/ble.o
 .debug_frame   0x000008f8      0x428 src/ble/ble_crazyflies.o
 .debug_frame   0x00000d20      0x3bc src/ble/timeslot.o
 .debug_frame   0x000010dc      0x550 nrf51_sdk/nrf51822/Source/ble/ble_advdata.o
 .debug_frame   0x0000162c      0x50c nrf51_sdk/nrf51822/Source/ble/ble_conn_params.o
 .debug_frame   0x00001b38      0x1a0 nrf51_sdk/nrf51822/Source/ble/ble_services/ble_srv_common.o
 .debug_frame   0x00001cd8      0x2e4 nrf51_sdk/nrf51822/Source/ble/ble_services/ble_dis.o
 .debug_frame   0x00001fbc      0x7e0 nrf51_sdk/nrf51822/Source/sd_common/softdevice_handler.o