Archive member included because of file (symbol)

/usr/bin/../lib/gcc/arm-none-eabi/4.9.3/armv6-m/libgcc.a(_divsi3.o)
                              src/main.o (__aeabi_idivmod)
/usr/bin/../lib/gcc/arm-none-eabi/4.9.3/armv6-m/libgcc.a(_dvmd_tls.o)
                              /usr/bin/../lib/gcc/arm-none-eabi/4.9.3/armv6-m/libgcc.a(_divsi3.o) (__aeabi_idiv0)
/usr/bin/../lib/gcc/arm-none-eabi/4.9.3/armv6-m/libgcc.a(divsf3.o)
                              src/pm.o (__aeabi_fdiv)
/usr/bin/../lib/gcc/arm-none-eabi/4.9.3/armv6-m/libgcc.a(mulsf3.o)
                              src/pm.o (__aeabi_fmul)
/usr/bin/../lib/gcc/arm-none-eabi/4.9.3/armv6-m/libgcc.a(floatsisf.o)
                              src/pm.o (__aeabi_i2f)
/usr/bin/../lib/gcc/arm-none-eabi/4.9.3/armv6-m/libgcc.a(_clzsi2.o)
                              /usr/bin/../lib/gcc/arm-none-eabi/4.9.3/armv6-m/libgcc.a(divsf3.o) (__clzsi2)
/usr/bin/../lib/gcc/arm-none-eabi/4.9.3/../../../../arm-none-eabi/lib/armv6-m/libc_nano.a(lib_a-bzero.o)
                              src/main.o (bzero)
/usr/bin/../lib/gcc/arm-none-eabi/4.9.3/../../../../arm-none-eabi/lib/armv6-m/libc_nano.a(lib_a-errno.o)
                              src/ow.o (__errno)
/usr/bin/../lib/gcc/arm-none-eabi/4.9.3/../../../../arm-none-eabi/lib/armv6-m/libc_nano.a(lib_a-exit.o)
                              /usr/bin/../lib/gcc/arm-none-eabi/4.9.3/../../../../arm-none-eabi/lib/armv6-m/crt0.o (exit)
/usr/bin/../lib/gcc/arm-none-eabi/4.9.3/../../../../arm-none-eabi/lib/armv6-m/libc_nano.a(lib_a-impure.o)
                              /usr/bin/../lib/gcc/arm-none-eabi/4.9.3/../../../../arm-none-eabi/lib/armv6-m/libc_nano.a(lib_a-exit.o) (_global_impure_ptr)
/usr/bin/../lib/gcc/arm-none-eabi/4.9.3/../../../../arm-none-eabi/lib/armv6-m/libc_nano.a(lib_a-init.o)
                              /usr/bin/../lib/gcc/arm-none-eabi/4.9.3/../../../../arm-none-eabi/lib/armv6-m/crt0.o (__libc_init_array)
/usr/bin/../lib/gcc/arm-none-eabi/4.9.3/../../../../arm-none-eabi/lib/armv6-m/libc_nano.a(lib_a-memcmp.o)
                              src/ds2431.o (memcmp)
/usr/bin/../lib/gcc/arm-none-eabi/4.9.3/../../../../arm-none-eabi/lib/armv6-m/libc_nano.a(lib_a-memcpy.o)
                              src/ble/ble.o (memcpy)
/usr/bin/../lib/gcc/arm-none-eabi/4.9.3/../../../../arm-none-eabi/lib/armv6-m/libc_nano.a(lib_a-memset.o)
                              /usr/bin/../lib/gcc/arm-none-eabi/4.9.3/../../../../arm-none-eabi/lib/armv6-m/crt0.o (memset)
/usr/bin/../lib/gcc/arm-none-eabi/4.9.3/../../../../arm-none-eabi/lib/armv6-m/libc_nano.a(lib_a-printf.o)
                              src/ds28e05.o (printf)
/usr/bin/../lib/gcc/arm-none-eabi/4.9.3/../../../../arm-none-eabi/lib/armv6-m/libc_nano.a(lib_a-rand.o)
                              src/main.o (srand)
/usr/bin/../lib/gcc/arm-none-eabi/4.9.3/../../../../arm-none-eabi/lib/armv6-m/libc_nano.a(lib_a-strlen.o)
                              nrf51_sdk/nrf51822/Source/ble/ble_services/ble_srv_common.o (strlen)
/usr/bin/../lib/gcc/arm-none-eabi/4.9.3/../../../../arm-none-eabi/lib/armv6-m/libc_nano.a(lib_a-time.o)
                              src/main.o (time)
/usr/bin/../lib/gcc/arm-none-eabi/4.9.3/../../../../arm-none-eabi/lib/armv6-m/libc_nano.a(lib_a-findfp.o)
                              /usr/bin/../lib/gcc/arm-none-eabi/4.9.3/../../../../arm-none-eabi/lib/armv6-m/libc_nano.a(lib_a-printf.o) (__sinit)
/usr/bin/../lib/gcc/arm-none-eabi/4.9.3/../../../../arm-none-eabi/lib/armv6-m/libc_nano.a(lib_a-fwalk.o)
                              /usr/bin/../lib/gcc/arm-none-eabi/4.9.3/../../../../arm-none-eabi/lib/armv6-m/libc_nano.a(lib_a-findfp.o) (_fwalk)
/usr/bin/../lib/gcc/arm-none-eabi/4.9.3/../../../../arm-none-eabi/lib/armv6-m/libc_nano.a(lib_a-gettimeofdayr.o)
                              /usr/bin/../lib/gcc/arm-none-eabi/4.9.3/../../../../arm-none-eabi/lib/armv6-m/libc_nano.a(lib_a-time.o) (_gettimeofday_r)
/usr/bin/../lib/gcc/arm-none-eabi/4.9.3/../../../../arm-none-eabi/lib/armv6-m/libc_nano.a(lib_a-malloc.o)
                              /usr/bin/../lib/gcc/arm-none-eabi/4.9.3/../../../../arm-none-eabi/lib/armv6-m/libc_nano.a(lib_a-rand.o) (malloc)
/usr/bin/../lib/gcc/arm-none-eabi/4.9.3/../../../../arm-none-eabi/lib/armv6-m/libc_nano.a(lib_a-nano-freer.o)
                              /usr/bin/../lib/gcc/arm-none-eabi/4.9.3/../../../../arm-none-eabi/lib/armv6-m/libc_nano.a(lib_a-malloc.o) (_free_r)
/usr/bin/../lib/gcc/arm-none-eabi/4.9.3/../../../../arm-none-eabi/lib/armv6-m/libc_nano.a(lib_a-nano-mallocr.o)
                              /usr/bin/../lib/gcc/arm-none-eabi/4.9.3/../../../../arm-none-eabi/lib/armv6-m/libc_nano.a(lib_a-findfp.o) (_malloc_r)
/usr/bin/../lib/gcc/arm-none-eabi/4.9.3/../../../../arm-none-eabi/lib/armv6-m/libc_nano.a(lib_a-nano-vfprintf.o)
                              /usr/bin/../lib/gcc/arm-none-eabi/4.9.3/../../../../arm-none-eabi/lib/armv6-m/libc_nano.a(lib_a-printf.o) (_vfprintf_r)
[...]
Memory Configuration

Name             Origin             Length             Attributes
FLASH            0x00016000         0x0002a000         xr
RAM              0x20002000         0x00002000         xrw
*default*        0x00000000         0xffffffff

Linker script and memory map

LOAD /usr/bin/../lib/gcc/arm-none-eabi/4.9.3/armv6-m/crti.o
LOAD /usr/bin/../lib/gcc/arm-none-eabi/4.9.3/armv6-m/crtbegin.o
LOAD /usr/bin/../lib/gcc/arm-none-eabi/4.9.3/../../../../arm-none-eabi/lib/armv6-m/crt0.o
LOAD src/ble/ble.o
LOAD src/ble/ble_crazyflies.o
LOAD src/ble/timeslot.o
LOAD nrf51_sdk/nrf51822/Source/ble/ble_advdata.o
LOAD nrf51_sdk/nrf51822/Source/ble/ble_conn_params.o
LOAD nrf51_sdk/nrf51822/Source/ble/ble_services/ble_srv_common.o
LOAD nrf51_sdk/nrf51822/Source/ble/ble_services/ble_dis.o
LOAD nrf51_sdk/nrf51822/Source/sd_common/softdevice_handler.o
LOAD nrf51_sdk/nrf51822/Source/app_common/app_timer.o
LOAD src/main.o
LOAD gcc_startup_nrf51.o
LOAD system_nrf51.o
LOAD src/uart.o
LOAD src/syslink.o
LOAD src/pm.o
LOAD src/systick.o
LOAD src/button.o
LOAD src/swd.o
LOAD src/ow.o
LOAD src/ow/owlnk.o
LOAD src/ow/ownet.o
LOAD src/ow/owtran.o
LOAD src/ow/crcutil.o
LOAD src/ds2431.o
LOAD src/ds28e05.o
LOAD src/esb.o
LOAD src/memory.o
START GROUP
LOAD /usr/bin/../lib/gcc/arm-none-eabi/4.9.3/armv6-m/libgcc.a
LOAD /usr/bin/../lib/gcc/arm-none-eabi/4.9.3/../../../../arm-none-eabi/lib/armv6-m/libc_nano.a
END GROUP
START GROUP
LOAD /usr/bin/../lib/gcc/arm-none-eabi/4.9.3/armv6-m/libgcc.a
LOAD /usr/bin/../lib/gcc/arm-none-eabi/4.9.3/../../../../arm-none-eabi/lib/armv6-m/libc_nano.a
END GROUP
LOAD /usr/bin/../lib/gcc/arm-none-eabi/4.9.3/armv6-m/crtend.o
LOAD /usr/bin/../lib/gcc/arm-none-eabi/4.9.3/armv6-m/crtn.o
START GROUP
LOAD /usr/bin/../lib/gcc/arm-none-eabi/4.9.3/armv6-m/libgcc.a
LOAD /usr/bin/../lib/gcc/arm-none-eabi/4.9.3/../../../../arm-none-eabi/lib/armv6-m/libc.a
LOAD /usr/bin/../lib/gcc/arm-none-eabi/4.9.3/../../../../arm-none-eabi/lib/armv6-m/libnosys.a
END GROUP

.text           0x00016000     0xb6c0
 *(.Vectors)
 .Vectors       0x00016000       0xc0 gcc_startup_nrf51.o
                0x00016000                __Vectors
 *(.text*)
 .text          0x000160c0        0x0 /usr/bin/../lib/gcc/arm-none-eabi/4.9.3/armv6-m/crti.o
 .text          0x000160c0       0x60 /usr/bin/../lib/gcc/arm-none-eabi/4.9.3/armv6-m/crtbegin.o
 .text          0x00016120       0x78 /usr/bin/../lib/gcc/arm-none-eabi/4.9.3/../../../../arm-none-eabi/lib/armv6-m/crt0.o
                0x00016120                _mainCRTStartup
                0x00016120                _start
 .text          0x00016198      0x9bc src/ble/ble.o
                0x0001651c                app_error_handler
                0x00016530                assert_nrf_callback
                0x000169ac                advertising_start
                0x000169ec                ble_advertising_stop
                0x00016aec                ble_init
 .text          0x00016b54      0x7a0 src/ble/ble_crazyflies.o
                0x00016d04                ble_crazyflies_on_ble_evt
                0x00016ea8                ble_crazyflies_init
                0x000170ec                bleCrazyfliesIsPacketReceived
                0x00017100                bleCrazyfliesGetRxPacket
                0x00017110                bleCrazyfliesReleaseRxPacket
                0x00017128                bleCrazyfliesSendPacket
 .text          0x000172f4      0x2d4 src/ble/timeslot.o
                0x00017580                timeslot_sd_evt_signal
                0x000175a8                timeslot_start
 .text          0x000175c8      0xca8 nrf51_sdk/nrf51822/Source/ble/ble_advdata.o
                0x000181a4                ble_advdata_set
 .text          0x00018270      0x6b0 nrf51_sdk/nrf51822/Source/ble/ble_conn_params.o
                0x00018570                ble_conn_params_init
                0x0001861c                ble_conn_params_stop
                0x00018828                ble_conn_params_on_ble_evt
                0x00018878                ble_conn_params_change_conn_params
 .text          0x00018920      0x158 nrf51_sdk/nrf51822/Source/ble/ble_services/ble_srv_common.o
                0x000189c8                ble_srv_report_ref_encode
                0x00018a50                ble_srv_ascii_to_utf8
 .text          0x00018a78      0x7f8 nrf51_sdk/nrf51822/Source/ble/ble_services/ble_dis.o
                0x00019004                ble_dis_init
 .text          0x00019270      0x610 nrf51_sdk/nrf51822/Source/sd_common/softdevice_handler.o
                0x000195f4                softdevice_assertion_handler
                0x0001961c                intern_softdevice_events_execute
                0x00019730                softdevice_handler_init
                0x000197bc                softdevice_handler_sd_disable
                0x000197e4                softdevice_ble_evt_handler_set
                0x0001980c                softdevice_sys_evt_handler_set
                0x00019834                SWI2_IRQHandler
 .text          0x00019880     0x13e0 nrf51_sdk/nrf51822/Source/app_common/app_timer.o
                0x0001a844                RTC1_IRQHandler
                0x0001a890                SWI0_IRQHandler
                0x0001a89c                app_timer_init
                0x0001aa18                app_timer_create
                0x0001ab08                app_timer_start
                0x0001ab94                app_timer_stop
                0x0001abf4                app_timer_stop_all
                0x0001ac1c                app_timer_cnt_get
                0x0001ac38                app_timer_cnt_diff_compute
 .text          0x0001ac60      0xaa4 src/main.o
                0x0001afa8                main
 .text          0x0001b704       0x48 gcc_startup_nrf51.o
                0x0001b704                Reset_Handler
                0x0001b740                NMI_Handler
                0x0001b742                HardFault_Handler
                0x0001b744                SVC_Handler
                0x0001b746                PendSV_Handler
                0x0001b748                SysTick_Handler
                0x0001b74a                SPI0_TWI0_IRQHandler
                0x0001b74a                RTC0_IRQHandler
                0x0001b74a                GPIOTE_IRQHandler
                0x0001b74a                POWER_CLOCK_IRQHandler
                0x0001b74a                LPCOMP_IRQHandler
                0x0001b74a                SWI4_IRQHandler
                0x0001b74a                TEMP_IRQHandler
                0x0001b74a                QDEC_IRQHandler
                0x0001b74a                SWI5_IRQHandler
                0x0001b74a                TIMER0_IRQHandler
                0x0001b74a                ECB_IRQHandler
                0x0001b74a                Default_Handler
                0x0001b74a                ADC_IRQHandler
                0x0001b74a                SWI3_IRQHandler
                0x0001b74a                CCM_AAR_IRQHandler
                0x0001b74a                WDT_IRQHandler
                0x0001b74a                RNG_IRQHandler
                0x0001b74a                SPI1_TWI1_IRQHandler
                0x0001b74a                SWI1_IRQHandler
 .text          0x0001b74c      0x124 system_nrf51.o
                0x0001b74c                SystemCoreClockUpdate
                0x0001b764                SystemInit
 .text          0x0001b870      0x478 src/uart.o
                0x0001b99c                UART0_IRQHandler
                0x0001ba28                uartInit
                0x0001bb40                uartDeinit
                0x0001bb7c                uartPuts
                0x0001bbb8                uartSend
                0x0001bbf8                uartPutc
                0x0001bc48                uartIsDataReceived
                0x0001bc80                uartGetc
 .text          0x0001bce8      0x2d4 src/syslink.o
                0x0001bce8                syslinkReceive
                0x0001bec4                syslinkSend
 .text          0x0001bfbc      0x6a4 src/pm.o
                0x0001c208                pmInit
                0x0001c244                pmUSBPower
                0x0001c25c                pmIsCharging
                0x0001c45c                pmSetState
                0x0001c47c                pmGetState
                0x0001c490                pmGetVBAT
                0x0001c4a4                pmGetISET
                0x0001c4b8                pmSysBootloader
                0x0001c4d8                pmProcess
 .text          0x0001c660      0x18c src/systick.o
                0x0001c760                TIMER2_IRQHandler
                0x0001c784                systickInit
                0x0001c7d8                systickGetTick
 .text          0x0001c7ec      0x134 src/button.o
                0x0001c818                buttonInit
                0x0001c858                buttonProcess
                0x0001c8fc                buttonGetState
 .text          0x0001c920      0x31c src/swd.o
                0x0001c96c                swdInit
                0x0001c9dc                swdTest
 .text          0x0001cc3c      0x1a4 src/ow.o
                0x0001cd5c                owInit
                0x0001cdc8                owRaiseError
 .text          0x0001cde0      0x2ac src/ow/owlnk.o
                0x0001cde0                TIMER1_IRQHandler
                0x0001ce88                owTouchReset
                0x0001cf04                owTouchBit
                0x0001cf74                owTouchByte
                0x0001cfc8                owWriteByte
                0x0001cff4                owReadByte
                0x0001d010                owSpeed
                0x0001d024                owLevel
                0x0001d038                owProgramPulse
                0x0001d04c                msDelay
                0x0001d074                msGettick
 .text          0x0001d08c      0x9a0 src/ow/ownet.o
                0x0001d08c                owFirst
                0x0001d0dc                owNext
                0x0001d410                owSerialNum
                0x0001d4ac                owFamilySearchSetup
                0x0001d51c                owSkipFamily
                0x0001d568                owAccess
                0x0001d658                owVerify
                0x0001d858                owOverdriveAccess
                0x0001d984                bitacc
 .text          0x0001da2c      0x290 src/ow/owtran.o
                0x0001da2c                owBlock
                0x0001dabc                owProgramByte
 .text          0x0001dcbc      0x1ac src/ow/crcutil.o
                0x0001dcbc                setcrc16
                0x0001dce8                setcrc8
                0x0001dd10                docrc16
                0x0001de1c                docrc8
 .text          0x0001de68      0x384 src/ds2431.o
                0x0001de68                ds2431ReadScratchpad
                0x0001df44                ds2431WriteScratchpad
                0x0001dfb4                ds2431ReadMemory
                0x0001e030                ds2431CopyScratchpad
                0x0001e0bc                ds2431WriteMemory
 .text          0x0001e1ec      0x468 src/ds28e05.o
                0x0001e1ec                ds28e05ReadMemory
                0x0001e274                ds28e05WriteMemory
 .text          0x0001e654      0xb84 src/esb.o
                0x0001ec18                RADIO_IRQHandler
                0x0001ec24                esbInterruptHandler
                0x0001ed8c                esbInit
                0x0001ef84                esbReset
                0x0001efc0                esbDeinit
                0x0001eff4                esbIsRxPacket
                0x0001f018                esbGetRxPacket
                0x0001f050                esbReleaseRxPacket
                0x0001f07c                esbCanTxPacket
                0x0001f0b8                esbGetTxPacket
                0x0001f0f0                esbSendTxPacket
                0x0001f11c                esbSetDatarate
                0x0001f140                esbSetContwave
                0x0001f174                esbSetChannel
                0x0001f198                esbSetTxPower
                0x0001f1b4                esbSetAddress
 .text          0x0001f1d8      0x234 src/memory.o
                0x0001f22c                owScan
                0x0001f294                memoryInit
                0x0001f2c0                memorySyslink
 .text          0x0001f40c      0x1e0 /usr/bin/../lib/gcc/arm-none-eabi/4.9.3/armv6-m/libgcc.a(_divsi3.o)
                0x0001f40c                __aeabi_idiv
                0x0001f40c                __divsi3
                0x0001f5d8                __aeabi_idivmod
 .text          0x0001f5ec        0x4 /usr/bin/../lib/gcc/arm-none-eabi/4.9.3/armv6-m/libgcc.a(_dvmd_tls.o)
                0x0001f5ec                __aeabi_ldiv0
                0x0001f5ec                __aeabi_idiv0
 .text          0x0001f5f0      0x270 /usr/bin/../lib/gcc/arm-none-eabi/4.9.3/armv6-m/libgcc.a(divsf3.o)
                0x0001f5f0                __aeabi_fdiv
 .text          0x0001f860      0x264 /usr/bin/../lib/gcc/arm-none-eabi/4.9.3/armv6-m/libgcc.a(mulsf3.o)
                0x0001f860                __aeabi_fmul
 .text          0x0001fac4       0x90 /usr/bin/../lib/gcc/arm-none-eabi/4.9.3/armv6-m/libgcc.a(floatsisf.o)
                0x0001fac4                __aeabi_i2f
 .text          0x0001fb54       0x3c /usr/bin/../lib/gcc/arm-none-eabi/4.9.3/armv6-m/libgcc.a(_clzsi2.o)
                0x0001fb54                __clzsi2
 .text          0x0001fb90        0x0 /usr/bin/../lib/gcc/arm-none-eabi/4.9.3/../../../../arm-none-eabi/lib/armv6-m/libc_nano.a(lib_a-bzero.o)
 .text.bzero    0x0001fb90       0x10 /usr/bin/../lib/gcc/arm-none-eabi/4.9.3/../../../../arm-none-eabi/lib/armv6-m/libc_nano.a(lib_a-bzero.o)
                0x0001fb90                bzero
 .text          0x0001fba0        0x0 /usr/bin/../lib/gcc/arm-none-eabi/4.9.3/../../../../arm-none-eabi/lib/armv6-m/libc_nano.a(lib_a-errno.o)
 .text.__errno  0x0001fba0        0xc /usr/bin/../lib/gcc/arm-none-eabi/4.9.3/../../../../arm-none-eabi/lib/armv6-m/libc_nano.a(lib_a-errno.o)
                0x0001fba0                __errno
 .text          0x0001fbac        0x0 /usr/bin/../lib/gcc/arm-none-eabi/4.9.3/../../../../arm-none-eabi/lib/armv6-m/libc_nano.a(lib_a-exit.o)
 .text.exit     0x0001fbac       0x2c /usr/bin/../lib/gcc/arm-none-eabi/4.9.3/../../../../arm-none-eabi/lib/armv6-m/libc_nano.a(lib_a-exit.o)
                0x0001fbac                exit
 .text          0x0001fbd8        0x0 /usr/bin/../lib/gcc/arm-none-eabi/4.9.3/../../../../arm-none-eabi/lib/armv6-m/libc_nano.a(lib_a-impure.o)
 .text          0x0001fbd8        0x0 /usr/bin/../lib/gcc/arm-none-eabi/4.9.3/../../../../arm-none-eabi/lib/armv6-m/libc_nano.a(lib_a-init.o)
 .text.__libc_init_array
                0x0001fbd8       0x4c /usr/bin/../lib/gcc/arm-none-eabi/4.9.3/../../../../arm-none-eabi/lib/armv6-m/libc_nano.a(lib_a-init.o)
                0x0001fbd8                __libc_init_array
 .text          0x0001fc24        0x0 /usr/bin/../lib/gcc/arm-none-eabi/4.9.3/../../../../arm-none-eabi/lib/armv6-m/libc_nano.a(lib_a-memcmp.o)
 .text.memcmp   0x0001fc24       0x1e /usr/bin/../lib/gcc/arm-none-eabi/4.9.3/../../../../arm-none-eabi/lib/armv6-m/libc_nano.a(lib_a-memcmp.o)
                0x0001fc24                memcmp
 .text          0x0001fc42        0x0 /usr/bin/../lib/gcc/arm-none-eabi/4.9.3/../../../../arm-none-eabi/lib/armv6-m/libc_nano.a(lib_a-memcpy.o)
 .text.memcpy   0x0001fc42       0x12 /usr/bin/../lib/gcc/arm-none-eabi/4.9.3/../../../../arm-none-eabi/lib/armv6-m/libc_nano.a(lib_a-memcpy.o)
                0x0001fc42                memcpy
 .text          0x0001fc54        0x0 /usr/bin/../lib/gcc/arm-none-eabi/4.9.3/../../../../arm-none-eabi/lib/armv6-m/libc_nano.a(lib_a-memset.o)
 .text.memset   0x0001fc54       0x10 /usr/bin/../lib/gcc/arm-none-eabi/4.9.3/../../../../arm-none-eabi/lib/armv6-m/libc_nano.a(lib_a-memset.o)
                0x0001fc54                memset
 .text          0x0001fc64        0x0 /usr/bin/../lib/gcc/arm-none-eabi/4.9.3/../../../../arm-none-eabi/lib/armv6-m/libc_nano.a(lib_a-printf.o)
 .text._printf_r
                0x0001fc64       0x28 /usr/bin/../lib/gcc/arm-none-eabi/4.9.3/../../../../arm-none-eabi/lib/armv6-m/libc_nano.a(lib_a-printf.o)
                0x0001fc64                _printf_r
                0x0001fc64                _iprintf_r
 .text.printf   0x0001fc8c       0x34 /usr/bin/../lib/gcc/arm-none-eabi/4.9.3/../../../../arm-none-eabi/lib/armv6-m/libc_nano.a(lib_a-printf.o)
                0x0001fc8c                printf
                0x0001fc8c                iprintf
 .text          0x0001fcc0        0x0 /usr/bin/../lib/gcc/arm-none-eabi/4.9.3/../../../../arm-none-eabi/lib/armv6-m/libc_nano.a(lib_a-rand.o)
 .text.srand    0x0001fcc0       0x5c /usr/bin/../lib/gcc/arm-none-eabi/4.9.3/../../../../arm-none-eabi/lib/armv6-m/libc_nano.a(lib_a-rand.o)
                0x0001fcc0                srand
 .text.rand     0x0001fd1c       0x78 /usr/bin/../lib/gcc/arm-none-eabi/4.9.3/../../../../arm-none-eabi/lib/armv6-m/libc_nano.a(lib_a-rand.o)
                0x0001fd1c                rand
 .text          0x0001fd94        0x0 /usr/bin/../lib/gcc/arm-none-eabi/4.9.3/../../../../arm-none-eabi/lib/armv6-m/libc_nano.a(lib_a-strlen.o)
 .text.strlen   0x0001fd94        0xe /usr/bin/../lib/gcc/arm-none-eabi/4.9.3/../../../../arm-none-eabi/lib/armv6-m/libc_nano.a(lib_a-strlen.o)
                0x0001fd94                strlen
 .text          0x0001fda2        0x0 /usr/bin/../lib/gcc/arm-none-eabi/4.9.3/../../../../arm-none-eabi/lib/armv6-m/libc_nano.a(lib_a-time.o)
 *fill*         0x0001fda2        0x2 
 .text.time     0x0001fda4       0x2c /usr/bin/../lib/gcc/arm-none-eabi/4.9.3/../../../../arm-none-eabi/lib/armv6-m/libc_nano.a(lib_a-time.o)
                0x0001fda4                time
 .text          0x0001fdd0        0x0 /usr/bin/../lib/gcc/arm-none-eabi/4.9.3/../../../../arm-none-eabi/lib/armv6-m/libc_nano.a(lib_a-findfp.o)
 .text.__fp_lock
                0x0001fdd0        0x4 /usr/bin/../lib/gcc/arm-none-eabi/4.9.3/../../../../arm-none-eabi/lib/armv6-m/libc_nano.a(lib_a-findfp.o)
 .text.__fp_unlock
                0x0001fdd4        0x4 /usr/bin/../lib/gcc/arm-none-eabi/4.9.3/../../../../arm-none-eabi/lib/armv6-m/libc_nano.a(lib_a-findfp.o)
 .text._cleanup_r
                0x0001fdd8       0x10 /usr/bin/../lib/gcc/arm-none-eabi/4.9.3/../../../../arm-none-eabi/lib/armv6-m/libc_nano.a(lib_a-findfp.o)
                0x0001fdd8                _cleanup_r
 .text.std.isra.0
                0x0001fde8       0x48 /usr/bin/../lib/gcc/arm-none-eabi/4.9.3/../../../../arm-none-eabi/lib/armv6-m/libc_nano.a(lib_a-findfp.o)
 .text.__sfmoreglue
                0x0001fe30       0x2c /usr/bin/../lib/gcc/arm-none-eabi/4.9.3/../../../../arm-none-eabi/lib/armv6-m/libc_nano.a(lib_a-findfp.o)
                0x0001fe30                __sfmoreglue
 .text._cleanup
                0x0001fe5c       0x10 /usr/bin/../lib/gcc/arm-none-eabi/4.9.3/../../../../arm-none-eabi/lib/armv6-m/libc_nano.a(lib_a-findfp.o)
                0x0001fe5c                _cleanup
 .text.__sinit  0x0001fe6c       0x64 /usr/bin/../lib/gcc/arm-none-eabi/4.9.3/../../../../arm-none-eabi/lib/armv6-m/libc_nano.a(lib_a-findfp.o)
                0x0001fe6c                __sinit
 .text.__sfp    0x0001fed0       0x7c /usr/bin/../lib/gcc/arm-none-eabi/4.9.3/../../../../arm-none-eabi/lib/armv6-m/libc_nano.a(lib_a-findfp.o)
                0x0001fed0                __sfp
 .text.__sfp_lock_acquire
                0x0001ff4c        0x2 /usr/bin/../lib/gcc/arm-none-eabi/4.9.3/../../../../arm-none-eabi/lib/armv6-m/libc_nano.a(lib_a-findfp.o)
                0x0001ff4c                __sfp_lock_acquire
 .text.__sfp_lock_release
                0x0001ff4e        0x2 /usr/bin/../lib/gcc/arm-none-eabi/4.9.3/../../../../arm-none-eabi/lib/armv6-m/libc_nano.a(lib_a-findfp.o)
                0x0001ff4e                __sfp_lock_release
 .text.__sinit_lock_acquire
                0x0001ff50        0x2 /usr/bin/../lib/gcc/arm-none-eabi/4.9.3/../../../../arm-none-eabi/lib/armv6-m/libc_nano.a(lib_a-findfp.o)
                0x0001ff50                __sinit_lock_acquire
 .text.__sinit_lock_release
                0x0001ff52        0x2 /usr/bin/../lib/gcc/arm-none-eabi/4.9.3/../../../../arm-none-eabi/lib/armv6-m/libc_nano.a(lib_a-findfp.o)
                0x0001ff52                __sinit_lock_release
 .text.__fp_lock_all
                0x0001ff54       0x18 /usr/bin/../lib/gcc/arm-none-eabi/4.9.3/../../../../arm-none-eabi/lib/armv6-m/libc_nano.a(lib_a-findfp.o)
                0x0001ff54                __fp_lock_all
 .text.__fp_unlock_all
                0x0001ff6c       0x18 /usr/bin/../lib/gcc/arm-none-eabi/4.9.3/../../../../arm-none-eabi/lib/armv6-m/libc_nano.a(lib_a-findfp.o)
                0x0001ff6c                __fp_unlock_all
 .text          0x0001ff84        0x0 /usr/bin/../lib/gcc/arm-none-eabi/4.9.3/../../../../arm-none-eabi/lib/armv6-m/libc_nano.a(lib_a-fwalk.o)
 .text._fwalk   0x0001ff84       0x38 /usr/bin/../lib/gcc/arm-none-eabi/4.9.3/../../../../arm-none-eabi/lib/armv6-m/libc_nano.a(lib_a-fwalk.o)
                0x0001ff84                _fwalk
 .text._fwalk_reent
                0x0001ffbc       0x42 /usr/bin/../lib/gcc/arm-none-eabi/4.9.3/../../../../arm-none-eabi/lib/armv6-m/libc_nano.a(lib_a-fwalk.o)
                0x0001ffbc                _fwalk_reent
 .text          0x0001fffe        0x0 /usr/bin/../lib/gcc/arm-none-eabi/4.9.3/../../../../arm-none-eabi/lib/armv6-m/libc_nano.a(lib_a-gettimeofdayr.o)
 *fill*         0x0001fffe        0x2 
 .text._gettimeofday_r
                0x00020000       0x24 /usr/bin/../lib/gcc/arm-none-eabi/4.9.3/../../../../arm-none-eabi/lib/armv6-m/libc_nano.a(lib_a-gettimeofdayr.o)
                0x00020000                _gettimeofday_r
 .text          0x00020024        0x0 /usr/bin/../lib/gcc/arm-none-eabi/4.9.3/../../../../arm-none-eabi/lib/armv6-m/libc_nano.a(lib_a-malloc.o)
 .text.malloc   0x00020024       0x14 /usr/bin/../lib/gcc/arm-none-eabi/4.9.3/../../../../arm-none-eabi/lib/armv6-m/libc_nano.a(lib_a-malloc.o)
                0x00020024                malloc
 .text.free     0x00020038       0x14 /usr/bin/../lib/gcc/arm-none-eabi/4.9.3/../../../../arm-none-eabi/lib/armv6-m/libc_nano.a(lib_a-malloc.o)
                0x00020038                free
 .text          0x0002004c        0x0 /usr/bin/../lib/gcc/arm-none-eabi/4.9.3/../../../../arm-none-eabi/lib/armv6-m/libc_nano.a(lib_a-nano-freer.o)
 .text._free_r  0x0002004c       0x8c /usr/bin/../lib/gcc/arm-none-eabi/4.9.3/../../../../arm-none-eabi/lib/armv6-m/libc_nano.a(lib_a-nano-freer.o)
                0x0002004c                _free_r
 .text          0x000200d8        0x0 /usr/bin/../lib/gcc/arm-none-eabi/4.9.3/../../../../arm-none-eabi/lib/armv6-m/libc_nano.a(lib_a-nano-mallocr.o)
 .text._malloc_r
                0x000200d8       0xb0 /usr/bin/../lib/gcc/arm-none-eabi/4.9.3/../../../../arm-none-eabi/lib/armv6-m/libc_nano.a(lib_a-nano-mallocr.o)
                0x000200d8                _malloc_r
 .text          0x00020188        0x0 /usr/bin/../lib/gcc/arm-none-eabi/4.9.3/../../../../arm-none-eabi/lib/armv6-m/libc_nano.a(lib_a-nano-vfprintf.o)
 .text.__sfputc_r
                0x00020188       0x2a /usr/bin/../lib/gcc/arm-none-eabi/4.9.3/../../../../arm-none-eabi/lib/armv6-m/libc_nano.a(lib_a-nano-vfprintf.o)
 .text.__sfputs_r
                0x000201b2       0x24 /usr/bin/../lib/gcc/arm-none-eabi/4.9.3/../../../../arm-none-eabi/lib/armv6-m/libc_nano.a(lib_a-nano-vfprintf.o)
                0x000201b2                __sfputs_r
 .text.__sprint_r
                0x000201d6       0x1c /usr/bin/../lib/gcc/arm-none-eabi/4.9.3/../../../../arm-none-eabi/lib/armv6-m/libc_nano.a(lib_a-nano-vfprintf.o)
                0x000201d6                __sprint_r
 *fill*         0x000201f2        0x2 
 .text._vfprintf_r
                0x000201f4      0x220 /usr/bin/../lib/gcc/arm-none-eabi/4.9.3/../../../../arm-none-eabi/lib/armv6-m/libc_nano.a(lib_a-nano-vfprintf.o)
                0x000201f4                _vfiprintf_r
                0x000201f4                _vfprintf_r
 .text.vfprintf
                0x00020414       0x1c /usr/bin/../lib/gcc/arm-none-eabi/4.9.3/../../../../arm-none-eabi/lib/armv6-m/libc_nano.a(lib_a-nano-vfprintf.o)
                0x00020414                vfiprintf
                0x00020414                vfprintf
 .text          0x00020430        0x0 /usr/bin/../lib/gcc/arm-none-eabi/4.9.3/../../../../arm-none-eabi/lib/armv6-m/libc_nano.a(lib_a-nano-vfprintf_i.o)
 .text._printf_common
                0x00020430       0xdc /usr/bin/../lib/gcc/arm-none-eabi/4.9.3/../../../../arm-none-eabi/lib/armv6-m/libc_nano.a(lib_a-nano-vfprintf_i.o)
                0x00020430                _printf_common
 .text._printf_i
                0x0002050c      0x230 /usr/bin/../lib/gcc/arm-none-eabi/4.9.3/../../../../arm-none-eabi/lib/armv6-m/libc_nano.a(lib_a-nano-vfprintf_i.o)
                0x0002050c                _printf_i
 .text          0x0002073c        0x0 /usr/bin/../lib/gcc/arm-none-eabi/4.9.3/../../../../arm-none-eabi/lib/armv6-m/libc_nano.a(lib_a-reent.o)
 .text.cleanup_glue
                0x0002073c       0x1a /usr/bin/../lib/gcc/arm-none-eabi/4.9.3/../../../../arm-none-eabi/lib/armv6-m/libc_nano.a(lib_a-reent.o)
                0x0002073c                cleanup_glue
 *fill*         0x00020756        0x2 
 .text._reclaim_reent
                0x00020758       0xcc /usr/bin/../lib/gcc/arm-none-eabi/4.9.3/../../../../arm-none-eabi/lib/armv6-m/libc_nano.a(lib_a-reent.o)
                0x00020758                _reclaim_reent
 .text          0x00020824        0x0 /usr/bin/../lib/gcc/arm-none-eabi/4.9.3/../../../../arm-none-eabi/lib/armv6-m/libc_nano.a(lib_a-sbrkr.o)
 .text._sbrk_r  0x00020824       0x24 /usr/bin/../lib/gcc/arm-none-eabi/4.9.3/../../../../arm-none-eabi/lib/armv6-m/libc_nano.a(lib_a-sbrkr.o)
                0x00020824                _sbrk_r
 .text          0x00020848        0x0 /usr/bin/../lib/gcc/arm-none-eabi/4.9.3/../../../../arm-none-eabi/lib/armv6-m/libc_nano.a(lib_a-stdio.o)
 .text.__sread  0x00020848       0x28 /usr/bin/../lib/gcc/arm-none-eabi/4.9.3/../../../../arm-none-eabi/lib/armv6-m/libc_nano.a(lib_a-stdio.o)
                0x00020848                __sread
 .text.__seofread
                0x00020870        0x4 /usr/bin/../lib/gcc/arm-none-eabi/4.9.3/../../../../arm-none-eabi/lib/armv6-m/libc_nano.a(lib_a-stdio.o)
                0x00020870                __seofread
 .text.__swrite
                0x00020874       0x38 /usr/bin/../lib/gcc/arm-none-eabi/4.9.3/../../../../arm-none-eabi/lib/armv6-m/libc_nano.a(lib_a-stdio.o)
                0x00020874                __swrite
 .text.__sseek  0x000208ac       0x2c /usr/bin/../lib/gcc/arm-none-eabi/4.9.3/../../../../arm-none-eabi/lib/armv6-m/libc_nano.a(lib_a-stdio.o)
                0x000208ac                __sseek
 .text.__sclose
                0x000208d8        0xc /usr/bin/../lib/gcc/arm-none-eabi/4.9.3/../../../../arm-none-eabi/lib/armv6-m/libc_nano.a(lib_a-stdio.o)
                0x000208d8                __sclose
 .text          0x000208e4        0x0 /usr/bin/../lib/gcc/arm-none-eabi/4.9.3/../../../../arm-none-eabi/lib/armv6-m/libc_nano.a(lib_a-wbuf.o)
 .text.__swbuf_r
                0x000208e4       0xb0 /usr/bin/../lib/gcc/arm-none-eabi/4.9.3/../../../../arm-none-eabi/lib/armv6-m/libc_nano.a(lib_a-wbuf.o)
                0x000208e4                __swbuf_r
 .text.__swbuf  0x00020994       0x18 /usr/bin/../lib/gcc/arm-none-eabi/4.9.3/../../../../arm-none-eabi/lib/armv6-m/libc_nano.a(lib_a-wbuf.o)
                0x00020994                __swbuf
 .text          0x000209ac        0x0 /usr/bin/../lib/gcc/arm-none-eabi/4.9.3/../../../../arm-none-eabi/lib/armv6-m/libc_nano.a(lib_a-writer.o)
 .text._write_r
                0x000209ac       0x28 /usr/bin/../lib/gcc/arm-none-eabi/4.9.3/../../../../arm-none-eabi/lib/armv6-m/libc_nano.a(lib_a-writer.o)
                0x000209ac                _write_r
 .text          0x000209d4        0x0 /usr/bin/../lib/gcc/arm-none-eabi/4.9.3/../../../../arm-none-eabi/lib/armv6-m/libc_nano.a(lib_a-wsetup.o)
 .text.__swsetup_r
                0x000209d4       0xe8 /usr/bin/../lib/gcc/arm-none-eabi/4.9.3/../../../../arm-none-eabi/lib/armv6-m/libc_nano.a(lib_a-wsetup.o)
                0x000209d4                __swsetup_r
 .text          0x00020abc        0x0 /usr/bin/../lib/gcc/arm-none-eabi/4.9.3/../../../../arm-none-eabi/lib/armv6-m/libc_nano.a(lib_a-closer.o)
 .text._close_r
                0x00020abc       0x24 /usr/bin/../lib/gcc/arm-none-eabi/4.9.3/../../../../arm-none-eabi/lib/armv6-m/libc_nano.a(lib_a-closer.o)
                0x00020abc                _close_r
 .text          0x00020ae0        0x0 /usr/bin/../lib/gcc/arm-none-eabi/4.9.3/../../../../arm-none-eabi/lib/armv6-m/libc_nano.a(lib_a-fflush.o)
 .text.__sflush_r
                0x00020ae0      0x112 /usr/bin/../lib/gcc/arm-none-eabi/4.9.3/../../../../arm-none-eabi/lib/armv6-m/libc_nano.a(lib_a-fflush.o)
                0x00020ae0                __sflush_r
 *fill*         0x00020bf2        0x2 
 .text._fflush_r
                0x00020bf4       0x58 /usr/bin/../lib/gcc/arm-none-eabi/4.9.3/../../../../arm-none-eabi/lib/armv6-m/libc_nano.a(lib_a-fflush.o)
                0x00020bf4                _fflush_r
 .text.fflush   0x00020c4c       0x28 /usr/bin/../lib/gcc/arm-none-eabi/4.9.3/../../../../arm-none-eabi/lib/armv6-m/libc_nano.a(lib_a-fflush.o)
                0x00020c4c                fflush
 .text          0x00020c74        0x0 /usr/bin/../lib/gcc/arm-none-eabi/4.9.3/../../../../arm-none-eabi/lib/armv6-m/libc_nano.a(lib_a-fvwrite.o)
 .text.__sfvwrite_r
                0x00020c74      0x2b0 /usr/bin/../lib/gcc/arm-none-eabi/4.9.3/../../../../arm-none-eabi/lib/armv6-m/libc_nano.a(lib_a-fvwrite.o)
                0x00020c74                __sfvwrite_r
 .text          0x00020f24        0x0 /usr/bin/../lib/gcc/arm-none-eabi/4.9.3/../../../../arm-none-eabi/lib/armv6-m/libc_nano.a(lib_a-lseekr.o)
 .text._lseek_r
                0x00020f24       0x28 /usr/bin/../lib/gcc/arm-none-eabi/4.9.3/../../../../arm-none-eabi/lib/armv6-m/libc_nano.a(lib_a-lseekr.o)
                0x00020f24                _lseek_r
 .text          0x00020f4c        0x0 /usr/bin/../lib/gcc/arm-none-eabi/4.9.3/../../../../arm-none-eabi/lib/armv6-m/libc_nano.a(lib_a-makebuf.o)
 .text.__smakebuf_r
                0x00020f4c       0xb0 /usr/bin/../lib/gcc/arm-none-eabi/4.9.3/../../../../arm-none-eabi/lib/armv6-m/libc_nano.a(lib_a-makebuf.o)
                0x00020f4c                __smakebuf_r
 .text          0x00020ffc        0x0 /usr/bin/../lib/gcc/arm-none-eabi/4.9.3/../../../../arm-none-eabi/lib/armv6-m/libc_nano.a(lib_a-memchr.o)
 .text.memchr   0x00020ffc       0x16 /usr/bin/../lib/gcc/arm-none-eabi/4.9.3/../../../../arm-none-eabi/lib/armv6-m/libc_nano.a(lib_a-memchr.o)
                0x00020ffc                memchr
 .text          0x00021012        0x0 /usr/bin/../lib/gcc/arm-none-eabi/4.9.3/../../../../arm-none-eabi/lib/armv6-m/libc_nano.a(lib_a-memmove.o)
 .text.memmove  0x00021012       0x28 /usr/bin/../lib/gcc/arm-none-eabi/4.9.3/../../../../arm-none-eabi/lib/armv6-m/libc_nano.a(lib_a-memmove.o)
                0x00021012                memmove
 .text          0x0002103a        0x0 /usr/bin/../lib/gcc/arm-none-eabi/4.9.3/../../../../arm-none-eabi/lib/armv6-m/libc_nano.a(lib_a-nano-reallocr.o)
 .text._realloc_r
                0x0002103a       0x4c /usr/bin/../lib/gcc/arm-none-eabi/4.9.3/../../../../arm-none-eabi/lib/armv6-m/libc_nano.a(lib_a-nano-reallocr.o)
                0x0002103a                _realloc_r
 .text          0x00021086        0x0 /usr/bin/../lib/gcc/arm-none-eabi/4.9.3/../../../../arm-none-eabi/lib/armv6-m/libc_nano.a(lib_a-readr.o)
 *fill*         0x00021086        0x2 
 .text._read_r  0x00021088       0x28 /usr/bin/../lib/gcc/arm-none-eabi/4.9.3/../../../../arm-none-eabi/lib/armv6-m/libc_nano.a(lib_a-readr.o)
                0x00021088                _read_r
 .text          0x000210b0        0x0 /usr/bin/../lib/gcc/arm-none-eabi/4.9.3/../../../../arm-none-eabi/lib/armv6-m/libc_nano.a(lib_a-fstatr.o)
 .text._fstat_r
                0x000210b0       0x24 /usr/bin/../lib/gcc/arm-none-eabi/4.9.3/../../../../arm-none-eabi/lib/armv6-m/libc_nano.a(lib_a-fstatr.o)
                0x000210b0                _fstat_r
 .text          0x000210d4        0x0 /usr/bin/../lib/gcc/arm-none-eabi/4.9.3/../../../../arm-none-eabi/lib/armv6-m/libc_nano.a(lib_a-isattyr.o)
 .text._isatty_r
                0x000210d4       0x24 /usr/bin/../lib/gcc/arm-none-eabi/4.9.3/../../../../arm-none-eabi/lib/armv6-m/libc_nano.a(lib_a-isattyr.o)
                0x000210d4                _isatty_r
 .text          0x000210f8        0x0 /usr/bin/../lib/gcc/arm-none-eabi/4.9.3/../../../../arm-none-eabi/lib/armv6-m/libc_nano.a(lib_a-nano-msizer.o)
 .text._malloc_usable_size_r
                0x000210f8       0x16 /usr/bin/../lib/gcc/arm-none-eabi/4.9.3/../../../../arm-none-eabi/lib/armv6-m/libc_nano.a(lib_a-nano-msizer.o)
                0x000210f8                _malloc_usable_size_r
 *fill*         0x0002110e        0x2 
 .text          0x00021110      0x120 /usr/bin/../lib/gcc/arm-none-eabi/4.9.3/armv6-m/libgcc.a(_udivsi3.o)
                0x00021110                __udivsi3
                0x00021110                __aeabi_uidiv
                0x0002121c                __aeabi_uidivmod
 .text          0x00021230       0x54 /usr/bin/../lib/gcc/arm-none-eabi/4.9.3/armv6-m/libgcc.a(_muldi3.o)
                0x00021230                __aeabi_lmul
                0x00021230                __muldi3
 .text          0x00021284        0x0 /usr/bin/../lib/gcc/arm-none-eabi/4.9.3/armv6-m/crtend.o
 .text          0x00021284        0x0 /usr/bin/../lib/gcc/arm-none-eabi/4.9.3/armv6-m/crtn.o
 .text          0x00021284        0x0 /usr/bin/../lib/gcc/arm-none-eabi/4.9.3/../../../../arm-none-eabi/lib/armv6-m/libnosys.a(close.o)
 .text._close   0x00021284       0x10 /usr/bin/../lib/gcc/arm-none-eabi/4.9.3/../../../../arm-none-eabi/lib/armv6-m/libnosys.a(close.o)
                0x00021284                _close
 .text          0x00021294        0x0 /usr/bin/../lib/gcc/arm-none-eabi/4.9.3/../../../../arm-none-eabi/lib/armv6-m/libnosys.a(fstat.o)
 .text._fstat   0x00021294       0x10 /usr/bin/../lib/gcc/arm-none-eabi/4.9.3/../../../../arm-none-eabi/lib/armv6-m/libnosys.a(fstat.o)
                0x00021294                _fstat
 .text          0x000212a4        0x0 /usr/bin/../lib/gcc/arm-none-eabi/4.9.3/../../../../arm-none-eabi/lib/armv6-m/libnosys.a(gettod.o)
 .text._gettimeofday
                0x000212a4       0x10 /usr/bin/../lib/gcc/arm-none-eabi/4.9.3/../../../../arm-none-eabi/lib/armv6-m/libnosys.a(gettod.o)
                0x000212a4                _gettimeofday
 .text          0x000212b4        0x0 /usr/bin/../lib/gcc/arm-none-eabi/4.9.3/../../../../arm-none-eabi/lib/armv6-m/libnosys.a(isatty.o)
 .text._isatty  0x000212b4       0x10 /usr/bin/../lib/gcc/arm-none-eabi/4.9.3/../../../../arm-none-eabi/lib/armv6-m/libnosys.a(isatty.o)
                0x000212b4                _isatty
 .text          0x000212c4        0x0 /usr/bin/../lib/gcc/arm-none-eabi/4.9.3/../../../../arm-none-eabi/lib/armv6-m/libnosys.a(lseek.o)
 .text._lseek   0x000212c4       0x10 /usr/bin/../lib/gcc/arm-none-eabi/4.9.3/../../../../arm-none-eabi/lib/armv6-m/libnosys.a(lseek.o)
                0x000212c4                _lseek
 .text          0x000212d4        0x0 /usr/bin/../lib/gcc/arm-none-eabi/4.9.3/../../../../arm-none-eabi/lib/armv6-m/libnosys.a(read.o)
 .text._read    0x000212d4       0x10 /usr/bin/../lib/gcc/arm-none-eabi/4.9.3/../../../../arm-none-eabi/lib/armv6-m/libnosys.a(read.o)
                0x000212d4                _read
 .text          0x000212e4        0x0 /usr/bin/../lib/gcc/arm-none-eabi/4.9.3/../../../../arm-none-eabi/lib/armv6-m/libnosys.a(sbrk.o)
 .text._sbrk    0x000212e4       0x1c /usr/bin/../lib/gcc/arm-none-eabi/4.9.3/../../../../arm-none-eabi/lib/armv6-m/libnosys.a(sbrk.o)
                0x000212e4                _sbrk
 .text          0x00021300        0x0 /usr/bin/../lib/gcc/arm-none-eabi/4.9.3/../../../../arm-none-eabi/lib/armv6-m/libnosys.a(write.o)
 .text._write   0x00021300       0x10 /usr/bin/../lib/gcc/arm-none-eabi/4.9.3/../../../../arm-none-eabi/lib/armv6-m/libnosys.a(write.o)
                0x00021300                _write
 .text          0x00021310        0x0 /usr/bin/../lib/gcc/arm-none-eabi/4.9.3/../../../../arm-none-eabi/lib/armv6-m/libnosys.a(_exit.o)
 .text._exit    0x00021310        0x4 /usr/bin/../lib/gcc/arm-none-eabi/4.9.3/../../../../arm-none-eabi/lib/armv6-m/libnosys.a(_exit.o)
                0x00021310                _exit
 *(.init)
 .init          0x00021314        0x4 /usr/bin/../lib/gcc/arm-none-eabi/4.9.3/armv6-m/crti.o
                0x00021314                _init
 .init          0x00021318        0x8 /usr/bin/../lib/gcc/arm-none-eabi/4.9.3/armv6-m/crtn.o
 *(.fini)
 .fini          0x00021320        0x4 /usr/bin/../lib/gcc/arm-none-eabi/4.9.3/armv6-m/crti.o
                0x00021320                _fini
 .fini          0x00021324        0x8 /usr/bin/../lib/gcc/arm-none-eabi/4.9.3/armv6-m/crtn.o
 *crtbegin.o(.ctors)
 *crtbegin?.o(.ctors)
 *(EXCLUDE_FILE(*crtend.o *crtend?.o) .ctors)
 *(SORT(.ctors.*))
 *(.ctors)
 *crtbegin.o(.dtors)
 *crtbegin?.o(.dtors)
 *(EXCLUDE_FILE(*crtend.o *crtend?.o) .dtors)
 *(SORT(.dtors.*))
 *(.dtors)
 *(.rodata*)
 .rodata        0x0002132c       0x3c src/ble/ble.o
 .rodata        0x00021368       0x14 src/ble/timeslot.o
 .rodata        0x0002137c       0x3c nrf51_sdk/nrf51822/Source/ble/ble_services/ble_srv_common.o
 .rodata        0x000213b8       0x35 nrf51_sdk/nrf51822/Source/ble/ble_services/ble_dis.o
 *fill*         0x000213ed        0x3 
 .rodata        0x000213f0       0x39 nrf51_sdk/nrf51822/Source/sd_common/softdevice_handler.o
 *fill*         0x00021429        0x3 
 .rodata        0x0002142c       0x31 nrf51_sdk/nrf51822/Source/app_common/app_timer.o
 *fill*         0x0002145d        0x3 
 .rodata        0x00021460       0x90 src/main.o
 .rodata        0x000214f0       0x23 src/syslink.o
 *fill*         0x00021513        0x1 
 .rodata        0x00021514       0x14 src/pm.o
                0x00021514                statesFunctions
 .rodata        0x00021528       0x35 src/ds28e05.o
 *fill*         0x0002155d        0x3 
 .rodata        0x00021560       0x80 /usr/bin/../lib/gcc/arm-none-eabi/4.9.3/armv6-m/libgcc.a(divsf3.o)
 .rodata        0x000215e0       0x40 /usr/bin/../lib/gcc/arm-none-eabi/4.9.3/armv6-m/libgcc.a(mulsf3.o)
 .rodata.str1.1
                0x00021620        0x2 /usr/bin/../lib/gcc/arm-none-eabi/4.9.3/../../../../arm-none-eabi/lib/armv6-m/libc_nano.a(lib_a-impure.o)
 *fill*         0x00021622        0x2 
 .rodata._global_impure_ptr
                0x00021624        0x4 /usr/bin/../lib/gcc/arm-none-eabi/4.9.3/../../../../arm-none-eabi/lib/armv6-m/libc_nano.a(lib_a-impure.o)
                0x00021624                _global_impure_ptr
 .rodata.__sf_fake_stdin
                0x00021628       0x20 /usr/bin/../lib/gcc/arm-none-eabi/4.9.3/../../../../arm-none-eabi/lib/armv6-m/libc_nano.a(lib_a-findfp.o)
                0x00021628                __sf_fake_stdin
 .rodata.__sf_fake_stdout
                0x00021648       0x20 /usr/bin/../lib/gcc/arm-none-eabi/4.9.3/../../../../arm-none-eabi/lib/armv6-m/libc_nano.a(lib_a-findfp.o)
                0x00021648                __sf_fake_stdout
 .rodata.__sf_fake_stderr
                0x00021668       0x20 /usr/bin/../lib/gcc/arm-none-eabi/4.9.3/../../../../arm-none-eabi/lib/armv6-m/libc_nano.a(lib_a-findfp.o)
                0x00021668                __sf_fake_stderr
 .rodata.str1.1
                0x00021688       0x11 /usr/bin/../lib/gcc/arm-none-eabi/4.9.3/../../../../arm-none-eabi/lib/armv6-m/libc_nano.a(lib_a-nano-vfprintf.o)
 .rodata.str1.1
                0x00021699       0x22 /usr/bin/../lib/gcc/arm-none-eabi/4.9.3/../../../../arm-none-eabi/lib/armv6-m/libc_nano.a(lib_a-nano-vfprintf_i.o)
 *(.eh_frame*)
 *fill*         0x000216bb        0x1 
 .eh_frame      0x000216bc        0x0 /usr/bin/../lib/gcc/arm-none-eabi/4.9.3/armv6-m/crtbegin.o
 .eh_frame      0x000216bc        0x4 /usr/bin/../lib/gcc/arm-none-eabi/4.9.3/armv6-m/crtend.o

.glue_7         0x000216c0        0x0
 .glue_7        0x00000000        0x0 linker stubs

.glue_7t        0x000216c0        0x0
 .glue_7t       0x00000000        0x0 linker stubs

.vfp11_veneer   0x000216c0        0x0
 .vfp11_veneer  0x00000000        0x0 linker stubs

.v4_bx          0x000216c0        0x0
 .v4_bx         0x00000000        0x0 linker stubs

.iplt           0x000216c0        0x0
 .iplt          0x00000000        0x0 /usr/bin/../lib/gcc/arm-none-eabi/4.9.3/armv6-m/crtbegin.o

.ARM.extab      0x000216c0        0x0
 *(.ARM.extab* .gnu.linkonce.armextab.*)
 .ARM.extab     0x000216c0        0x0 /usr/bin/../lib/gcc/arm-none-eabi/4.9.3/../../../../arm-none-eabi/lib/armv6-m/crt0.o
 .ARM.extab     0x000216c0        0x0 gcc_startup_nrf51.o
                0x000216c0                __exidx_start = .

.ARM.exidx      0x000216c0        0x8
 *(.ARM.exidx* .gnu.linkonce.armexidx.*)
 .ARM.exidx     0x000216c0        0x8 /usr/bin/../lib/gcc/arm-none-eabi/4.9.3/../../../../arm-none-eabi/lib/armv6-m/crt0.o
 .ARM.exidx     0x000216c8        0x0 gcc_startup_nrf51.o
                                  0x8 (size before relaxing)
                0x000216c8                __exidx_end = .
                0x000216c8                __etext = .

.rel.dyn        0x000216c8        0x0
 .rel.iplt      0x00000000        0x0 /usr/bin/../lib/gcc/arm-none-eabi/4.9.3/armv6-m/crtbegin.o

.data           0x20002000      0x258 load address 0x000216c8
                0x20002000                __data_start__ = .
 *(vtable)
 *(.data*)
 .data          0x20002000        0x0 /usr/bin/../lib/gcc/arm-none-eabi/4.9.3/armv6-m/crti.o
 .data          0x20002000        0x4 /usr/bin/../lib/gcc/arm-none-eabi/4.9.3/armv6-m/crtbegin.o
                0x20002000                __dso_handle
 .data          0x20002004        0x0 /usr/bin/../lib/gcc/arm-none-eabi/4.9.3/../../../../arm-none-eabi/lib/armv6-m/crt0.o
 .data          0x20002004        0x2 src/ble/ble.o
 *fill*         0x20002006        0x2 
 .data          0x20002008       0x89 src/ble/ble_crazyflies.o
 *fill*         0x20002091        0x3 
 .data          0x20002094       0x10 src/ble/timeslot.o
 .data          0x200020a4        0x0 nrf51_sdk/nrf51822/Source/ble/ble_advdata.o
 .data          0x200020a4        0x0 nrf51_sdk/nrf51822/Source/ble/ble_conn_params.o
 .data          0x200020a4        0x0 nrf51_sdk/nrf51822/Source/ble/ble_services/ble_srv_common.o
 .data          0x200020a4        0x0 nrf51_sdk/nrf51822/Source/ble/ble_services/ble_dis.o
 .data          0x200020a4        0x0 nrf51_sdk/nrf51822/Source/sd_common/softdevice_handler.o
 .data          0x200020a4        0x0 nrf51_sdk/nrf51822/Source/app_common/app_timer.o
 .data          0x200020a4        0x0 src/main.o
 .data          0x200020a4        0x0 gcc_startup_nrf51.o
 .data          0x200020a4        0x4 system_nrf51.o
                0x200020a4                SystemCoreClock
 .data          0x200020a8        0x0 src/uart.o
 .data          0x200020a8        0x0 src/syslink.o
 .data          0x200020a8        0x0 src/pm.o
 .data          0x200020a8        0x0 src/systick.o
 .data          0x200020a8        0x0 src/button.o
 .data          0x200020a8        0x0 src/swd.o
 .data          0x200020a8        0x0 src/ow.o
 .data          0x200020a8        0x0 src/ow/owlnk.o
 .data          0x200020a8        0x0 src/ow/ownet.o
 .data          0x200020a8        0x0 src/ow/owtran.o
 .data          0x200020a8      0x120 src/ow/crcutil.o
 .data          0x200021c8        0x0 src/ds2431.o
 .data          0x200021c8        0x0 src/ds28e05.o
 .data          0x200021c8       0x20 src/esb.o
 .data          0x200021e8        0x0 src/memory.o
 .data          0x200021e8        0x0 /usr/bin/../lib/gcc/arm-none-eabi/4.9.3/armv6-m/libgcc.a(_divsi3.o)
 .data          0x200021e8        0x0 /usr/bin/../lib/gcc/arm-none-eabi/4.9.3/armv6-m/libgcc.a(_dvmd_tls.o)
 .data          0x200021e8        0x0 /usr/bin/../lib/gcc/arm-none-eabi/4.9.3/armv6-m/libgcc.a(divsf3.o)
 .data          0x200021e8        0x0 /usr/bin/../lib/gcc/arm-none-eabi/4.9.3/armv6-m/libgcc.a(mulsf3.o)
 .data          0x200021e8        0x0 /usr/bin/../lib/gcc/arm-none-eabi/4.9.3/armv6-m/libgcc.a(floatsisf.o)
 .data          0x200021e8        0x0 /usr/bin/../lib/gcc/arm-none-eabi/4.9.3/armv6-m/libgcc.a(_clzsi2.o)
 .data          0x200021e8        0x0 /usr/bin/../lib/gcc/arm-none-eabi/4.9.3/../../../../arm-none-eabi/lib/armv6-m/libc_nano.a(lib_a-bzero.o)
 .data          0x200021e8        0x0 /usr/bin/../lib/gcc/arm-none-eabi/4.9.3/../../../../arm-none-eabi/lib/armv6-m/libc_nano.a(lib_a-errno.o)
 .data          0x200021e8        0x0 /usr/bin/../lib/gcc/arm-none-eabi/4.9.3/../../../../arm-none-eabi/lib/armv6-m/libc_nano.a(lib_a-exit.o)
 .data          0x200021e8        0x0 /usr/bin/../lib/gcc/arm-none-eabi/4.9.3/../../../../arm-none-eabi/lib/armv6-m/libc_nano.a(lib_a-impure.o)
 .data.impure_data
                0x200021e8       0x60 /usr/bin/../lib/gcc/arm-none-eabi/4.9.3/../../../../arm-none-eabi/lib/armv6-m/libc_nano.a(lib_a-impure.o)
 .data._impure_ptr
                0x20002248        0x4 /usr/bin/../lib/gcc/arm-none-eabi/4.9.3/../../../../arm-none-eabi/lib/armv6-m/libc_nano.a(lib_a-impure.o)
                0x20002248                _impure_ptr
 .data          0x2000224c        0x0 /usr/bin/../lib/gcc/arm-none-eabi/4.9.3/../../../../arm-none-eabi/lib/armv6-m/libc_nano.a(lib_a-init.o)
 .data          0x2000224c        0x0 /usr/bin/../lib/gcc/arm-none-eabi/4.9.3/../../../../arm-none-eabi/lib/armv6-m/libc_nano.a(lib_a-memcmp.o)
 .data          0x2000224c        0x0 /usr/bin/../lib/gcc/arm-none-eabi/4.9.3/../../../../arm-none-eabi/lib/armv6-m/libc_nano.a(lib_a-memcpy.o)
 .data          0x2000224c        0x0 /usr/bin/../lib/gcc/arm-none-eabi/4.9.3/../../../../arm-none-eabi/lib/armv6-m/libc_nano.a(lib_a-memset.o)
 .data          0x2000224c        0x0 /usr/bin/../lib/gcc/arm-none-eabi/4.9.3/../../../../arm-none-eabi/lib/armv6-m/libc_nano.a(lib_a-printf.o)
 .data          0x2000224c        0x0 /usr/bin/../lib/gcc/arm-none-eabi/4.9.3/../../../../arm-none-eabi/lib/armv6-m/libc_nano.a(lib_a-rand.o)
 .data          0x2000224c        0x0 /usr/bin/../lib/gcc/arm-none-eabi/4.9.3/../../../../arm-none-eabi/lib/armv6-m/libc_nano.a(lib_a-strlen.o)
 .data          0x2000224c        0x0 /usr/bin/../lib/gcc/arm-none-eabi/4.9.3/../../../../arm-none-eabi/lib/armv6-m/libc_nano.a(lib_a-time.o)
 .data          0x2000224c        0x0 /usr/bin/../lib/gcc/arm-none-eabi/4.9.3/../../../../arm-none-eabi/lib/armv6-m/libc_nano.a(lib_a-findfp.o)
 .data          0x2000224c        0x0 /usr/bin/../lib/gcc/arm-none-eabi/4.9.3/../../../../arm-none-eabi/lib/armv6-m/libc_nano.a(lib_a-fwalk.o)
 .data          0x2000224c        0x0 /usr/bin/../lib/gcc/arm-none-eabi/4.9.3/../../../../arm-none-eabi/lib/armv6-m/libc_nano.a(lib_a-gettimeofdayr.o)
 .data          0x2000224c        0x0 /usr/bin/../lib/gcc/arm-none-eabi/4.9.3/../../../../arm-none-eabi/lib/armv6-m/libc_nano.a(lib_a-malloc.o)
 .data          0x2000224c        0x0 /usr/bin/../lib/gcc/arm-none-eabi/4.9.3/../../../../arm-none-eabi/lib/armv6-m/libc_nano.a(lib_a-nano-freer.o)
 .data          0x2000224c        0x0 /usr/bin/../lib/gcc/arm-none-eabi/4.9.3/../../../../arm-none-eabi/lib/armv6-m/libc_nano.a(lib_a-nano-mallocr.o)
 .data          0x2000224c        0x0 /usr/bin/../lib/gcc/arm-none-eabi/4.9.3/../../../../arm-none-eabi/lib/armv6-m/libc_nano.a(lib_a-nano-vfprintf.o)
 .data          0x2000224c        0x0 /usr/bin/../lib/gcc/arm-none-eabi/4.9.3/../../../../arm-none-eabi/lib/armv6-m/libc_nano.a(lib_a-nano-vfprintf_i.o)
 .data          0x2000224c        0x0 /usr/bin/../lib/gcc/arm-none-eabi/4.9.3/../../../../arm-none-eabi/lib/armv6-m/libc_nano.a(lib_a-reent.o)
 .data          0x2000224c        0x0 /usr/bin/../lib/gcc/arm-none-eabi/4.9.3/../../../../arm-none-eabi/lib/armv6-m/libc_nano.a(lib_a-sbrkr.o)
 .data          0x2000224c        0x0 /usr/bin/../lib/gcc/arm-none-eabi/4.9.3/../../../../arm-none-eabi/lib/armv6-m/libc_nano.a(lib_a-stdio.o)
 .data          0x2000224c        0x0 /usr/bin/../lib/gcc/arm-none-eabi/4.9.3/../../../../arm-none-eabi/lib/armv6-m/libc_nano.a(lib_a-wbuf.o)
 .data          0x2000224c        0x0 /usr/bin/../lib/gcc/arm-none-eabi/4.9.3/../../../../arm-none-eabi/lib/armv6-m/libc_nano.a(lib_a-writer.o)
 .data          0x2000224c        0x0 /usr/bin/../lib/gcc/arm-none-eabi/4.9.3/../../../../arm-none-eabi/lib/armv6-m/libc_nano.a(lib_a-wsetup.o)
 .data          0x2000224c        0x0 /usr/bin/../lib/gcc/arm-none-eabi/4.9.3/../../../../arm-none-eabi/lib/armv6-m/libc_nano.a(lib_a-closer.o)
 .data          0x2000224c        0x0 /usr/bin/../lib/gcc/arm-none-eabi/4.9.3/../../../../arm-none-eabi/lib/armv6-m/libc_nano.a(lib_a-fflush.o)
 .data          0x2000224c        0x0 /usr/bin/../lib/gcc/arm-none-eabi/4.9.3/../../../../arm-none-eabi/lib/armv6-m/libc_nano.a(lib_a-fvwrite.o)
 .data          0x2000224c        0x0 /usr/bin/../lib/gcc/arm-none-eabi/4.9.3/../../../../arm-none-eabi/lib/armv6-m/libc_nano.a(lib_a-lseekr.o)
 .data          0x2000224c        0x0 /usr/bin/../lib/gcc/arm-none-eabi/4.9.3/../../../../arm-none-eabi/lib/armv6-m/libc_nano.a(lib_a-makebuf.o)
 .data          0x2000224c        0x0 /usr/bin/../lib/gcc/arm-none-eabi/4.9.3/../../../../arm-none-eabi/lib/armv6-m/libc_nano.a(lib_a-memchr.o)
 .data          0x2000224c        0x0 /usr/bin/../lib/gcc/arm-none-eabi/4.9.3/../../../../arm-none-eabi/lib/armv6-m/libc_nano.a(lib_a-memmove.o)
 .data          0x2000224c        0x0 /usr/bin/../lib/gcc/arm-none-eabi/4.9.3/../../../../arm-none-eabi/lib/armv6-m/libc_nano.a(lib_a-nano-reallocr.o)
 .data          0x2000224c        0x0 /usr/bin/../lib/gcc/arm-none-eabi/4.9.3/../../../../arm-none-eabi/lib/armv6-m/libc_nano.a(lib_a-readr.o)
 .data          0x2000224c        0x0 /usr/bin/../lib/gcc/arm-none-eabi/4.9.3/../../../../arm-none-eabi/lib/armv6-m/libc_nano.a(lib_a-fstatr.o)
 .data          0x2000224c        0x0 /usr/bin/../lib/gcc/arm-none-eabi/4.9.3/../../../../arm-none-eabi/lib/armv6-m/libc_nano.a(lib_a-isattyr.o)
 .data          0x2000224c        0x0 /usr/bin/../lib/gcc/arm-none-eabi/4.9.3/../../../../arm-none-eabi/lib/armv6-m/libc_nano.a(lib_a-nano-msizer.o)
 .data          0x2000224c        0x0 /usr/bin/../lib/gcc/arm-none-eabi/4.9.3/armv6-m/libgcc.a(_udivsi3.o)
 .data          0x2000224c        0x0 /usr/bin/../lib/gcc/arm-none-eabi/4.9.3/armv6-m/libgcc.a(_muldi3.o)
 .data          0x2000224c        0x0 /usr/bin/../lib/gcc/arm-none-eabi/4.9.3/armv6-m/crtend.o
 .data          0x2000224c        0x0 /usr/bin/../lib/gcc/arm-none-eabi/4.9.3/armv6-m/crtn.o
 .data          0x2000224c        0x0 /usr/bin/../lib/gcc/arm-none-eabi/4.9.3/../../../../arm-none-eabi/lib/armv6-m/libnosys.a(close.o)
 .data          0x2000224c        0x0 /usr/bin/../lib/gcc/arm-none-eabi/4.9.3/../../../../arm-none-eabi/lib/armv6-m/libnosys.a(fstat.o)
 .data          0x2000224c        0x0 /usr/bin/../lib/gcc/arm-none-eabi/4.9.3/../../../../arm-none-eabi/lib/armv6-m/libnosys.a(gettod.o)
 .data          0x2000224c        0x0 /usr/bin/../lib/gcc/arm-none-eabi/4.9.3/../../../../arm-none-eabi/lib/armv6-m/libnosys.a(isatty.o)
 .data          0x2000224c        0x0 /usr/bin/../lib/gcc/arm-none-eabi/4.9.3/../../../../arm-none-eabi/lib/armv6-m/libnosys.a(lseek.o)
 .data          0x2000224c        0x0 /usr/bin/../lib/gcc/arm-none-eabi/4.9.3/../../../../arm-none-eabi/lib/armv6-m/libnosys.a(read.o)
 .data          0x2000224c        0x0 /usr/bin/../lib/gcc/arm-none-eabi/4.9.3/../../../../arm-none-eabi/lib/armv6-m/libnosys.a(sbrk.o)
 .data          0x2000224c        0x0 /usr/bin/../lib/gcc/arm-none-eabi/4.9.3/../../../../arm-none-eabi/lib/armv6-m/libnosys.a(write.o)
 .data          0x2000224c        0x0 /usr/bin/../lib/gcc/arm-none-eabi/4.9.3/../../../../arm-none-eabi/lib/armv6-m/libnosys.a(_exit.o)
                0x2000224c                . = ALIGN (0x4)
                0x2000224c                PROVIDE (__preinit_array_start, .)
 *(.preinit_array)
                0x2000224c                PROVIDE (__preinit_array_end, .)
                0x2000224c                . = ALIGN (0x4)
                0x2000224c                PROVIDE (__init_array_start, .)
 *(SORT(.init_array.*))
 *(.init_array)
 .init_array    0x2000224c        0x4 /usr/bin/../lib/gcc/arm-none-eabi/4.9.3/armv6-m/crtbegin.o
                0x20002250                PROVIDE (__init_array_end, .)
                0x20002250                . = ALIGN (0x4)
                0x20002250                PROVIDE (__fini_array_start, .)
 *(SORT(.fini_array.*))
 *(.fini_array)
 .fini_array    0x20002250        0x4 /usr/bin/../lib/gcc/arm-none-eabi/4.9.3/armv6-m/crtbegin.o
                0x20002254                PROVIDE (__fini_array_end, .)
 *(.jcr)
 .jcr           0x20002254        0x0 /usr/bin/../lib/gcc/arm-none-eabi/4.9.3/armv6-m/crtbegin.o
 .jcr           0x20002254        0x4 /usr/bin/../lib/gcc/arm-none-eabi/4.9.3/armv6-m/crtend.o
                0x20002258                . = ALIGN (0x4)
                0x20002258                __data_end__ = .

.igot.plt       0x20002258        0x0 load address 0x00021920
 .igot.plt      0x00000000        0x0 /usr/bin/../lib/gcc/arm-none-eabi/4.9.3/armv6-m/crtbegin.o

.bss            0x20002258      0xdfc load address 0x00021920
                0x20002258                . = ALIGN (0x4)
                0x20002258                __bss_start__ = .
 *(.bss*)
 .bss           0x20002258        0x0 /usr/bin/../lib/gcc/arm-none-eabi/4.9.3/armv6-m/crti.o
 .bss           0x20002258       0x1c /usr/bin/../lib/gcc/arm-none-eabi/4.9.3/armv6-m/crtbegin.o
 .bss           0x20002274        0x0 /usr/bin/../lib/gcc/arm-none-eabi/4.9.3/../../../../arm-none-eabi/lib/armv6-m/crt0.o
 .bss           0x20002274      0x31c src/ble/ble.o
 .bss           0x20002590       0x80 src/ble/ble_crazyflies.o
 .bss           0x20002610        0x8 src/ble/timeslot.o
 .bss           0x20002618        0x0 nrf51_sdk/nrf51822/Source/ble/ble_advdata.o
 .bss           0x20002618       0x35 nrf51_sdk/nrf51822/Source/ble/ble_conn_params.o
 .bss           0x2000264d        0x0 nrf51_sdk/nrf51822/Source/ble/ble_services/ble_srv_common.o
 *fill*         0x2000264d        0x3 
 .bss           0x20002650       0x4c nrf51_sdk/nrf51822/Source/ble/ble_services/ble_dis.o
 .bss           0x2000269c       0x14 nrf51_sdk/nrf51822/Source/sd_common/softdevice_handler.o
 .bss           0x200026b0       0x29 nrf51_sdk/nrf51822/Source/app_common/app_timer.o
 *fill*         0x200026d9        0x3 
 .bss           0x200026dc       0xd4 src/main.o
 .bss           0x200027b0        0x0 gcc_startup_nrf51.o
 .bss           0x200027b0        0x0 system_nrf51.o
 .bss           0x200027b0       0x98 src/uart.o
                0x20002844                error
 .bss           0x20002848       0x10 src/syslink.o
 .bss           0x20002858       0x14 src/pm.o
 .bss           0x2000286c        0x4 src/systick.o
 .bss           0x20002870       0x10 src/button.o
 .bss           0x20002880        0x0 src/swd.o
 .bss           0x20002880        0x0 src/ow.o
 .bss           0x20002880        0x8 src/ow/owlnk.o
 .bss           0x20002888       0xc0 src/ow/ownet.o
 .bss           0x20002948        0x0 src/ow/owtran.o
 .bss           0x20002948        0x0 src/ow/crcutil.o
 .bss           0x20002948        0x0 src/ds2431.o
 .bss           0x20002948        0x0 src/ds28e05.o
 .bss           0x20002948      0x578 src/esb.o
 .bss           0x20002ec0       0x8a src/memory.o
 .bss           0x20002f4a        0x0 /usr/bin/../lib/gcc/arm-none-eabi/4.9.3/armv6-m/libgcc.a(_divsi3.o)
 .bss           0x20002f4a        0x0 /usr/bin/../lib/gcc/arm-none-eabi/4.9.3/armv6-m/libgcc.a(_dvmd_tls.o)
 .bss           0x20002f4a        0x0 /usr/bin/../lib/gcc/arm-none-eabi/4.9.3/armv6-m/libgcc.a(divsf3.o)
 .bss           0x20002f4a        0x0 /usr/bin/../lib/gcc/arm-none-eabi/4.9.3/armv6-m/libgcc.a(mulsf3.o)
 .bss           0x20002f4a        0x0 /usr/bin/../lib/gcc/arm-none-eabi/4.9.3/armv6-m/libgcc.a(floatsisf.o)
 .bss           0x20002f4a        0x0 /usr/bin/../lib/gcc/arm-none-eabi/4.9.3/armv6-m/libgcc.a(_clzsi2.o)
 .bss           0x20002f4a        0x0 /usr/bin/../lib/gcc/arm-none-eabi/4.9.3/../../../../arm-none-eabi/lib/armv6-m/libc_nano.a(lib_a-bzero.o)
 .bss           0x20002f4a        0x0 /usr/bin/../lib/gcc/arm-none-eabi/4.9.3/../../../../arm-none-eabi/lib/armv6-m/libc_nano.a(lib_a-errno.o)
 .bss           0x20002f4a        0x0 /usr/bin/../lib/gcc/arm-none-eabi/4.9.3/../../../../arm-none-eabi/lib/armv6-m/libc_nano.a(lib_a-exit.o)
 .bss           0x20002f4a        0x0 /usr/bin/../lib/gcc/arm-none-eabi/4.9.3/../../../../arm-none-eabi/lib/armv6-m/libc_nano.a(lib_a-impure.o)
 .bss           0x20002f4a        0x0 /usr/bin/../lib/gcc/arm-none-eabi/4.9.3/../../../../arm-none-eabi/lib/armv6-m/libc_nano.a(lib_a-init.o)
 .bss           0x20002f4a        0x0 /usr/bin/../lib/gcc/arm-none-eabi/4.9.3/../../../../arm-none-eabi/lib/armv6-m/libc_nano.a(lib_a-memcmp.o)
 .bss           0x20002f4a        0x0 /usr/bin/../lib/gcc/arm-none-eabi/4.9.3/../../../../arm-none-eabi/lib/armv6-m/libc_nano.a(lib_a-memcpy.o)
 .bss           0x20002f4a        0x0 /usr/bin/../lib/gcc/arm-none-eabi/4.9.3/../../../../arm-none-eabi/lib/armv6-m/libc_nano.a(lib_a-memset.o)
 .bss           0x20002f4a        0x0 /usr/bin/../lib/gcc/arm-none-eabi/4.9.3/../../../../arm-none-eabi/lib/armv6-m/libc_nano.a(lib_a-printf.o)
 .bss           0x20002f4a        0x0 /usr/bin/../lib/gcc/arm-none-eabi/4.9.3/../../../../arm-none-eabi/lib/armv6-m/libc_nano.a(lib_a-rand.o)
 .bss           0x20002f4a        0x0 /usr/bin/../lib/gcc/arm-none-eabi/4.9.3/../../../../arm-none-eabi/lib/armv6-m/libc_nano.a(lib_a-strlen.o)
 .bss           0x20002f4a        0x0 /usr/bin/../lib/gcc/arm-none-eabi/4.9.3/../../../../arm-none-eabi/lib/armv6-m/libc_nano.a(lib_a-time.o)
 .bss           0x20002f4a        0x0 /usr/bin/../lib/gcc/arm-none-eabi/4.9.3/../../../../arm-none-eabi/lib/armv6-m/libc_nano.a(lib_a-findfp.o)
 .bss           0x20002f4a        0x0 /usr/bin/../lib/gcc/arm-none-eabi/4.9.3/../../../../arm-none-eabi/lib/armv6-m/libc_nano.a(lib_a-fwalk.o)
 .bss           0x20002f4a        0x0 /usr/bin/../lib/gcc/arm-none-eabi/4.9.3/../../../../arm-none-eabi/lib/armv6-m/libc_nano.a(lib_a-gettimeofdayr.o)
 .bss           0x20002f4a        0x0 /usr/bin/../lib/gcc/arm-none-eabi/4.9.3/../../../../arm-none-eabi/lib/armv6-m/libc_nano.a(lib_a-malloc.o)
 .bss           0x20002f4a        0x0 /usr/bin/../lib/gcc/arm-none-eabi/4.9.3/../../../../arm-none-eabi/lib/armv6-m/libc_nano.a(lib_a-nano-freer.o)
 .bss           0x20002f4a        0x0 /usr/bin/../lib/gcc/arm-none-eabi/4.9.3/../../../../arm-none-eabi/lib/armv6-m/libc_nano.a(lib_a-nano-mallocr.o)
 *fill*         0x20002f4a        0x2 
 .bss.__malloc_sbrk_start
                0x20002f4c        0x4 /usr/bin/../lib/gcc/arm-none-eabi/4.9.3/../../../../arm-none-eabi/lib/armv6-m/libc_nano.a(lib_a-nano-mallocr.o)
                0x20002f4c                __malloc_sbrk_start
 .bss.__malloc_free_list
                0x20002f50        0x4 /usr/bin/../lib/gcc/arm-none-eabi/4.9.3/../../../../arm-none-eabi/lib/armv6-m/libc_nano.a(lib_a-nano-mallocr.o)
                0x20002f50                __malloc_free_list
 .bss           0x20002f54        0x0 /usr/bin/../lib/gcc/arm-none-eabi/4.9.3/../../../../arm-none-eabi/lib/armv6-m/libc_nano.a(lib_a-nano-vfprintf.o)
 .bss           0x20002f54        0x0 /usr/bin/../lib/gcc/arm-none-eabi/4.9.3/../../../../arm-none-eabi/lib/armv6-m/libc_nano.a(lib_a-nano-vfprintf_i.o)
 .bss           0x20002f54        0x0 /usr/bin/../lib/gcc/arm-none-eabi/4.9.3/../../../../arm-none-eabi/lib/armv6-m/libc_nano.a(lib_a-reent.o)
 .bss           0x20002f54        0x0 /usr/bin/../lib/gcc/arm-none-eabi/4.9.3/../../../../arm-none-eabi/lib/armv6-m/libc_nano.a(lib_a-sbrkr.o)
 .bss           0x20002f54        0x0 /usr/bin/../lib/gcc/arm-none-eabi/4.9.3/../../../../arm-none-eabi/lib/armv6-m/libc_nano.a(lib_a-stdio.o)
 .bss           0x20002f54        0x0 /usr/bin/../lib/gcc/arm-none-eabi/4.9.3/../../../../arm-none-eabi/lib/armv6-m/libc_nano.a(lib_a-wbuf.o)
 .bss           0x20002f54        0x0 /usr/bin/../lib/gcc/arm-none-eabi/4.9.3/../../../../arm-none-eabi/lib/armv6-m/libc_nano.a(lib_a-writer.o)
 .bss           0x20002f54        0x0 /usr/bin/../lib/gcc/arm-none-eabi/4.9.3/../../../../arm-none-eabi/lib/armv6-m/libc_nano.a(lib_a-wsetup.o)
 .bss           0x20002f54        0x0 /usr/bin/../lib/gcc/arm-none-eabi/4.9.3/../../../../arm-none-eabi/lib/armv6-m/libc_nano.a(lib_a-closer.o)
 .bss           0x20002f54        0x0 /usr/bin/../lib/gcc/arm-none-eabi/4.9.3/../../../../arm-none-eabi/lib/armv6-m/libc_nano.a(lib_a-fflush.o)
 .bss           0x20002f54        0x0 /usr/bin/../lib/gcc/arm-none-eabi/4.9.3/../../../../arm-none-eabi/lib/armv6-m/libc_nano.a(lib_a-fvwrite.o)
 .bss           0x20002f54        0x0 /usr/bin/../lib/gcc/arm-none-eabi/4.9.3/../../../../arm-none-eabi/lib/armv6-m/libc_nano.a(lib_a-lseekr.o)
 .bss           0x20002f54        0x0 /usr/bin/../lib/gcc/arm-none-eabi/4.9.3/../../../../arm-none-eabi/lib/armv6-m/libc_nano.a(lib_a-makebuf.o)
 .bss           0x20002f54        0x0 /usr/bin/../lib/gcc/arm-none-eabi/4.9.3/../../../../arm-none-eabi/lib/armv6-m/libc_nano.a(lib_a-memchr.o)
 .bss           0x20002f54        0x0 /usr/bin/../lib/gcc/arm-none-eabi/4.9.3/../../../../arm-none-eabi/lib/armv6-m/libc_nano.a(lib_a-memmove.o)
 .bss           0x20002f54        0x0 /usr/bin/../lib/gcc/arm-none-eabi/4.9.3/../../../../arm-none-eabi/lib/armv6-m/libc_nano.a(lib_a-nano-reallocr.o)
 .bss           0x20002f54        0x0 /usr/bin/../lib/gcc/arm-none-eabi/4.9.3/../../../../arm-none-eabi/lib/armv6-m/libc_nano.a(lib_a-readr.o)
 .bss           0x20002f54        0x0 /usr/bin/../lib/gcc/arm-none-eabi/4.9.3/../../../../arm-none-eabi/lib/armv6-m/libc_nano.a(lib_a-fstatr.o)
 .bss           0x20002f54        0x0 /usr/bin/../lib/gcc/arm-none-eabi/4.9.3/../../../../arm-none-eabi/lib/armv6-m/libc_nano.a(lib_a-isattyr.o)
 .bss           0x20002f54        0x0 /usr/bin/../lib/gcc/arm-none-eabi/4.9.3/../../../../arm-none-eabi/lib/armv6-m/libc_nano.a(lib_a-nano-msizer.o)
 .bss           0x20002f54        0x0 /usr/bin/../lib/gcc/arm-none-eabi/4.9.3/armv6-m/libgcc.a(_udivsi3.o)
 .bss           0x20002f54        0x0 /usr/bin/../lib/gcc/arm-none-eabi/4.9.3/armv6-m/libgcc.a(_muldi3.o)
 .bss           0x20002f54        0x0 /usr/bin/../lib/gcc/arm-none-eabi/4.9.3/armv6-m/crtend.o
 .bss           0x20002f54        0x0 /usr/bin/../lib/gcc/arm-none-eabi/4.9.3/armv6-m/crtn.o
 .bss           0x20002f54        0x0 /usr/bin/../lib/gcc/arm-none-eabi/4.9.3/../../../../arm-none-eabi/lib/armv6-m/libnosys.a(close.o)
 .bss           0x20002f54        0x0 /usr/bin/../lib/gcc/arm-none-eabi/4.9.3/../../../../arm-none-eabi/lib/armv6-m/libnosys.a(fstat.o)
 .bss           0x20002f54        0x0 /usr/bin/../lib/gcc/arm-none-eabi/4.9.3/../../../../arm-none-eabi/lib/armv6-m/libnosys.a(gettod.o)
 .bss           0x20002f54        0x0 /usr/bin/../lib/gcc/arm-none-eabi/4.9.3/../../../../arm-none-eabi/lib/armv6-m/libnosys.a(isatty.o)
 .bss           0x20002f54        0x0 /usr/bin/../lib/gcc/arm-none-eabi/4.9.3/../../../../arm-none-eabi/lib/armv6-m/libnosys.a(lseek.o)
 .bss           0x20002f54        0x0 /usr/bin/../lib/gcc/arm-none-eabi/4.9.3/../../../../arm-none-eabi/lib/armv6-m/libnosys.a(read.o)
 .bss           0x20002f54        0x0 /usr/bin/../lib/gcc/arm-none-eabi/4.9.3/../../../../arm-none-eabi/lib/armv6-m/libnosys.a(sbrk.o)
 .bss.heap_end.4079
                0x20002f54        0x4 /usr/bin/../lib/gcc/arm-none-eabi/4.9.3/../../../../arm-none-eabi/lib/armv6-m/libnosys.a(sbrk.o)
 .bss           0x20002f58        0x0 /usr/bin/../lib/gcc/arm-none-eabi/4.9.3/../../../../arm-none-eabi/lib/armv6-m/libnosys.a(write.o)
 .bss           0x20002f58        0x0 /usr/bin/../lib/gcc/arm-none-eabi/4.9.3/../../../../arm-none-eabi/lib/armv6-m/libnosys.a(_exit.o)
 *(COMMON)
 COMMON         0x20002f58       0x47 src/swd.o
                0x20002f58                rx_data
                0x20002f7c                tx_data
 *fill*         0x20002f9f        0x1 
 COMMON         0x20002fa0       0x80 src/ow/ownet.o
                0x20002fa0                SerialNum
 COMMON         0x20003020       0x30 src/ow/crcutil.o
                0x20003020                utilcrc8
                0x20003030                utilcrc16
 COMMON         0x20003050        0x4 /usr/bin/../lib/gcc/arm-none-eabi/4.9.3/../../../../arm-none-eabi/lib/armv6-m/libc_nano.a(lib_a-reent.o)
                0x20003050                errno
                0x20003054                . = ALIGN (0x4)
                0x20003054                __bss_end__ = .

.heap           0x20003058       0x80
                0x20003058                __end__ = .
                0x20003058                end = __end__
 *(.heap*)
 .heap          0x20003058       0x80 gcc_startup_nrf51.o
                0x20003058                __HeapBase
                0x200030d8                __HeapLimit = .

.stack_dummy    0x20003058      0x800
 *(.stack*)
 .stack         0x20003058      0x800 gcc_startup_nrf51.o
                0x20004000                __StackTop = (ORIGIN (RAM) + 0x2000)
                0x20003800                __StackLimit = (__StackTop - SIZEOF (.stack_dummy))
                0x20004000                PROVIDE (__stack, __StackTop)
                0x00000001                ASSERT ((__StackLimit >= __HeapLimit), region RAM overflowed with stack)
OUTPUT(cf2_nrf.elf elf32-littlearm)

.ARM.attributes
                0x00000000       0x28
 .ARM.attributes
                0x00000000       0x1e /usr/bin/../lib/gcc/arm-none-eabi/4.9.3/armv6-m/crti.o
 .ARM.attributes
                0x0000001e       0x2c /usr/bin/../lib/gcc/arm-none-eabi/4.9.3/armv6-m/crtbegin.o
 .ARM.attributes
                0x0000004a       0x1b /usr/bin/../lib/gcc/arm-none-eabi/4.9.3/../../../../arm-none-eabi/lib/armv6-m/crt0.o
 .ARM.attributes
                0x00000065       0x2d src/ble/ble.o
 .ARM.attributes
                0x00000092       0x2d src/ble/ble_crazyflies.o
 .ARM.attributes
                0x000000bf       0x2d src/ble/timeslot.o
 .ARM.attributes
                0x000000ec       0x2d nrf51_sdk/nrf51822/Source/ble/ble_advdata.o
 .ARM.attributes
                0x00000119       0x2d nrf51_sdk/nrf51822/Source/ble/ble_conn_params.o
 .ARM.attributes
                0x00000146       0x2d nrf51_sdk/nrf51822/Source/ble/ble_services/ble_srv_common.o
 .ARM.attributes
                0x00000173       0x2d nrf51_sdk/nrf51822/Source/ble/ble_services/ble_dis.o
 .ARM.attributes
                0x000001a0       0x2d nrf51_sdk/nrf51822/Source/sd_common/softdevice_handler.o
 .ARM.attributes
                0x000001cd       0x2d nrf51_sdk/nrf51822/Source/app_common/app_timer.o
 .ARM.attributes
                0x000001fa       0x2d src/main.o
 .ARM.attributes
                0x00000227       0x1b gcc_startup_nrf51.o
 .ARM.attributes
                0x00000242       0x2d system_nrf51.o
 .ARM.attributes
                0x0000026f       0x2d src/uart.o
 .ARM.attributes
                0x0000029c       0x2d src/syslink.o
 .ARM.attributes
                0x000002c9       0x2d src/pm.o
 .ARM.attributes
                0x000002f6       0x2d src/systick.o
 .ARM.attributes
                0x00000323       0x2d src/button.o
 .ARM.attributes
                0x00000350       0x2d src/swd.o
 .ARM.attributes
                0x0000037d       0x2d src/ow.o
 .ARM.attributes
                0x000003aa       0x2d src/ow/owlnk.o
 .ARM.attributes
                0x000003d7       0x2d src/ow/ownet.o
 .ARM.attributes
                0x00000404       0x2d src/ow/owtran.o
 .ARM.attributes
                0x00000431       0x2d src/ow/crcutil.o
 .ARM.attributes
                0x0000045e       0x2d src/ds2431.o
 .ARM.attributes
                0x0000048b       0x2d src/ds28e05.o
 .ARM.attributes
                0x000004b8       0x2d src/esb.o
 .ARM.attributes
                0x000004e5       0x2d src/memory.o
 .ARM.attributes
                0x00000512       0x1e /usr/bin/../lib/gcc/arm-none-eabi/4.9.3/armv6-m/libgcc.a(_divsi3.o)
 .ARM.attributes
                0x00000530       0x1e /usr/bin/../lib/gcc/arm-none-eabi/4.9.3/armv6-m/libgcc.a(_dvmd_tls.o)
 .ARM.attributes
                0x0000054e       0x2c /usr/bin/../lib/gcc/arm-none-eabi/4.9.3/armv6-m/libgcc.a(divsf3.o)
 .ARM.attributes
                0x0000057a       0x2c /usr/bin/../lib/gcc/arm-none-eabi/4.9.3/armv6-m/libgcc.a(mulsf3.o)
 .ARM.attributes
                0x000005a6       0x2c /usr/bin/../lib/gcc/arm-none-eabi/4.9.3/armv6-m/libgcc.a(floatsisf.o)
 .ARM.attributes
                0x000005d2       0x1e /usr/bin/../lib/gcc/arm-none-eabi/4.9.3/armv6-m/libgcc.a(_clzsi2.o)
 .ARM.attributes
                0x000005f0       0x2c /usr/bin/../lib/gcc/arm-none-eabi/4.9.3/../../../../arm-none-eabi/lib/armv6-m/libc_nano.a(lib_a-bzero.o)
 .ARM.attributes
                0x0000061c       0x2c /usr/bin/../lib/gcc/arm-none-eabi/4.9.3/../../../../arm-none-eabi/lib/armv6-m/libc_nano.a(lib_a-errno.o)
 .ARM.attributes
                0x00000648       0x2c /usr/bin/../lib/gcc/arm-none-eabi/4.9.3/../../../../arm-none-eabi/lib/armv6-m/libc_nano.a(lib_a-exit.o)
 .ARM.attributes
                0x00000674       0x2c /usr/bin/../lib/gcc/arm-none-eabi/4.9.3/../../../../arm-none-eabi/lib/armv6-m/libc_nano.a(lib_a-impure.o)
 .ARM.attributes
                0x000006a0       0x2c /usr/bin/../lib/gcc/arm-none-eabi/4.9.3/../../../../arm-none-eabi/lib/armv6-m/libc_nano.a(lib_a-init.o)
 .ARM.attributes
                0x000006cc       0x2c /usr/bin/../lib/gcc/arm-none-eabi/4.9.3/../../../../arm-none-eabi/lib/armv6-m/libc_nano.a(lib_a-memcmp.o)
 .ARM.attributes
                0x000006f8       0x2c /usr/bin/../lib/gcc/arm-none-eabi/4.9.3/../../../../arm-none-eabi/lib/armv6-m/libc_nano.a(lib_a-memcpy.o)
 .ARM.attributes
                0x00000724       0x2c /usr/bin/../lib/gcc/arm-none-eabi/4.9.3/../../../../arm-none-eabi/lib/armv6-m/libc_nano.a(lib_a-memset.o)
 .ARM.attributes
                0x00000750       0x2c /usr/bin/../lib/gcc/arm-none-eabi/4.9.3/../../../../arm-none-eabi/lib/armv6-m/libc_nano.a(lib_a-printf.o)
 .ARM.attributes
                0x0000077c       0x2c /usr/bin/../lib/gcc/arm-none-eabi/4.9.3/../../../../arm-none-eabi/lib/armv6-m/libc_nano.a(lib_a-rand.o)
 .ARM.attributes
                0x000007a8       0x2c /usr/bin/../lib/gcc/arm-none-eabi/4.9.3/../../../../arm-none-eabi/lib/armv6-m/libc_nano.a(lib_a-strlen.o)
 .ARM.attributes
                0x000007d4       0x2c /usr/bin/../lib/gcc/arm-none-eabi/4.9.3/../../../../arm-none-eabi/lib/armv6-m/libc_nano.a(lib_a-time.o)
 .ARM.attributes
                0x00000800       0x2c /usr/bin/../lib/gcc/arm-none-eabi/4.9.3/../../../../arm-none-eabi/lib/armv6-m/libc_nano.a(lib_a-findfp.o)
 .ARM.attributes
                0x0000082c       0x2c /usr/bin/../lib/gcc/arm-none-eabi/4.9.3/../../../../arm-none-eabi/lib/armv6-m/libc_nano.a(lib_a-fwalk.o)
 .ARM.attributes
                0x00000858       0x2c /usr/bin/../lib/gcc/arm-none-eabi/4.9.3/../../../../arm-none-eabi/lib/armv6-m/libc_nano.a(lib_a-gettimeofdayr.o)
 .ARM.attributes
                0x00000884       0x2c /usr/bin/../lib/gcc/arm-none-eabi/4.9.3/../../../../arm-none-eabi/lib/armv6-m/libc_nano.a(lib_a-malloc.o)
 .ARM.attributes
                0x000008b0       0x2c /usr/bin/../lib/gcc/arm-none-eabi/4.9.3/../../../../arm-none-eabi/lib/armv6-m/libc_nano.a(lib_a-nano-freer.o)
 .ARM.attributes
                0x000008dc       0x2c /usr/bin/../lib/gcc/arm-none-eabi/4.9.3/../../../../arm-none-eabi/lib/armv6-m/libc_nano.a(lib_a-nano-mallocr.o)
 .ARM.attributes
                0x00000908       0x2c /usr/bin/../lib/gcc/arm-none-eabi/4.9.3/../../../../arm-none-eabi/lib/armv6-m/libc_nano.a(lib_a-nano-vfprintf.o)
 .ARM.attributes
                0x00000934       0x2c /usr/bin/../lib/gcc/arm-none-eabi/4.9.3/../../../../arm-none-eabi/lib/armv6-m/libc_nano.a(lib_a-nano-vfprintf_i.o)
 .ARM.attributes
                0x00000960       0x2c /usr/bin/../lib/gcc/arm-none-eabi/4.9.3/../../../../arm-none-eabi/lib/armv6-m/libc_nano.a(lib_a-reent.o)
 .ARM.attributes
                0x0000098c       0x2c /usr/bin/../lib/gcc/arm-none-eabi/4.9.3/../../../../arm-none-eabi/lib/armv6-m/libc_nano.a(lib_a-sbrkr.o)
 .ARM.attributes
                0x000009b8       0x2c /usr/bin/../lib/gcc/arm-none-eabi/4.9.3/../../../../arm-none-eabi/lib/armv6-m/libc_nano.a(lib_a-stdio.o)
 .ARM.attributes
                0x000009e4       0x2c /usr/bin/../lib/gcc/arm-none-eabi/4.9.3/../../../../arm-none-eabi/lib/armv6-m/libc_nano.a(lib_a-wbuf.o)
 .ARM.attributes
                0x00000a10       0x2c /usr/bin/../lib/gcc/arm-none-eabi/4.9.3/../../../../arm-none-eabi/lib/armv6-m/libc_nano.a(lib_a-writer.o)
 .ARM.attributes
                0x00000a3c       0x2c /usr/bin/../lib/gcc/arm-none-eabi/4.9.3/../../../../arm-none-eabi/lib/armv6-m/libc_nano.a(lib_a-wsetup.o)
 .ARM.attributes
                0x00000a68       0x2c /usr/bin/../lib/gcc/arm-none-eabi/4.9.3/../../../../arm-none-eabi/lib/armv6-m/libc_nano.a(lib_a-closer.o)
 .ARM.attributes
                0x00000a94       0x2c /usr/bin/../lib/gcc/arm-none-eabi/4.9.3/../../../../arm-none-eabi/lib/armv6-m/libc_nano.a(lib_a-fflush.o)
 .ARM.attributes
                0x00000ac0       0x2c /usr/bin/../lib/gcc/arm-none-eabi/4.9.3/../../../../arm-none-eabi/lib/armv6-m/libc_nano.a(lib_a-fvwrite.o)
 .ARM.attributes
                0x00000aec       0x2c /usr/bin/../lib/gcc/arm-none-eabi/4.9.3/../../../../arm-none-eabi/lib/armv6-m/libc_nano.a(lib_a-lseekr.o)
 .ARM.attributes
                0x00000b18       0x2c /usr/bin/../lib/gcc/arm-none-eabi/4.9.3/../../../../arm-none-eabi/lib/armv6-m/libc_nano.a(lib_a-makebuf.o)
 .ARM.attributes
                0x00000b44       0x2c /usr/bin/../lib/gcc/arm-none-eabi/4.9.3/../../../../arm-none-eabi/lib/armv6-m/libc_nano.a(lib_a-memchr.o)
 .ARM.attributes
                0x00000b70       0x2c /usr/bin/../lib/gcc/arm-none-eabi/4.9.3/../../../../arm-none-eabi/lib/armv6-m/libc_nano.a(lib_a-memmove.o)
 .ARM.attributes
                0x00000b9c       0x2c /usr/bin/../lib/gcc/arm-none-eabi/4.9.3/../../../../arm-none-eabi/lib/armv6-m/libc_nano.a(lib_a-nano-reallocr.o)
 .ARM.attributes
                0x00000bc8       0x2c /usr/bin/../lib/gcc/arm-none-eabi/4.9.3/../../../../arm-none-eabi/lib/armv6-m/libc_nano.a(lib_a-readr.o)
 .ARM.attributes
                0x00000bf4       0x2c /usr/bin/../lib/gcc/arm-none-eabi/4.9.3/../../../../arm-none-eabi/lib/armv6-m/libc_nano.a(lib_a-fstatr.o)
 .ARM.attributes
                0x00000c20       0x2c /usr/bin/../lib/gcc/arm-none-eabi/4.9.3/../../../../arm-none-eabi/lib/armv6-m/libc_nano.a(lib_a-isattyr.o)
 .ARM.attributes
                0x00000c4c       0x2c /usr/bin/../lib/gcc/arm-none-eabi/4.9.3/../../../../arm-none-eabi/lib/armv6-m/libc_nano.a(lib_a-nano-msizer.o)
 .ARM.attributes
                0x00000c78       0x1e /usr/bin/../lib/gcc/arm-none-eabi/4.9.3/armv6-m/libgcc.a(_udivsi3.o)
 .ARM.attributes
                0x00000c96       0x2c /usr/bin/../lib/gcc/arm-none-eabi/4.9.3/armv6-m/libgcc.a(_muldi3.o)
 .ARM.attributes
                0x00000cc2       0x2c /usr/bin/../lib/gcc/arm-none-eabi/4.9.3/armv6-m/crtend.o
 .ARM.attributes
                0x00000cee       0x1e /usr/bin/../lib/gcc/arm-none-eabi/4.9.3/armv6-m/crtn.o
 .ARM.attributes
                0x00000d0c       0x2c /usr/bin/../lib/gcc/arm-none-eabi/4.9.3/../../../../arm-none-eabi/lib/armv6-m/libnosys.a(close.o)
 .ARM.attributes
                0x00000d38       0x2c /usr/bin/../lib/gcc/arm-none-eabi/4.9.3/../../../../arm-none-eabi/lib/armv6-m/libnosys.a(fstat.o)
 .ARM.attributes
                0x00000d64       0x2c /usr/bin/../lib/gcc/arm-none-eabi/4.9.3/../../../../arm-none-eabi/lib/armv6-m/libnosys.a(gettod.o)
 .ARM.attributes
                0x00000d90       0x2c /usr/bin/../lib/gcc/arm-none-eabi/4.9.3/../../../../arm-none-eabi/lib/armv6-m/libnosys.a(isatty.o)
 .ARM.attributes
                0x00000dbc       0x2c /usr/bin/../lib/gcc/arm-none-eabi/4.9.3/../../../../arm-none-eabi/lib/armv6-m/libnosys.a(lseek.o)
 .ARM.attributes
                0x00000de8       0x2c /usr/bin/../lib/gcc/arm-none-eabi/4.9.3/../../../../arm-none-eabi/lib/armv6-m/libnosys.a(read.o)
 .ARM.attributes
                0x00000e14       0x2c /usr/bin/../lib/gcc/arm-none-eabi/4.9.3/../../../../arm-none-eabi/lib/armv6-m/libnosys.a(sbrk.o)
 .ARM.attributes
                0x00000e40       0x2c /usr/bin/../lib/gcc/arm-none-eabi/4.9.3/../../../../arm-none-eabi/lib/armv6-m/libnosys.a(write.o)
 .ARM.attributes
                0x00000e6c       0x2c /usr/bin/../lib/gcc/arm-none-eabi/4.9.3/../../../../arm-none-eabi/lib/armv6-m/libnosys.a(_exit.o)

.comment        0x00000000       0x70
 .comment       0x00000000       0x70 src/ble/ble.o
                                 0x71 (size before relaxing)
 .comment       0x00000000       0x71 src/ble/ble_crazyflies.o
 .comment       0x00000000       0x71 src/ble/timeslot.o
 .comment       0x00000000       0x71 nrf51_sdk/nrf51822/Source/ble/ble_advdata.o
 .comment       0x00000000       0x71 nrf51_sdk/nrf51822/Source/ble/ble_conn_params.o
 .comment       0x00000000       0x71 nrf51_sdk/nrf51822/Source/ble/ble_services/ble_srv_common.o
 .comment       0x00000000       0x71 nrf51_sdk/nrf51822/Source/ble/ble_services/ble_dis.o
 .comment       0x00000000       0x71 nrf51_sdk/nrf51822/Source/sd_common/softdevice_handler.o
 .comment       0x00000000       0x71 nrf51_sdk/nrf51822/Source/app_common/app_timer.o
 .comment       0x00000000       0x71 src/main.o
 .comment       0x00000000       0x71 system_nrf51.o
 .comment       0x00000000       0x71 src/uart.o
 .comment       0x00000000       0x71 src/syslink.o
 .comment       0x00000000       0x71 src/pm.o
 .comment       0x00000000       0x71 src/systick.o
 .comment       0x00000000       0x71 src/button.o
 .comment       0x00000000       0x71 src/swd.o
 .comment       0x00000000       0x71 src/ow.o
 .comment       0x00000000       0x71 src/ow/owlnk.o
 .comment       0x00000000       0x71 src/ow/ownet.o
 .comment       0x00000000       0x71 src/ow/owtran.o
 .comment       0x00000000       0x71 src/ow/crcutil.o
 .comment       0x00000000       0x71 src/ds2431.o
 .comment       0x00000000       0x71 src/ds28e05.o
 .comment       0x00000000       0x71 src/esb.o
 .comment       0x00000000       0x71 src/memory.o

.debug_info     0x00000000    0x1dc94
 .debug_info    0x00000000     0x3eb9 src/ble/ble.o
 .debug_info    0x00003eb9     0x2942 src/ble/ble_crazyflies.o
 .debug_info    0x000067fb     0x1257 src/ble/timeslot.o
 .debug_info    0x00007a52     0x20d3 nrf51_sdk/nrf51822/Source/ble/ble_advdata.o
 .debug_info    0x00009b25     0x2a67 nrf51_sdk/nrf51822/Source/ble/ble_conn_params.o
 .debug_info    0x0000c58c      0xa44 nrf51_sdk/nrf51822/Source/ble/ble_services/ble_srv_common.o
 .debug_info    0x0000cfd0     0x16d5 nrf51_sdk/nrf51822/Source/ble/ble_services/ble_dis.o
 .debug_info    0x0000e6a5     0x3624 nrf51_sdk/nrf51822/Source/sd_common/softdevice_handler.o
 .debug_info    0x00011cc9     0x1f4e nrf51_sdk/nrf51822/Source/app_common/app_timer.o
 .debug_info    0x00013c17     0x31a0 src/main.o
 .debug_info    0x00016db7      0x1e7 system_nrf51.o
 .debug_info    0x00016f9e      0x93d src/uart.o
 .debug_info    0x000178db      0x1f0 src/syslink.o
 .debug_info    0x00017acb     0x16ca src/pm.o
 .debug_info    0x00019195      0x5ab src/systick.o
 .debug_info    0x00019740      0x2ad src/button.o
 .debug_info    0x000199ed      0x485 src/swd.o
 .debug_info    0x00019e72      0x6aa src/ow.o
 .debug_info    0x0001a51c      0x5c4 src/ow/owlnk.o
 .debug_info    0x0001aae0      0x48a src/ow/ownet.o
 .debug_info    0x0001af6a      0x17e src/ow/owtran.o
 .debug_info    0x0001b0e8      0x1e6 src/ow/crcutil.o
 .debug_info    0x0001b2ce      0x303 src/ds2431.o
 .debug_info    0x0001b5d1      0x250 src/ds28e05.o
 .debug_info    0x0001b821     0x2172 src/esb.o
 .debug_info    0x0001d993      0x301 src/memory.o

.debug_abbrev   0x00000000     0x3214
 .debug_abbrev  0x00000000      0x354 src/ble/ble.o
 .debug_abbrev  0x00000354      0x305 src/ble/ble_crazyflies.o
 .debug_abbrev  0x00000659      0x1f7 src/ble/timeslot.o
 .debug_abbrev  0x00000850      0x288 nrf51_sdk/nrf51822/Source/ble/ble_advdata.o
 .debug_abbrev  0x00000ad8      0x33d nrf51_sdk/nrf51822/Source/ble/ble_conn_params.o
 .debug_abbrev  0x00000e15      0x1ae nrf51_sdk/nrf51822/Source/ble/ble_services/ble_srv_common.o
 .debug_abbrev  0x00000fc3      0x247 nrf51_sdk/nrf51822/Source/ble/ble_services/ble_dis.o
 .debug_abbrev  0x0000120a      0x311 nrf51_sdk/nrf51822/Source/sd_common/softdevice_handler.o
 .debug_abbrev  0x0000151b      0x367 nrf51_sdk/nrf51822/Source/app_common/app_timer.o
 .debug_abbrev  0x00001882      0x33e src/main.o
 .debug_abbrev  0x00001bc0       0xf4 system_nrf51.o
 .debug_abbrev  0x00001cb4      0x205 src/uart.o
 .debug_abbrev  0x00001eb9       0xec src/syslink.o
 .debug_abbrev  0x00001fa5      0x2c1 src/pm.o
 .debug_abbrev  0x00002266      0x156 src/systick.o
 .debug_abbrev  0x000023bc      0x142 src/button.o
 .debug_abbrev  0x000024fe      0x14a src/swd.o
 .debug_abbrev  0x00002648      0x15a src/ow.o
 .debug_abbrev  0x000027a2      0x179 src/ow/owlnk.o
 .debug_abbrev  0x0000291b      0x12e src/ow/ownet.o
 .debug_abbrev  0x00002a49       0xa6 src/ow/owtran.o
 .debug_abbrev  0x00002aef       0xc0 src/ow/crcutil.o
 .debug_abbrev  0x00002baf       0xb8 src/ds2431.o
 .debug_abbrev  0x00002c67       0xb8 src/ds28e05.o
 .debug_abbrev  0x00002d1f      0x3cc src/esb.o
 .debug_abbrev  0x000030eb      0x129 src/memory.o

.debug_aranges  0x00000000      0x340
 .debug_aranges
                0x00000000       0x20 src/ble/ble.o
 .debug_aranges
                0x00000020       0x20 src/ble/ble_crazyflies.o
 .debug_aranges
                0x00000040       0x20 src/ble/timeslot.o
 .debug_aranges
                0x00000060       0x20 nrf51_sdk/nrf51822/Source/ble/ble_advdata.o
 .debug_aranges
                0x00000080       0x20 nrf51_sdk/nrf51822/Source/ble/ble_conn_params.o
 .debug_aranges
                0x000000a0       0x20 nrf51_sdk/nrf51822/Source/ble/ble_services/ble_srv_common.o
 .debug_aranges
                0x000000c0       0x20 nrf51_sdk/nrf51822/Source/ble/ble_services/ble_dis.o
 .debug_aranges
                0x000000e0       0x20 nrf51_sdk/nrf51822/Source/sd_common/softdevice_handler.o
 .debug_aranges
                0x00000100       0x20 nrf51_sdk/nrf51822/Source/app_common/app_timer.o
 .debug_aranges
                0x00000120       0x20 src/main.o
 .debug_aranges
                0x00000140       0x20 system_nrf51.o
 .debug_aranges
                0x00000160       0x20 src/uart.o
 .debug_aranges
                0x00000180       0x20 src/syslink.o
 .debug_aranges
                0x000001a0       0x20 src/pm.o
 .debug_aranges
                0x000001c0       0x20 src/systick.o
 .debug_aranges
                0x000001e0       0x20 src/button.o
 .debug_aranges
                0x00000200       0x20 src/swd.o
 .debug_aranges
                0x00000220       0x20 src/ow.o
 .debug_aranges
                0x00000240       0x20 src/ow/owlnk.o
 .debug_aranges
                0x00000260       0x20 src/ow/ownet.o
 .debug_aranges
                0x00000280       0x20 src/ow/owtran.o
 .debug_aranges
                0x000002a0       0x20 src/ow/crcutil.o
 .debug_aranges
                0x000002c0       0x20 src/ds2431.o
 .debug_aranges
                0x000002e0       0x20 src/ds28e05.o
 .debug_aranges
                0x00000300       0x20 src/esb.o
 .debug_aranges
                0x00000320       0x20 src/memory.o

.debug_macro    0x00000000     0xf27b
 .debug_macro   0x00000000      0x427 src/ble/ble.o
 .debug_macro   0x00000427      0x83e src/ble/ble.o
 .debug_macro   0x00000c65       0x22 src/ble/ble.o
 .debug_macro   0x00000c87       0x44 src/ble/ble.o
 .debug_macro   0x00000ccb       0xe3 src/ble/ble.o
 .debug_macro   0x00000dae       0x22 src/ble/ble.o
 .debug_macro   0x00000dd0      0x1df src/ble/ble.o
 .debug_macro   0x00000faf       0x58 src/ble/ble.o
 .debug_macro   0x00001007       0x35 src/ble/ble.o
 .debug_macro   0x0000103c       0x9c src/ble/ble.o
 .debug_macro   0x000010d8      0x166 src/ble/ble.o
 .debug_macro   0x0000123e       0x52 src/ble/ble.o
 .debug_macro   0x00001290       0x16 src/ble/ble.o
 .debug_macro   0x000012a6       0x43 src/ble/ble.o
 .debug_macro   0x000012e9      0x180 src/ble/ble.o
 .debug_macro   0x00001469      0x29d src/ble/ble.o
 .debug_macro   0x00001706       0x10 src/ble/ble.o
 .debug_macro   0x00001716       0x35 src/ble/ble.o
 .debug_macro   0x0000174b       0xf4 src/ble/ble.o
 .debug_macro   0x0000183f       0x22 src/ble/ble.o
 .debug_macro   0x00001861       0x3a src/ble/ble.o
 .debug_macro   0x0000189b       0x1f src/ble/ble.o
 .debug_macro   0x000018ba      0x242 src/ble/ble.o
 .debug_macro   0x00001afc      0x1d2 src/ble/ble.o
 .debug_macro   0x00001cce     0x74a3 src/ble/ble.o
 .debug_macro   0x00009171      0x963 src/ble/ble.o
 .debug_macro   0x00009ad4       0x10 src/ble/ble.o
 .debug_macro   0x00009ae4       0x22 src/ble/ble.o
 .debug_macro   0x00009b06       0x8e src/ble/ble.o
 .debug_macro   0x00009b94       0x16 src/ble/ble.o
 .debug_macro   0x00009baa       0x1c src/ble/ble.o
 .debug_macro   0x00009bc6       0x10 src/ble/ble.o
 .debug_macro   0x00009bd6       0x10 src/ble/ble.o
 .debug_macro   0x00009be6       0x22 src/ble/ble.o
 .debug_macro   0x00009c08       0xbe src/ble/ble.o
 .debug_macro   0x00009cc6       0x16 src/ble/ble.o
 .debug_macro   0x00009cdc      0x197 src/ble/ble.o
 .debug_macro   0x00009e73       0x22 src/ble/ble.o
 .debug_macro   0x00009e95       0x1c src/ble/ble.o
 .debug_macro   0x00009eb1       0x41 src/ble/ble.o
 .debug_macro   0x00009ef2       0xd6 src/ble/ble.o
 .debug_macro   0x00009fc8      0x1e1 src/ble/ble.o
 .debug_macro   0x0000a1a9       0x10 src/ble/ble.o
 .debug_macro   0x0000a1b9      0x308 src/ble/ble.o
 .debug_macro   0x0000a4c1       0x34 src/ble/ble.o
 .debug_macro   0x0000a4f5       0x22 src/ble/ble.o
 .debug_macro   0x0000a517      0x1d5 src/ble/ble.o
 .debug_macro   0x0000a6ec       0x16 src/ble/ble.o
 .debug_macro   0x0000a702       0xb8 src/ble/ble.o
 .debug_macro   0x0000a7ba       0x1c src/ble/ble.o
 .debug_macro   0x0000a7d6      0x245 src/ble/ble.o
 .debug_macro   0x0000aa1b       0x3a src/ble/ble.o
 .debug_macro   0x0000aa55       0x16 src/ble/ble.o
 .debug_macro   0x0000aa6b       0x16 src/ble/ble.o
 .debug_macro   0x0000aa81       0x16 src/ble/ble.o
 .debug_macro   0x0000aa97       0x29 src/ble/ble.o
 .debug_macro   0x0000aac0       0x46 src/ble/ble.o
 .debug_macro   0x0000ab06       0x64 src/ble/ble.o
 .debug_macro   0x0000ab6a       0x1c src/ble/ble.o
 .debug_macro   0x0000ab86       0x16 src/ble/ble.o
 .debug_macro   0x0000ab9c       0x10 src/ble/ble.o
 .debug_macro   0x0000abac       0x16 src/ble/ble.o
 .debug_macro   0x0000abc2       0x2e src/ble/ble.o
 .debug_macro   0x0000abf0       0x1c src/ble/ble.o
 .debug_macro   0x0000ac0c      0x1d4 src/ble/ble_crazyflies.o
 .debug_macro   0x0000ade0      0x10e src/ble/ble_crazyflies.o
 .debug_macro   0x0000aeee       0x7f src/ble/ble_crazyflies.o
 .debug_macro   0x0000af6d       0x4a src/ble/ble_crazyflies.o
 .debug_macro   0x0000afb7       0x16 src/ble/ble_crazyflies.o
 .debug_macro   0x0000afcd      0x1db src/ble/ble_crazyflies.o
 .debug_macro   0x0000b1a8      0x1d0 src/ble/timeslot.o
 .debug_macro   0x0000b378       0x40 src/ble/timeslot.o
 .debug_macro   0x0000b3b8      0x1d6 nrf51_sdk/nrf51822/Source/ble/ble_advdata.o
 .debug_macro   0x0000b58e       0x1c nrf51_sdk/nrf51822/Source/ble/ble_advdata.o
 .debug_macro   0x0000b5aa      0x265 nrf51_sdk/nrf51822/Source/ble/ble_conn_params.o
 .debug_macro   0x0000b80f       0xa6 nrf51_sdk/nrf51822/Source/ble/ble_conn_params.o
 .debug_macro   0x0000b8b5      0x184 nrf51_sdk/nrf51822/Source/ble/ble_services/ble_srv_common.o
 .debug_macro   0x0000ba39      0x20a nrf51_sdk/nrf51822/Source/ble/ble_services/ble_dis.o
 .debug_macro   0x0000bc43       0x10 nrf51_sdk/nrf51822/Source/ble/ble_services/ble_dis.o
 .debug_macro   0x0000bc53       0xb2 nrf51_sdk/nrf51822/Source/ble/ble_services/ble_dis.o
 .debug_macro   0x0000bd05      0x284 nrf51_sdk/nrf51822/Source/sd_common/softdevice_handler.o
 .debug_macro   0x0000bf89       0x16 nrf51_sdk/nrf51822/Source/sd_common/softdevice_handler.o
 .debug_macro   0x0000bf9f      0x30e nrf51_sdk/nrf51822/Source/sd_common/softdevice_handler.o
 .debug_macro   0x0000c2ad       0x3a nrf51_sdk/nrf51822/Source/sd_common/softdevice_handler.o
 .debug_macro   0x0000c2e7       0x10 nrf51_sdk/nrf51822/Source/sd_common/softdevice_handler.o
 .debug_macro   0x0000c2f7       0x10 nrf51_sdk/nrf51822/Source/sd_common/softdevice_handler.o
 .debug_macro   0x0000c307      0x2a8 nrf51_sdk/nrf51822/Source/app_common/app_timer.o
 .debug_macro   0x0000c5af       0x16 nrf51_sdk/nrf51822/Source/app_common/app_timer.o
 .debug_macro   0x0000c5c5       0x97 nrf51_sdk/nrf51822/Source/app_common/app_timer.o
 .debug_macro   0x0000c65c       0xef nrf51_sdk/nrf51822/Source/app_common/app_timer.o
 .debug_macro   0x0000c74b      0x976 nrf51_sdk/nrf51822/Source/app_common/app_timer.o
 .debug_macro   0x0000d0c1       0x28 nrf51_sdk/nrf51822/Source/app_common/app_timer.o
 .debug_macro   0x0000d0e9      0x33b src/main.o
 .debug_macro   0x0000d424       0x76 src/main.o
 .debug_macro   0x0000d49a       0xbe src/main.o
 .debug_macro   0x0000d558       0x1c src/main.o
 .debug_macro   0x0000d574       0x28 src/main.o
 .debug_macro   0x0000d59c       0x16 src/main.o
 .debug_macro   0x0000d5b2      0x425 src/main.o
 .debug_macro   0x0000d9d7       0xd0 system_nrf51.o
 .debug_macro   0x0000daa7       0xe9 src/uart.o
 .debug_macro   0x0000db90       0xfa src/syslink.o
 .debug_macro   0x0000dc8a       0x70 src/syslink.o
 .debug_macro   0x0000dcfa      0x146 src/pm.o
 .debug_macro   0x0000de40       0x22 src/pm.o
 .debug_macro   0x0000de62       0x22 src/pm.o
 .debug_macro   0x0000de84       0xbd src/systick.o
 .debug_macro   0x0000df41       0xf6 src/button.o
 .debug_macro   0x0000e037       0xf3 src/swd.o
 .debug_macro   0x0000e12a      0x179 src/ow.o
 .debug_macro   0x0000e2a3       0x10 src/ow.o
 .debug_macro   0x0000e2b3      0x23b src/ow.o
 .debug_macro   0x0000e4ee      0x207 src/ow/owlnk.o
 .debug_macro   0x0000e6f5      0x150 src/ow/ownet.o
 .debug_macro   0x0000e845      0x14a src/ow/owtran.o
 .debug_macro   0x0000e98f      0x14a src/ow/crcutil.o
 .debug_macro   0x0000ead9      0x1a7 src/ds2431.o
 .debug_macro   0x0000ec80      0x1cf src/ds28e05.o
 .debug_macro   0x0000ee4f      0x234 src/esb.o
 .debug_macro   0x0000f083       0x16 src/esb.o
 .debug_macro   0x0000f099      0x1d2 src/memory.o
 .debug_macro   0x0000f26b       0x10 src/memory.o

.debug_line     0x00000000     0x6622
 .debug_line    0x00000000      0x8b4 src/ble/ble.o
 .debug_line    0x000008b4      0x494 src/ble/ble_crazyflies.o
 .debug_line    0x00000d48      0x3cd src/ble/timeslot.o
 .debug_line    0x00001115      0x5cc nrf51_sdk/nrf51822/Source/ble/ble_advdata.o
 .debug_line    0x000016e1      0x59f nrf51_sdk/nrf51822/Source/ble/ble_conn_params.o
 .debug_line    0x00001c80      0x393 nrf51_sdk/nrf51822/Source/ble/ble_services/ble_srv_common.o
 .debug_line    0x00002013      0x4c1 nrf51_sdk/nrf51822/Source/ble/ble_services/ble_dis.o
 .debug_line    0x000024d4      0x67e nrf51_sdk/nrf51822/Source/sd_common/softdevice_handler.o
 .debug_line    0x00002b52      0x771 nrf51_sdk/nrf51822/Source/app_common/app_timer.o
 .debug_line    0x000032c3      0x712 src/main.o
 .debug_line    0x000039d5      0x21a system_nrf51.o
 .debug_line    0x00003bef      0x289 src/uart.o
 .debug_line    0x00003e78      0x285 src/syslink.o
 .debug_line    0x000040fd      0x3d2 src/pm.o
 .debug_line    0x000044cf      0x1ee src/systick.o
 .debug_line    0x000046bd      0x23f src/button.o
 .debug_line    0x000048fc      0x259 src/swd.o
 .debug_line    0x00004b55      0x2b6 src/ow.o
 .debug_line    0x00004e0b      0x385 src/ow/owlnk.o
 .debug_line    0x00005190      0x352 src/ow/ownet.o
 .debug_line    0x000054e2      0x227 src/ow/owtran.o
 .debug_line    0x00005709      0x1f8 src/ow/crcutil.o
 .debug_line    0x00005901      0x298 src/ds2431.o
 .debug_line    0x00005b99      0x2b6 src/ds28e05.o
 .debug_line    0x00005e4f      0x531 src/esb.o
 .debug_line    0x00006380      0x2a2 src/memory.o

.debug_str      0x00000000    0x407fa
 .debug_str     0x00000000    0x3b407 src/ble/ble.o
                              0x3b893 (size before relaxing)
 .debug_str     0x0003b407      0x28d src/ble/ble_crazyflies.o
                               0xb1f5 (size before relaxing)
 .debug_str     0x0003b694      0x54a src/ble/timeslot.o
                              0x32fc2 (size before relaxing)
 .debug_str     0x0003bbde      0x29e nrf51_sdk/nrf51822/Source/ble/ble_advdata.o
                               0xbb7f (size before relaxing)
 .debug_str     0x0003be7c      0x6ab nrf51_sdk/nrf51822/Source/ble/ble_conn_params.o
                               0xdc75 (size before relaxing)
 .debug_str     0x0003c527       0xd8 nrf51_sdk/nrf51822/Source/ble/ble_services/ble_srv_common.o
                               0xa54e (size before relaxing)
 .debug_str     0x0003c5ff      0x17a nrf51_sdk/nrf51822/Source/ble/ble_services/ble_dis.o
                               0xb60f (size before relaxing)
 .debug_str     0x0003c779      0x216 nrf51_sdk/nrf51822/Source/sd_common/softdevice_handler.o
                              0x358c8 (size before relaxing)
 .debug_str     0x0003c98f      0xbfd nrf51_sdk/nrf51822/Source/app_common/app_timer.o
                              0x34c4b (size before relaxing)
 .debug_str     0x0003d58c     0x1cab src/main.o
                              0x39dcf (size before relaxing)
 .debug_str     0x0003f237       0xf0 system_nrf51.o
                              0x2ecf0 (size before relaxing)
 .debug_str     0x0003f327      0x1e9 src/uart.o
                              0x2f306 (size before relaxing)
 .debug_str     0x0003f510       0xde src/syslink.o
                              0x2f112 (size before relaxing)